13:38:00 DEBUG : Logs will be stored at '/home/sogang/ppe_fpga_ho/vitis_workspace/IDE.log'.
13:38:04 INFO  : Launching XSCT server: xsct -n  -interactive /home/sogang/ppe_fpga_ho/vitis_workspace/temp_xsdb_launch_script.tcl
13:38:04 INFO  : Registering command handlers for Vitis TCF services
13:38:08 INFO  : Platform repository initialization has completed.
13:38:12 INFO  : XSCT server has started successfully.
13:38:17 INFO  : plnx-install-location is set to ''
13:38:17 INFO  : Successfully done setting XSCT server connection channel  
13:38:17 INFO  : Successfully done query RDI_DATADIR 
13:38:17 INFO  : Successfully done setting workspace for the tool. 
13:47:01 INFO  : Result from executing command 'getProjects': ppe_dma_platform
13:47:01 INFO  : Result from executing command 'getPlatforms': xilinx_vck190_base_202220_1|/tools/Xilinx/Vitis/2022.2/base_platforms/xilinx_vck190_base_202220_1/xilinx_vck190_base_202220_1.xpfm;xilinx_vck190_base_dfx_202220_1|/tools/Xilinx/Vitis/2022.2/base_platforms/xilinx_vck190_base_dfx_202220_1/xilinx_vck190_base_dfx_202220_1.xpfm;xilinx_vmk180_base_202220_1|/tools/Xilinx/Vitis/2022.2/base_platforms/xilinx_vmk180_base_202220_1/xilinx_vmk180_base_202220_1.xpfm;xilinx_zcu102_base_202220_1|/tools/Xilinx/Vitis/2022.2/base_platforms/xilinx_zcu102_base_202220_1/xilinx_zcu102_base_202220_1.xpfm;xilinx_zcu102_base_dfx_202220_1|/tools/Xilinx/Vitis/2022.2/base_platforms/xilinx_zcu102_base_dfx_202220_1/xilinx_zcu102_base_dfx_202220_1.xpfm;xilinx_zcu104_base_202220_1|/tools/Xilinx/Vitis/2022.2/base_platforms/xilinx_zcu104_base_202220_1/xilinx_zcu104_base_202220_1.xpfm
13:47:53 INFO  : Result from executing command 'getProjects': ppe_dma_platform
13:47:53 INFO  : Result from executing command 'getPlatforms': ppe_dma_platform|/home/sogang/ppe_fpga_ho/vitis_workspace/ppe_dma_platform/export/ppe_dma_platform/ppe_dma_platform.xpfm;xilinx_vck190_base_202220_1|/tools/Xilinx/Vitis/2022.2/base_platforms/xilinx_vck190_base_202220_1/xilinx_vck190_base_202220_1.xpfm;xilinx_vck190_base_dfx_202220_1|/tools/Xilinx/Vitis/2022.2/base_platforms/xilinx_vck190_base_dfx_202220_1/xilinx_vck190_base_dfx_202220_1.xpfm;xilinx_vmk180_base_202220_1|/tools/Xilinx/Vitis/2022.2/base_platforms/xilinx_vmk180_base_202220_1/xilinx_vmk180_base_202220_1.xpfm;xilinx_zcu102_base_202220_1|/tools/Xilinx/Vitis/2022.2/base_platforms/xilinx_zcu102_base_202220_1/xilinx_zcu102_base_202220_1.xpfm;xilinx_zcu102_base_dfx_202220_1|/tools/Xilinx/Vitis/2022.2/base_platforms/xilinx_zcu102_base_dfx_202220_1/xilinx_zcu102_base_dfx_202220_1.xpfm;xilinx_zcu104_base_202220_1|/tools/Xilinx/Vitis/2022.2/base_platforms/xilinx_zcu104_base_202220_1/xilinx_zcu104_base_202220_1.xpfm
14:08:59 INFO  : Checking for BSP changes to sync application flags for project 'dma_loopback'...
14:09:01 ERROR : (XSDB Server)readelf: Error: '/home/sogang/ppe_fpga_ho/vitis_workspace/ppe_dma_platform/export/ppe_dma_platform/sw/fsbl.elf': No such file

14:12:15 INFO  : Connected to target on host '127.0.0.1' and port '3121'.
14:12:24 INFO  : ----------------XSDB Script----------------
connect -url tcp:127.0.0.1:3121
----------------End of Script----------------

14:12:24 ERROR : Could not find ARM device on the board for connection 'Local'.
Check if the target is in:
1. Split JTAG - No operations are possible with ARM DAP.
2. Non JTAG bootmode - Bootrom may need time to enable DAP.
Please try again.


Troubleshooting hints:
1. Check whether board is connected to system properly.
2. In case of zynq board, check whether Digilent/Xilinx cable switch settings are correct.
3. If you are using Xilinx Platform Cable USB, ensure that status LED is green.
14:30:12 INFO  : Checking for BSP changes to sync application flags for project 'dma_loopback'...
14:37:41 INFO  : Connected to target on host '127.0.0.1' and port '3121'.
14:37:41 INFO  : Jtag cable 'Xilinx X-MLCC-01 XFL1B0UROSCPA' is selected.
14:37:41 INFO  : 'jtag frequency' command is executed.
14:37:41 INFO  : Sourcing of '/tools/Xilinx/Vitis/2022.2/scripts/vitis/util/zynqmp_utils.tcl' is done.
14:37:41 INFO  : Context for 'APU' is selected.
14:37:41 INFO  : System reset is completed.
14:37:44 INFO  : 'after 3000' command is executed.
14:37:44 INFO  : 'targets -set -filter {jtag_cable_name =~ "Xilinx X-MLCC-01 XFL1B0UROSCPA" && level==0 && jtag_device_ctx=="jsn-X-MLCC-01-XFL1B0UROSCPA-04724093-0"}' command is executed.
14:37:49 INFO  : Device configured successfully with "/home/sogang/ppe_fpga_ho/vitis_workspace/dma_loopback/_ide/bitstream/dma_passthrough.bit"
14:37:49 INFO  : Context for 'APU' is selected.
14:37:49 INFO  : Hardware design and registers information is loaded from '/home/sogang/ppe_fpga_ho/vitis_workspace/ppe_dma_platform/export/ppe_dma_platform/hw/dma_passthrough.xsa'.
14:37:49 INFO  : 'configparams force-mem-access 1' command is executed.
14:37:49 INFO  : Context for 'APU' is selected.
14:37:49 INFO  : Boot mode is read from the target.
14:37:51 INFO  : Boot mode of the target is set to jtag.
14:37:51 INFO  : Context for processor 'psu_cortexa53_0' is selected.
14:37:51 INFO  : Processor reset is completed for 'psu_cortexa53_0'.
14:37:51 INFO  : The application '/home/sogang/ppe_fpga_ho/vitis_workspace/ppe_dma_platform/export/ppe_dma_platform/sw/ppe_dma_platform/boot/fsbl.elf' is downloaded to processor 'psu_cortexa53_0'.
14:37:51 INFO  : 'set bp_37_51_fsbl_bp [bpadd -addr &XFsbl_Exit]' command is executed.
14:37:52 INFO  : 'con -block -timeout 60' command is executed.
14:37:52 INFO  : 'bpremove $bp_37_51_fsbl_bp' command is executed.
14:37:52 INFO  : Context for processor 'psu_cortexa53_0' is selected.
14:37:52 INFO  : Processor reset is completed for 'psu_cortexa53_0'.
14:37:53 INFO  : The application '/home/sogang/ppe_fpga_ho/vitis_workspace/dma_loopback/Debug/dma_loopback.elf' is downloaded to processor 'psu_cortexa53_0'.
14:37:53 INFO  : 'configparams force-mem-access 0' command is executed.
14:37:53 INFO  : ----------------XSDB Script----------------
connect -url tcp:127.0.0.1:3121
source /tools/Xilinx/Vitis/2022.2/scripts/vitis/util/zynqmp_utils.tcl
targets -set -nocase -filter {name =~"APU*"}
rst -system
after 3000
targets -set -filter {jtag_cable_name =~ "Xilinx X-MLCC-01 XFL1B0UROSCPA" && level==0 && jtag_device_ctx=="jsn-X-MLCC-01-XFL1B0UROSCPA-04724093-0"}
fpga -file /home/sogang/ppe_fpga_ho/vitis_workspace/dma_loopback/_ide/bitstream/dma_passthrough.bit
targets -set -nocase -filter {name =~"APU*"}
loadhw -hw /home/sogang/ppe_fpga_ho/vitis_workspace/ppe_dma_platform/export/ppe_dma_platform/hw/dma_passthrough.xsa -mem-ranges [list {0x80000000 0xbfffffff} {0x400000000 0x5ffffffff} {0x1000000000 0x7fffffffff}] -regs
configparams force-mem-access 1
targets -set -nocase -filter {name =~"APU*"}
set mode [expr [mrd -value 0xFF5E0200] & 0xf]
mask_write 0xFF5E0200 0xf000 0
targets -set -nocase -filter {name =~ "*A53*#0"}
rst -processor
dow /home/sogang/ppe_fpga_ho/vitis_workspace/ppe_dma_platform/export/ppe_dma_platform/sw/ppe_dma_platform/boot/fsbl.elf
set bp_37_51_fsbl_bp [bpadd -addr &XFsbl_Exit]
con -block -timeout 60
bpremove $bp_37_51_fsbl_bp
targets -set -nocase -filter {name =~ "*A53*#0"}
rst -processor
dow /home/sogang/ppe_fpga_ho/vitis_workspace/dma_loopback/Debug/dma_loopback.elf
configparams force-mem-access 0
----------------End of Script----------------

14:37:53 INFO  : Context for processor 'psu_cortexa53_0' is selected.
14:37:53 INFO  : 'con' command is executed.
14:37:53 INFO  : ----------------XSDB Script (After Launch)----------------
targets -set -nocase -filter {name =~ "*A53*#0"}
con
----------------End of Script----------------

14:37:53 INFO  : Launch script is exported to file '/home/sogang/ppe_fpga_ho/vitis_workspace/dma_loopback_system/_ide/scripts/debugger_dma_loopback-default.tcl'
14:44:55 INFO  : Checking for BSP changes to sync application flags for project 'dma_loopback'...
14:44:57 ERROR : (XSDB Server)readelf: Error: '/home/sogang/ppe_fpga_ho/vitis_workspace/ppe_dma_platform/export/ppe_dma_platform/sw/fsbl.elf': No such file

14:46:27 INFO  : Disconnected from the channel tcfchan#5.
14:46:28 INFO  : Connected to target on host '127.0.0.1' and port '3121'.
14:46:28 INFO  : Jtag cable 'Xilinx X-MLCC-01 XFL1B0UROSCPA' is selected.
14:46:28 INFO  : 'jtag frequency' command is executed.
14:46:28 INFO  : Sourcing of '/tools/Xilinx/Vitis/2022.2/scripts/vitis/util/zynqmp_utils.tcl' is done.
14:46:28 INFO  : Context for 'APU' is selected.
14:46:28 INFO  : System reset is completed.
14:46:31 INFO  : 'after 3000' command is executed.
14:46:31 INFO  : 'targets -set -filter {jtag_cable_name =~ "Xilinx X-MLCC-01 XFL1B0UROSCPA" && level==0 && jtag_device_ctx=="jsn-X-MLCC-01-XFL1B0UROSCPA-04724093-0"}' command is executed.
14:46:36 INFO  : Device configured successfully with "/home/sogang/ppe_fpga_ho/vitis_workspace/dma_loopback/_ide/bitstream/dma_passthrough.bit"
14:46:36 INFO  : Context for 'APU' is selected.
14:46:36 INFO  : Hardware design and registers information is loaded from '/home/sogang/ppe_fpga_ho/vitis_workspace/ppe_dma_platform/export/ppe_dma_platform/hw/dma_passthrough.xsa'.
14:46:36 INFO  : 'configparams force-mem-access 1' command is executed.
14:46:36 INFO  : Context for 'APU' is selected.
14:46:36 INFO  : Boot mode is read from the target.
14:46:37 INFO  : Boot mode of the target is set to jtag.
14:46:37 INFO  : Context for processor 'psu_cortexa53_0' is selected.
14:46:37 INFO  : Processor reset is completed for 'psu_cortexa53_0'.
14:46:38 INFO  : The application '/home/sogang/ppe_fpga_ho/vitis_workspace/ppe_dma_platform/export/ppe_dma_platform/sw/ppe_dma_platform/boot/fsbl.elf' is downloaded to processor 'psu_cortexa53_0'.
14:46:38 INFO  : 'set bp_46_38_fsbl_bp [bpadd -addr &XFsbl_Exit]' command is executed.
14:46:39 INFO  : 'con -block -timeout 60' command is executed.
14:46:39 INFO  : 'bpremove $bp_46_38_fsbl_bp' command is executed.
14:46:39 INFO  : Context for processor 'psu_cortexa53_0' is selected.
14:46:39 INFO  : Processor reset is completed for 'psu_cortexa53_0'.
14:46:39 INFO  : The application '/home/sogang/ppe_fpga_ho/vitis_workspace/dma_loopback/Debug/dma_loopback.elf' is downloaded to processor 'psu_cortexa53_0'.
14:46:39 INFO  : 'configparams force-mem-access 0' command is executed.
14:46:39 INFO  : ----------------XSDB Script----------------
connect -url tcp:127.0.0.1:3121
source /tools/Xilinx/Vitis/2022.2/scripts/vitis/util/zynqmp_utils.tcl
targets -set -nocase -filter {name =~"APU*"}
rst -system
after 3000
targets -set -filter {jtag_cable_name =~ "Xilinx X-MLCC-01 XFL1B0UROSCPA" && level==0 && jtag_device_ctx=="jsn-X-MLCC-01-XFL1B0UROSCPA-04724093-0"}
fpga -file /home/sogang/ppe_fpga_ho/vitis_workspace/dma_loopback/_ide/bitstream/dma_passthrough.bit
targets -set -nocase -filter {name =~"APU*"}
loadhw -hw /home/sogang/ppe_fpga_ho/vitis_workspace/ppe_dma_platform/export/ppe_dma_platform/hw/dma_passthrough.xsa -mem-ranges [list {0x80000000 0xbfffffff} {0x400000000 0x5ffffffff} {0x1000000000 0x7fffffffff}] -regs
configparams force-mem-access 1
targets -set -nocase -filter {name =~"APU*"}
set mode [expr [mrd -value 0xFF5E0200] & 0xf]
mask_write 0xFF5E0200 0xf000 0
targets -set -nocase -filter {name =~ "*A53*#0"}
rst -processor
dow /home/sogang/ppe_fpga_ho/vitis_workspace/ppe_dma_platform/export/ppe_dma_platform/sw/ppe_dma_platform/boot/fsbl.elf
set bp_46_38_fsbl_bp [bpadd -addr &XFsbl_Exit]
con -block -timeout 60
bpremove $bp_46_38_fsbl_bp
targets -set -nocase -filter {name =~ "*A53*#0"}
rst -processor
dow /home/sogang/ppe_fpga_ho/vitis_workspace/dma_loopback/Debug/dma_loopback.elf
configparams force-mem-access 0
----------------End of Script----------------

14:46:39 INFO  : Context for processor 'psu_cortexa53_0' is selected.
14:46:39 INFO  : 'con' command is executed.
14:46:39 INFO  : ----------------XSDB Script (After Launch)----------------
targets -set -nocase -filter {name =~ "*A53*#0"}
con
----------------End of Script----------------

14:46:39 INFO  : Launch script is exported to file '/home/sogang/ppe_fpga_ho/vitis_workspace/dma_loopback_system/_ide/scripts/systemdebugger_dma_loopback_system_standalone.tcl'
14:49:22 ERROR : (XSDB Server)Cannot halt processor core, timeout

14:49:55 ERROR : (XSDB Server)invalid command name "get_bd_pins"

15:11:42 INFO  : Hardware specification for platform project 'ppe_dma_platform' is updated.
15:14:54 INFO  : Checking for BSP changes to sync application flags for project 'dma_loopback'...
15:14:54 INFO  : Launching XSCT server: xsct -n  -interactive /home/sogang/ppe_fpga_ho/vitis_workspace/temp_xsdb_launch_script.tcl
15:14:55 INFO  : XSCT server has started successfully.
15:14:56 WARN  : Failed to closehw "/home/sogang/ppe_fpga_ho/vitis_workspace/ppe_dma_platform/export/ppe_dma_platform/hw/dma_passthrough.xsa"
Reason: Invalid workspace. set workspace using setws command
15:14:56 ERROR : Failed to openhw "/home/sogang/ppe_fpga_ho/vitis_workspace/ppe_dma_platform/export/ppe_dma_platform/hw/dma_passthrough.xsa"
Reason: Invalid workspace. set workspace using setws command
15:14:56 ERROR : Failed to update application flags from BSP for 'dma_loopback'. Reason: null
java.lang.NullPointerException: null
	at com.xilinx.sdx.sw.internal.SDxSwPlatform.<init>(SDxSwPlatform.java:305) ~[com.xilinx.sdx.sw_1.0.0.202210132147.jar:?]
	at com.xilinx.sdx.sw.internal.SDxSwPlatform.create(SDxSwPlatform.java:214) ~[com.xilinx.sdx.sw_1.0.0.202210132147.jar:?]
	at com.xilinx.sdx.sdk.core.util.SdkPlatformHelper.getSwPlatform(SdkPlatformHelper.java:64) ~[com.xilinx.sdx.sdk.core_1.0.0.202210132147.jar:?]
	at com.xilinx.sdx.sdk.core.build.SdkMakefileGenerationListener.getSwPlatform(SdkMakefileGenerationListener.java:160) ~[com.xilinx.sdx.sdk.core_1.0.0.202210132147.jar:?]
	at com.xilinx.sdx.sdk.core.build.SdkMakefileGenerationListener.syncAppFlags(SdkMakefileGenerationListener.java:78) [com.xilinx.sdx.sdk.core_1.0.0.202210132147.jar:?]
	at com.xilinx.sdx.sdk.core.build.SdkMakefileGenerationListener.preMakefileGeneration(SdkMakefileGenerationListener.java:48) [com.xilinx.sdx.sdk.core_1.0.0.202210132147.jar:?]
	at com.xilinx.sdk.managedbuilder.XilinxGnuMakefileGenerator.notifyPreMakefileGenerationListeners(XilinxGnuMakefileGenerator.java:91) [com.xilinx.sdk.managedbuilder_1.0.0.202210132147.jar:?]
	at com.xilinx.sdk.managedbuilder.XilinxGnuMakefileGenerator.generateMakefiles(XilinxGnuMakefileGenerator.java:40) [com.xilinx.sdk.managedbuilder_1.0.0.202210132147.jar:?]
	at org.eclipse.cdt.managedbuilder.internal.core.CommonBuilder.performMakefileGeneration(CommonBuilder.java:1008) [org.eclipse.cdt.managedbuilder.core_8.6.0.201802261533.jar:?]
	at org.eclipse.cdt.managedbuilder.internal.core.CommonBuilder.performPrebuildGeneration(CommonBuilder.java:873) [org.eclipse.cdt.managedbuilder.core_8.6.0.201802261533.jar:?]
	at org.eclipse.cdt.managedbuilder.internal.core.CommonBuilder.build(CommonBuilder.java:748) [org.eclipse.cdt.managedbuilder.core_8.6.0.201802261533.jar:?]
	at org.eclipse.cdt.managedbuilder.internal.core.CommonBuilder.build(CommonBuilder.java:510) [org.eclipse.cdt.managedbuilder.core_8.6.0.201802261533.jar:?]
	at org.eclipse.cdt.managedbuilder.internal.core.CommonBuilder.build(CommonBuilder.java:459) [org.eclipse.cdt.managedbuilder.core_8.6.0.201802261533.jar:?]
	at org.eclipse.core.internal.events.BuildManager$2.run(BuildManager.java:832) [org.eclipse.core.resources_3.13.700.v20200209-1624.jar:?]
	at org.eclipse.core.runtime.SafeRunner.run(SafeRunner.java:45) [org.eclipse.equinox.common_3.11.0.v20200206-0817.jar:?]
	at org.eclipse.core.internal.events.BuildManager.basicBuild(BuildManager.java:220) [org.eclipse.core.resources_3.13.700.v20200209-1624.jar:?]
	at org.eclipse.core.internal.events.BuildManager.basicBuild(BuildManager.java:263) [org.eclipse.core.resources_3.13.700.v20200209-1624.jar:?]
	at org.eclipse.core.internal.events.BuildManager$1.run(BuildManager.java:316) [org.eclipse.core.resources_3.13.700.v20200209-1624.jar:?]
	at org.eclipse.core.runtime.SafeRunner.run(SafeRunner.java:45) [org.eclipse.equinox.common_3.11.0.v20200206-0817.jar:?]
	at org.eclipse.core.internal.events.BuildManager.basicBuild(BuildManager.java:319) [org.eclipse.core.resources_3.13.700.v20200209-1624.jar:?]
	at org.eclipse.core.internal.events.BuildManager.basicBuildLoop(BuildManager.java:371) [org.eclipse.core.resources_3.13.700.v20200209-1624.jar:?]
	at org.eclipse.core.internal.events.BuildManager.build(BuildManager.java:392) [org.eclipse.core.resources_3.13.700.v20200209-1624.jar:?]
	at org.eclipse.core.internal.resources.Workspace.buildInternal(Workspace.java:515) [org.eclipse.core.resources_3.13.700.v20200209-1624.jar:?]
	at org.eclipse.core.internal.resources.Workspace.build(Workspace.java:412) [org.eclipse.core.resources_3.13.700.v20200209-1624.jar:?]
	at org.eclipse.ui.actions.BuildAction$1.runInWorkspace(BuildAction.java:291) [org.eclipse.ui.ide_3.17.0.v20200217-1511.jar:?]
	at org.eclipse.core.internal.resources.InternalWorkspaceJob.run(InternalWorkspaceJob.java:42) [org.eclipse.core.resources_3.13.700.v20200209-1624.jar:?]
	at org.eclipse.core.internal.jobs.Worker.run(Worker.java:63) [org.eclipse.core.jobs_3.10.700.v20200106-1020.jar:?]
15:14:56 ERROR : Failed to compute checksum of hardware specification file used by project 'dma_loopback'
15:14:56 ERROR : Failed to openhw "/home/sogang/ppe_fpga_ho/vitis_workspace/ppe_dma_platform/export/ppe_dma_platform/hw/dma_passthrough.xsa"
Reason: Invalid workspace. set workspace using setws command
15:14:56 ERROR : Failed to openhw "/home/sogang/ppe_fpga_ho/vitis_workspace/ppe_dma_platform/export/ppe_dma_platform/hw/dma_passthrough.xsa"
Reason: Invalid workspace. set workspace using setws command
15:14:56 ERROR : Failed to openhw "/home/sogang/ppe_fpga_ho/vitis_workspace/ppe_dma_platform/export/ppe_dma_platform/hw/dma_passthrough.xsa"
Reason: Invalid workspace. set workspace using setws command
15:16:45 INFO  : Checking for BSP changes to sync application flags for project 'dma_loopback'...
15:16:45 ERROR : Failed to openhw "/home/sogang/ppe_fpga_ho/vitis_workspace/ppe_dma_platform/export/ppe_dma_platform/hw/dma_passthrough.xsa"
Reason: Invalid workspace. set workspace using setws command
15:16:45 ERROR : Failed to update application flags from BSP for 'dma_loopback'. Reason: null
java.lang.NullPointerException: null
	at com.xilinx.sdx.sw.internal.SDxSwPlatform.<init>(SDxSwPlatform.java:305) ~[com.xilinx.sdx.sw_1.0.0.202210132147.jar:?]
	at com.xilinx.sdx.sw.internal.SDxSwPlatform.create(SDxSwPlatform.java:214) ~[com.xilinx.sdx.sw_1.0.0.202210132147.jar:?]
	at com.xilinx.sdx.sdk.core.util.SdkPlatformHelper.getSwPlatform(SdkPlatformHelper.java:64) ~[com.xilinx.sdx.sdk.core_1.0.0.202210132147.jar:?]
	at com.xilinx.sdx.sdk.core.build.SdkMakefileGenerationListener.getSwPlatform(SdkMakefileGenerationListener.java:160) ~[com.xilinx.sdx.sdk.core_1.0.0.202210132147.jar:?]
	at com.xilinx.sdx.sdk.core.build.SdkMakefileGenerationListener.syncAppFlags(SdkMakefileGenerationListener.java:78) [com.xilinx.sdx.sdk.core_1.0.0.202210132147.jar:?]
	at com.xilinx.sdx.sdk.core.build.SdkMakefileGenerationListener.preMakefileGeneration(SdkMakefileGenerationListener.java:48) [com.xilinx.sdx.sdk.core_1.0.0.202210132147.jar:?]
	at com.xilinx.sdk.managedbuilder.XilinxGnuMakefileGenerator.notifyPreMakefileGenerationListeners(XilinxGnuMakefileGenerator.java:91) [com.xilinx.sdk.managedbuilder_1.0.0.202210132147.jar:?]
	at com.xilinx.sdk.managedbuilder.XilinxGnuMakefileGenerator.generateMakefiles(XilinxGnuMakefileGenerator.java:40) [com.xilinx.sdk.managedbuilder_1.0.0.202210132147.jar:?]
	at org.eclipse.cdt.managedbuilder.internal.core.CommonBuilder.performMakefileGeneration(CommonBuilder.java:1008) [org.eclipse.cdt.managedbuilder.core_8.6.0.201802261533.jar:?]
	at org.eclipse.cdt.managedbuilder.internal.core.CommonBuilder.performPrebuildGeneration(CommonBuilder.java:873) [org.eclipse.cdt.managedbuilder.core_8.6.0.201802261533.jar:?]
	at org.eclipse.cdt.managedbuilder.internal.core.CommonBuilder.build(CommonBuilder.java:748) [org.eclipse.cdt.managedbuilder.core_8.6.0.201802261533.jar:?]
	at org.eclipse.cdt.managedbuilder.internal.core.CommonBuilder.build(CommonBuilder.java:510) [org.eclipse.cdt.managedbuilder.core_8.6.0.201802261533.jar:?]
	at org.eclipse.cdt.managedbuilder.internal.core.CommonBuilder.build(CommonBuilder.java:459) [org.eclipse.cdt.managedbuilder.core_8.6.0.201802261533.jar:?]
	at org.eclipse.core.internal.events.BuildManager$2.run(BuildManager.java:832) [org.eclipse.core.resources_3.13.700.v20200209-1624.jar:?]
	at org.eclipse.core.runtime.SafeRunner.run(SafeRunner.java:45) [org.eclipse.equinox.common_3.11.0.v20200206-0817.jar:?]
	at org.eclipse.core.internal.events.BuildManager.basicBuild(BuildManager.java:220) [org.eclipse.core.resources_3.13.700.v20200209-1624.jar:?]
	at org.eclipse.core.internal.events.BuildManager.basicBuild(BuildManager.java:263) [org.eclipse.core.resources_3.13.700.v20200209-1624.jar:?]
	at org.eclipse.core.internal.events.BuildManager$1.run(BuildManager.java:316) [org.eclipse.core.resources_3.13.700.v20200209-1624.jar:?]
	at org.eclipse.core.runtime.SafeRunner.run(SafeRunner.java:45) [org.eclipse.equinox.common_3.11.0.v20200206-0817.jar:?]
	at org.eclipse.core.internal.events.BuildManager.basicBuild(BuildManager.java:319) [org.eclipse.core.resources_3.13.700.v20200209-1624.jar:?]
	at org.eclipse.core.internal.events.BuildManager.basicBuildLoop(BuildManager.java:371) [org.eclipse.core.resources_3.13.700.v20200209-1624.jar:?]
	at org.eclipse.core.internal.events.BuildManager.build(BuildManager.java:392) [org.eclipse.core.resources_3.13.700.v20200209-1624.jar:?]
	at org.eclipse.core.internal.resources.Workspace.buildInternal(Workspace.java:515) [org.eclipse.core.resources_3.13.700.v20200209-1624.jar:?]
	at org.eclipse.core.internal.resources.Workspace.build(Workspace.java:412) [org.eclipse.core.resources_3.13.700.v20200209-1624.jar:?]
	at org.eclipse.ui.actions.BuildAction$1.runInWorkspace(BuildAction.java:291) [org.eclipse.ui.ide_3.17.0.v20200217-1511.jar:?]
	at org.eclipse.core.internal.resources.InternalWorkspaceJob.run(InternalWorkspaceJob.java:42) [org.eclipse.core.resources_3.13.700.v20200209-1624.jar:?]
	at org.eclipse.core.internal.jobs.Worker.run(Worker.java:63) [org.eclipse.core.jobs_3.10.700.v20200106-1020.jar:?]
15:16:45 ERROR : Failed to compute checksum of hardware specification file used by project 'dma_loopback'
15:16:45 ERROR : Failed to openhw "/home/sogang/ppe_fpga_ho/vitis_workspace/ppe_dma_platform/export/ppe_dma_platform/hw/dma_passthrough.xsa"
Reason: Invalid workspace. set workspace using setws command
15:16:45 ERROR : Failed to openhw "/home/sogang/ppe_fpga_ho/vitis_workspace/ppe_dma_platform/export/ppe_dma_platform/hw/dma_passthrough.xsa"
Reason: Invalid workspace. set workspace using setws command
15:16:45 ERROR : Failed to openhw "/home/sogang/ppe_fpga_ho/vitis_workspace/ppe_dma_platform/export/ppe_dma_platform/hw/dma_passthrough.xsa"
Reason: Invalid workspace. set workspace using setws command
15:18:20 WARN  : channel "tcfchan#7" closed
15:19:05 DEBUG : Logs will be stored at '/home/sogang/ppe_fpga_ho/vitis_workspace/IDE.log'.
15:19:06 INFO  : Launching XSCT server: xsct -n  -interactive /home/sogang/ppe_fpga_ho/vitis_workspace/temp_xsdb_launch_script.tcl
15:19:07 INFO  : XSCT server has started successfully.
15:19:07 INFO  : Successfully done setting XSCT server connection channel  
15:19:07 INFO  : plnx-install-location is set to ''
15:19:07 INFO  : Successfully done setting workspace for the tool. 
15:19:08 INFO  : Platform repository initialization has completed.
15:19:08 INFO  : Successfully done query RDI_DATADIR 
15:19:09 INFO  : Registering command handlers for Vitis TCF services
15:23:43 INFO  : Result from executing command 'getProjects': ppe_dma_platform;ppe_dma_platform_v2
15:23:43 INFO  : Result from executing command 'getPlatforms': xilinx_vck190_base_202220_1|/tools/Xilinx/Vitis/2022.2/base_platforms/xilinx_vck190_base_202220_1/xilinx_vck190_base_202220_1.xpfm;xilinx_vck190_base_dfx_202220_1|/tools/Xilinx/Vitis/2022.2/base_platforms/xilinx_vck190_base_dfx_202220_1/xilinx_vck190_base_dfx_202220_1.xpfm;xilinx_vmk180_base_202220_1|/tools/Xilinx/Vitis/2022.2/base_platforms/xilinx_vmk180_base_202220_1/xilinx_vmk180_base_202220_1.xpfm;xilinx_zcu102_base_202220_1|/tools/Xilinx/Vitis/2022.2/base_platforms/xilinx_zcu102_base_202220_1/xilinx_zcu102_base_202220_1.xpfm;xilinx_zcu102_base_dfx_202220_1|/tools/Xilinx/Vitis/2022.2/base_platforms/xilinx_zcu102_base_dfx_202220_1/xilinx_zcu102_base_dfx_202220_1.xpfm;xilinx_zcu104_base_202220_1|/tools/Xilinx/Vitis/2022.2/base_platforms/xilinx_zcu104_base_202220_1/xilinx_zcu104_base_202220_1.xpfm
15:24:43 INFO  : Result from executing command 'getProjects': ppe_dma_platform;ppe_dma_platform_v2
15:24:43 INFO  : Result from executing command 'getPlatforms': ppe_dma_platform_v2|/home/sogang/ppe_fpga_ho/vitis_workspace/ppe_dma_platform_v2/export/ppe_dma_platform_v2/ppe_dma_platform_v2.xpfm;xilinx_vck190_base_202220_1|/tools/Xilinx/Vitis/2022.2/base_platforms/xilinx_vck190_base_202220_1/xilinx_vck190_base_202220_1.xpfm;xilinx_vck190_base_dfx_202220_1|/tools/Xilinx/Vitis/2022.2/base_platforms/xilinx_vck190_base_dfx_202220_1/xilinx_vck190_base_dfx_202220_1.xpfm;xilinx_vmk180_base_202220_1|/tools/Xilinx/Vitis/2022.2/base_platforms/xilinx_vmk180_base_202220_1/xilinx_vmk180_base_202220_1.xpfm;xilinx_zcu102_base_202220_1|/tools/Xilinx/Vitis/2022.2/base_platforms/xilinx_zcu102_base_202220_1/xilinx_zcu102_base_202220_1.xpfm;xilinx_zcu102_base_dfx_202220_1|/tools/Xilinx/Vitis/2022.2/base_platforms/xilinx_zcu102_base_dfx_202220_1/xilinx_zcu102_base_dfx_202220_1.xpfm;xilinx_zcu104_base_202220_1|/tools/Xilinx/Vitis/2022.2/base_platforms/xilinx_zcu104_base_202220_1/xilinx_zcu104_base_202220_1.xpfm
15:34:21 INFO  : Checking for BSP changes to sync application flags for project 'dma_loopback_v2'...
15:34:23 ERROR : (XSDB Server)readelf: Error: '/home/sogang/ppe_fpga_ho/vitis_workspace/ppe_dma_platform_v2/export/ppe_dma_platform_v2/sw/fsbl.elf': No such file

15:35:42 INFO  : Connected to target on host '127.0.0.1' and port '3121'.
15:35:43 INFO  : Jtag cable 'Xilinx X-MLCC-01 XFL1B0UROSCPA' is selected.
15:35:43 INFO  : 'jtag frequency' command is executed.
15:35:43 INFO  : Sourcing of '/tools/Xilinx/Vitis/2022.2/scripts/vitis/util/zynqmp_utils.tcl' is done.
15:35:43 INFO  : Context for 'APU' is selected.
15:35:43 INFO  : System reset is completed.
15:35:46 INFO  : 'after 3000' command is executed.
15:35:46 INFO  : 'targets -set -filter {jtag_cable_name =~ "Xilinx X-MLCC-01 XFL1B0UROSCPA" && level==0 && jtag_device_ctx=="jsn-X-MLCC-01-XFL1B0UROSCPA-04724093-0"}' command is executed.
15:35:51 INFO  : Device configured successfully with "/home/sogang/ppe_fpga_ho/vitis_workspace/dma_loopback_v2/_ide/bitstream/dma_passthrough.bit"
15:35:51 INFO  : Context for 'APU' is selected.
15:35:51 INFO  : Hardware design and registers information is loaded from '/home/sogang/ppe_fpga_ho/vitis_workspace/ppe_dma_platform_v2/export/ppe_dma_platform_v2/hw/dma_passthrough.xsa'.
15:35:51 INFO  : 'configparams force-mem-access 1' command is executed.
15:35:51 INFO  : Context for 'APU' is selected.
15:35:51 INFO  : Boot mode is read from the target.
15:35:52 INFO  : Boot mode of the target is set to jtag.
15:35:52 INFO  : Context for processor 'psu_cortexa53_0' is selected.
15:35:52 INFO  : Processor reset is completed for 'psu_cortexa53_0'.
15:35:53 INFO  : The application '/home/sogang/ppe_fpga_ho/vitis_workspace/ppe_dma_platform_v2/export/ppe_dma_platform_v2/sw/ppe_dma_platform_v2/boot/fsbl.elf' is downloaded to processor 'psu_cortexa53_0'.
15:35:53 INFO  : 'set bp_35_53_fsbl_bp [bpadd -addr &XFsbl_Exit]' command is executed.
15:35:54 INFO  : 'con -block -timeout 60' command is executed.
15:35:54 INFO  : 'bpremove $bp_35_53_fsbl_bp' command is executed.
15:35:54 INFO  : Context for processor 'psu_cortexa53_0' is selected.
15:35:54 INFO  : Processor reset is completed for 'psu_cortexa53_0'.
15:35:54 INFO  : The application '/home/sogang/ppe_fpga_ho/vitis_workspace/dma_loopback_v2/Debug/dma_loopback_v2.elf' is downloaded to processor 'psu_cortexa53_0'.
15:35:54 INFO  : 'configparams force-mem-access 0' command is executed.
15:35:54 INFO  : ----------------XSDB Script----------------
connect -url tcp:127.0.0.1:3121
source /tools/Xilinx/Vitis/2022.2/scripts/vitis/util/zynqmp_utils.tcl
targets -set -nocase -filter {name =~"APU*"}
rst -system
after 3000
targets -set -filter {jtag_cable_name =~ "Xilinx X-MLCC-01 XFL1B0UROSCPA" && level==0 && jtag_device_ctx=="jsn-X-MLCC-01-XFL1B0UROSCPA-04724093-0"}
fpga -file /home/sogang/ppe_fpga_ho/vitis_workspace/dma_loopback_v2/_ide/bitstream/dma_passthrough.bit
targets -set -nocase -filter {name =~"APU*"}
loadhw -hw /home/sogang/ppe_fpga_ho/vitis_workspace/ppe_dma_platform_v2/export/ppe_dma_platform_v2/hw/dma_passthrough.xsa -mem-ranges [list {0x80000000 0xbfffffff} {0x400000000 0x5ffffffff} {0x1000000000 0x7fffffffff}] -regs
configparams force-mem-access 1
targets -set -nocase -filter {name =~"APU*"}
set mode [expr [mrd -value 0xFF5E0200] & 0xf]
mask_write 0xFF5E0200 0xf000 0
targets -set -nocase -filter {name =~ "*A53*#0"}
rst -processor
dow /home/sogang/ppe_fpga_ho/vitis_workspace/ppe_dma_platform_v2/export/ppe_dma_platform_v2/sw/ppe_dma_platform_v2/boot/fsbl.elf
set bp_35_53_fsbl_bp [bpadd -addr &XFsbl_Exit]
con -block -timeout 60
bpremove $bp_35_53_fsbl_bp
targets -set -nocase -filter {name =~ "*A53*#0"}
rst -processor
dow /home/sogang/ppe_fpga_ho/vitis_workspace/dma_loopback_v2/Debug/dma_loopback_v2.elf
configparams force-mem-access 0
----------------End of Script----------------

15:35:54 INFO  : Context for processor 'psu_cortexa53_0' is selected.
15:35:54 INFO  : 'con' command is executed.
15:35:54 INFO  : ----------------XSDB Script (After Launch)----------------
targets -set -nocase -filter {name =~ "*A53*#0"}
con
----------------End of Script----------------

15:35:54 INFO  : Launch script is exported to file '/home/sogang/ppe_fpga_ho/vitis_workspace/dma_loopback_v2_system/_ide/scripts/debugger_dma_loopback_v2-default.tcl'
15:39:03 ERROR : (XSDB Server)Memory read error at 0xA0000000. Cortex-A53 #0: EDITR timeout

15:39:09 ERROR : (XSDB Server)Memory read error at 0xA0000030. Cannot read sctlr_el3. Cannot read r0. Cortex-A53 #0: EDITR not ready

15:43:08 ERROR : (XSDB Server)Memory read error at 0xA0010000. Cortex-A53 #0: EDITR timeout

17:38:28 ERROR : (XSDB Server)Memory read error at 0xA0010000. Cortex-A53 #0: EDITR timeout

17:38:34 ERROR : (XSDB Server)Memory read error at 0xA0000000. Cannot read sctlr_el3. Cannot read r0. Cortex-A53 #0: EDITR not ready

17:42:04 ERROR : (XSDB Server)Memory read error at 0xA0010000. Cortex-A53 #0: EDITR timeout

