****************************************
Report : qor
        -summary
Design : fsc_top
Version: V-2023.12-SP5
Date   : Thu Jul  2 09:31:13 2026
****************************************

Timing
---------------------------------------------------------------------------
Context                                 WNS            TNS            NVE
---------------------------------------------------------------------------
ss0p95v125c.func   (Setup)         -1489.63   -10825945.45          16930
Design             (Setup)         -1489.63   -10825945.45          16930

ss0p95v125c.func   (Hold)            -31.06       -2138.91           3509
Design             (Hold)            -31.06       -2138.91           3509
---------------------------------------------------------------------------

Miscellaneous
---------------------------------------------------------------------------
Cell Area (netlist):                         577164.69
Cell Area (netlist and physical only):       583091.84
Nets with DRC Violations:      209
1
