 Info: Initializing timer in CLOCK_SYN_REPORT_MODE
****************************************
Report : clock qor
        -type summary
        -show_paths
Design : fsc_top
Version: V-2023.12-SP5
Date   : Thu Jul  2 09:37:28 2026
****************************************

Attributes
===========
M Master Clock
G Generated Clock
& Internal Generated Clock
U User Defined Skew Group
D Default Skew Group
* Generated Clock Balanced Separately

==================================================
==== Summary Reporting for Corner ss0p95v125c ====
==================================================

========================================================= Summary Table for Corner ss0p95v125c =========================================================
Clock /                               Attrs     Sinks Levels    Clock     Clock     Clock       Max    Global  Trans DRC  Cap DRC      Wire
Skew Group                                                   Repeater  Repeater   Stdcell   Latency      Skew     Count     Count    Length
                                                                Count      Area      Area
--------------------------------------------------------------------------------------------------------------------------------------------------------
### Mode: func, Scenario: ss0p95v125c.func
system_clk                              M,D      7005     37      473   1363.23   3484.31      2.59      2.28         8         8  80705.54
 system_clk_div2                          G      3469     14      241    672.97   1870.25      0.76      0.76         1         5  45498.96
 i2c_clk                                  G      2208      8      115    363.93    903.23      0.52      0.34         1         0  19981.53
 flash_clk_gate                           G      1254      8       75    224.66    484.65      0.47      0.31         2         0  11535.17
 system_clk_int                           G        39      4        2      5.08     11.44      0.19      0.19         0         0    169.73
pll1_clk_in                             M,D      5129     30      332    985.06   2382.60      2.03      1.39        10         1  51658.69
 sdram_clk_gate                           G      5121     10      309    929.15   2274.59      0.50      0.33         7         0  48726.55
 sdram_clk                                G         0      0        0      0.00      0.00        --        --         0         0      0.00
test_clk                                M,D      3974     21      285    816.31   2221.98      1.06      0.57         3         7  54674.23
pll2_clk_in                             M,D       751     24       66    197.22    373.85      1.47      1.17         1         0   9937.66
 panel_clk_gate                           G       725      6       49    147.40    263.55      0.30      0.21         0         0   7225.30
 panel_clk_inv_gate                       G        18      1        0      0.00      0.00      0.00      0.00         0         0      0.00
 panel_clk_dly                            G         0      0        0      0.00      0.00        --        --         0         0      0.00
comp_clk                                M,D       499     23       44    140.29    298.62      1.34      0.93         4         2   9929.37
pixel_clk                               M,D       498     22       42    133.17    302.69      1.07      0.76         2         1   8015.79
 pixel_comp_clk_pix                       G         0      0        0      0.00      0.00        --        --         0         0      0.00
i2c_scl                                 M,D         0      0        0      0.00      0.00        --        --         0         0    604.19
--------------------------------------------------------------------------------------------------------------------------------------------------------
All Clocks                                      13384     37      914   2701.04   6564.54      2.59      2.28        25        10  152816.78


Warning: Please use -largest / -smallest / -all switches with -show_verbose_paths / -show_paths to report the clock paths. (CTS-956)
1
