
*** Running vivado
    with args -log dma_passthrough_proc_sys_reset_0_0.vds -m64 -product Vivado -mode batch -messageDb vivado.pb -notrace -source dma_passthrough_proc_sys_reset_0_0.tcl


****** Vivado v2022.2 (64-bit)
  **** SW Build 3671981 on Fri Oct 14 04:59:54 MDT 2022
  **** IP Build 3669848 on Fri Oct 14 08:30:02 MDT 2022
    ** Copyright 1986-2022 Xilinx, Inc. All Rights Reserved.

source dma_passthrough_proc_sys_reset_0_0.tcl -notrace
INFO: [IP_Flow 19-234] Refreshing IP repositories
INFO: [IP_Flow 19-1700] Loaded user IP repository '/home/sogang/ppe_fpga_ho/axis/passthrough/axis_passthrough_hls/solution1/impl/ip'.
INFO: [IP_Flow 19-2313] Loaded Vivado IP repository '/tools/Xilinx/Vivado/2022.2/data/ip'.
INFO: [IP_Flow 19-6924] IPCACHE: Running cache check for IP inst: dma_passthrough_proc_sys_reset_0_0
Command: synth_design -top dma_passthrough_proc_sys_reset_0_0 -part xck26-sfvc784-2LV-c -incremental_mode off -mode out_of_context
Starting synth_design
Attempting to get a license for feature 'Synthesis' and/or device 'xck26'
INFO: [Common 17-349] Got license for feature 'Synthesis' and/or device 'xck26'
INFO: [Device 21-403] Loading part xck26-sfvc784-2LV-c
INFO: [Synth 8-7079] Multithreading enabled for synth_design using a maximum of 4 processes.
INFO: [Synth 8-7078] Launching helper process for spawning children vivado processes
INFO: [Synth 8-7075] Helper process launched with PID 25520
INFO: [Synth 8-11241] undeclared symbol 'REGCCE', assumed default net type 'wire' [/tools/Xilinx/Vivado/2022.2/data/verilog/src/unimacro/BRAM_SINGLE_MACRO.v:2170]
---------------------------------------------------------------------------------
Starting RTL Elaboration : Time (s): cpu = 00:00:02 ; elapsed = 00:00:04 . Memory (MB): peak = 2915.426 ; gain = 235.832 ; free physical = 306 ; free virtual = 38421
Synthesis current peak Physical Memory [PSS] (MB): peak = 2236.721; parent = 2068.808; children = 167.913
Synthesis current peak Virtual Memory [VSS] (MB): peak = 3896.297; parent = 2919.398; children = 976.898
---------------------------------------------------------------------------------
INFO: [Synth 8-638] synthesizing module 'dma_passthrough_proc_sys_reset_0_0' [/home/sogang/ppe_fpga_ho/ppe_dma_passthrough/ppe_dma_passthrough.gen/sources_1/bd/dma_passthrough/ip/dma_passthrough_proc_sys_reset_0_0/synth/dma_passthrough_proc_sys_reset_0_0.vhd:74]
	Parameter C_FAMILY bound to: zynquplus - type: string 
	Parameter C_EXT_RST_WIDTH bound to: 4 - type: integer 
	Parameter C_AUX_RST_WIDTH bound to: 4 - type: integer 
	Parameter C_EXT_RESET_HIGH bound to: 1'b1 
	Parameter C_AUX_RESET_HIGH bound to: 1'b0 
	Parameter C_NUM_BUS_RST bound to: 1 - type: integer 
	Parameter C_NUM_PERP_RST bound to: 1 - type: integer 
	Parameter C_NUM_INTERCONNECT_ARESETN bound to: 1 - type: integer 
	Parameter C_NUM_PERP_ARESETN bound to: 1 - type: integer 
INFO: [Synth 8-3491] module 'proc_sys_reset' declared at '/home/sogang/ppe_fpga_ho/ppe_dma_passthrough/ppe_dma_passthrough.gen/sources_1/bd/dma_passthrough/ipshared/8842/hdl/proc_sys_reset_v5_0_vh_rfs.vhd:1264' bound to instance 'U0' of component 'proc_sys_reset' [/home/sogang/ppe_fpga_ho/ppe_dma_passthrough/ppe_dma_passthrough.gen/sources_1/bd/dma_passthrough/ip/dma_passthrough_proc_sys_reset_0_0/synth/dma_passthrough_proc_sys_reset_0_0.vhd:129]
INFO: [Synth 8-638] synthesizing module 'proc_sys_reset' [/home/sogang/ppe_fpga_ho/ppe_dma_passthrough/ppe_dma_passthrough.gen/sources_1/bd/dma_passthrough/ipshared/8842/hdl/proc_sys_reset_v5_0_vh_rfs.vhd:1323]
	Parameter INIT bound to: 1'b1 
INFO: [Synth 8-113] binding component instance 'FDRE_inst' to cell 'FDRE' [/home/sogang/ppe_fpga_ho/ppe_dma_passthrough/ppe_dma_passthrough.gen/sources_1/bd/dma_passthrough/ipshared/8842/hdl/proc_sys_reset_v5_0_vh_rfs.vhd:1392]
	Parameter INIT bound to: 1'b1 
INFO: [Synth 8-113] binding component instance 'FDRE_BSR' to cell 'FDRE' [/home/sogang/ppe_fpga_ho/ppe_dma_passthrough/ppe_dma_passthrough.gen/sources_1/bd/dma_passthrough/ipshared/8842/hdl/proc_sys_reset_v5_0_vh_rfs.vhd:1408]
	Parameter INIT bound to: 1'b0 
INFO: [Synth 8-113] binding component instance 'FDRE_BSR_N' to cell 'FDRE' [/home/sogang/ppe_fpga_ho/ppe_dma_passthrough/ppe_dma_passthrough.gen/sources_1/bd/dma_passthrough/ipshared/8842/hdl/proc_sys_reset_v5_0_vh_rfs.vhd:1434]
	Parameter INIT bound to: 1'b1 
INFO: [Synth 8-113] binding component instance 'FDRE_PER' to cell 'FDRE' [/home/sogang/ppe_fpga_ho/ppe_dma_passthrough/ppe_dma_passthrough.gen/sources_1/bd/dma_passthrough/ipshared/8842/hdl/proc_sys_reset_v5_0_vh_rfs.vhd:1457]
	Parameter INIT bound to: 1'b0 
INFO: [Synth 8-113] binding component instance 'FDRE_PER_N' to cell 'FDRE' [/home/sogang/ppe_fpga_ho/ppe_dma_passthrough/ppe_dma_passthrough.gen/sources_1/bd/dma_passthrough/ipshared/8842/hdl/proc_sys_reset_v5_0_vh_rfs.vhd:1481]
INFO: [Synth 8-638] synthesizing module 'lpf' [/home/sogang/ppe_fpga_ho/ppe_dma_passthrough/ppe_dma_passthrough.gen/sources_1/bd/dma_passthrough/ipshared/8842/hdl/proc_sys_reset_v5_0_vh_rfs.vhd:816]
INFO: [Synth 8-3491] module 'SRL16' declared at '/tools/Xilinx/Vivado/2022.2/scripts/rt/data/unisim_comp.v:131628' bound to instance 'POR_SRL_I' of component 'SRL16' [/home/sogang/ppe_fpga_ho/ppe_dma_passthrough/ppe_dma_passthrough.gen/sources_1/bd/dma_passthrough/ipshared/8842/hdl/proc_sys_reset_v5_0_vh_rfs.vhd:868]
INFO: [Synth 8-6157] synthesizing module 'SRL16' [/tools/Xilinx/Vivado/2022.2/scripts/rt/data/unisim_comp.v:131628]
INFO: [Synth 8-6155] done synthesizing module 'SRL16' (0#1) [/tools/Xilinx/Vivado/2022.2/scripts/rt/data/unisim_comp.v:131628]
INFO: [Synth 8-638] synthesizing module 'cdc_sync' [/home/sogang/ppe_fpga_ho/ppe_dma_passthrough/ppe_dma_passthrough.gen/sources_1/bd/dma_passthrough/ipshared/ef1e/hdl/lib_cdc_v1_0_rfs.vhd:106]
	Parameter INIT bound to: 1'b0 
INFO: [Synth 8-113] binding component instance 'CROSS_PLEVEL_IN2SCNDRY_IN_cdc_to' to cell 'FDR' [/home/sogang/ppe_fpga_ho/ppe_dma_passthrough/ppe_dma_passthrough.gen/sources_1/bd/dma_passthrough/ipshared/ef1e/hdl/lib_cdc_v1_0_rfs.vhd:514]
	Parameter INIT bound to: 1'b0 
INFO: [Synth 8-113] binding component instance 'CROSS_PLEVEL_IN2SCNDRY_s_level_out_d2' to cell 'FDR' [/home/sogang/ppe_fpga_ho/ppe_dma_passthrough/ppe_dma_passthrough.gen/sources_1/bd/dma_passthrough/ipshared/ef1e/hdl/lib_cdc_v1_0_rfs.vhd:545]
	Parameter INIT bound to: 1'b0 
INFO: [Synth 8-113] binding component instance 'CROSS_PLEVEL_IN2SCNDRY_s_level_out_d3' to cell 'FDR' [/home/sogang/ppe_fpga_ho/ppe_dma_passthrough/ppe_dma_passthrough.gen/sources_1/bd/dma_passthrough/ipshared/ef1e/hdl/lib_cdc_v1_0_rfs.vhd:554]
	Parameter INIT bound to: 1'b0 
INFO: [Synth 8-113] binding component instance 'CROSS_PLEVEL_IN2SCNDRY_s_level_out_d4' to cell 'FDR' [/home/sogang/ppe_fpga_ho/ppe_dma_passthrough/ppe_dma_passthrough.gen/sources_1/bd/dma_passthrough/ipshared/ef1e/hdl/lib_cdc_v1_0_rfs.vhd:564]
	Parameter INIT bound to: 1'b0 
INFO: [Synth 8-113] binding component instance 'CROSS_PLEVEL_IN2SCNDRY_s_level_out_d5' to cell 'FDR' [/home/sogang/ppe_fpga_ho/ppe_dma_passthrough/ppe_dma_passthrough.gen/sources_1/bd/dma_passthrough/ipshared/ef1e/hdl/lib_cdc_v1_0_rfs.vhd:574]
	Parameter INIT bound to: 1'b0 
INFO: [Synth 8-113] binding component instance 'CROSS_PLEVEL_IN2SCNDRY_s_level_out_d6' to cell 'FDR' [/home/sogang/ppe_fpga_ho/ppe_dma_passthrough/ppe_dma_passthrough.gen/sources_1/bd/dma_passthrough/ipshared/ef1e/hdl/lib_cdc_v1_0_rfs.vhd:584]
INFO: [Synth 8-256] done synthesizing module 'cdc_sync' (0#1) [/home/sogang/ppe_fpga_ho/ppe_dma_passthrough/ppe_dma_passthrough.gen/sources_1/bd/dma_passthrough/ipshared/ef1e/hdl/lib_cdc_v1_0_rfs.vhd:106]
INFO: [Synth 8-256] done synthesizing module 'lpf' (0#1) [/home/sogang/ppe_fpga_ho/ppe_dma_passthrough/ppe_dma_passthrough.gen/sources_1/bd/dma_passthrough/ipshared/8842/hdl/proc_sys_reset_v5_0_vh_rfs.vhd:816]
INFO: [Synth 8-638] synthesizing module 'sequence_psr' [/home/sogang/ppe_fpga_ho/ppe_dma_passthrough/ppe_dma_passthrough.gen/sources_1/bd/dma_passthrough/ipshared/8842/hdl/proc_sys_reset_v5_0_vh_rfs.vhd:301]
INFO: [Synth 8-638] synthesizing module 'upcnt_n' [/home/sogang/ppe_fpga_ho/ppe_dma_passthrough/ppe_dma_passthrough.gen/sources_1/bd/dma_passthrough/ipshared/8842/hdl/proc_sys_reset_v5_0_vh_rfs.vhd:125]
INFO: [Synth 8-256] done synthesizing module 'upcnt_n' (0#1) [/home/sogang/ppe_fpga_ho/ppe_dma_passthrough/ppe_dma_passthrough.gen/sources_1/bd/dma_passthrough/ipshared/8842/hdl/proc_sys_reset_v5_0_vh_rfs.vhd:125]
INFO: [Synth 8-256] done synthesizing module 'sequence_psr' (0#1) [/home/sogang/ppe_fpga_ho/ppe_dma_passthrough/ppe_dma_passthrough.gen/sources_1/bd/dma_passthrough/ipshared/8842/hdl/proc_sys_reset_v5_0_vh_rfs.vhd:301]
INFO: [Synth 8-256] done synthesizing module 'proc_sys_reset' (0#1) [/home/sogang/ppe_fpga_ho/ppe_dma_passthrough/ppe_dma_passthrough.gen/sources_1/bd/dma_passthrough/ipshared/8842/hdl/proc_sys_reset_v5_0_vh_rfs.vhd:1323]
INFO: [Synth 8-256] done synthesizing module 'dma_passthrough_proc_sys_reset_0_0' (0#1) [/home/sogang/ppe_fpga_ho/ppe_dma_passthrough/ppe_dma_passthrough.gen/sources_1/bd/dma_passthrough/ip/dma_passthrough_proc_sys_reset_0_0/synth/dma_passthrough_proc_sys_reset_0_0.vhd:74]
WARNING: [Synth 8-7129] Port prmry_aclk in module cdc_sync is either unconnected or has no load
WARNING: [Synth 8-7129] Port prmry_resetn in module cdc_sync is either unconnected or has no load
WARNING: [Synth 8-7129] Port prmry_vect_in[1] in module cdc_sync is either unconnected or has no load
WARNING: [Synth 8-7129] Port prmry_vect_in[0] in module cdc_sync is either unconnected or has no load
WARNING: [Synth 8-7129] Port scndry_resetn in module cdc_sync is either unconnected or has no load
---------------------------------------------------------------------------------
Finished RTL Elaboration : Time (s): cpu = 00:00:03 ; elapsed = 00:00:05 . Memory (MB): peak = 2988.363 ; gain = 308.770 ; free physical = 535 ; free virtual = 38572
Synthesis current peak Physical Memory [PSS] (MB): peak = 2236.721; parent = 2068.808; children = 167.913
Synthesis current peak Virtual Memory [VSS] (MB): peak = 3965.266; parent = 2988.367; children = 976.898
---------------------------------------------------------------------------------
---------------------------------------------------------------------------------
Start Handling Custom Attributes
---------------------------------------------------------------------------------
---------------------------------------------------------------------------------
Finished Handling Custom Attributes : Time (s): cpu = 00:00:03 ; elapsed = 00:00:05 . Memory (MB): peak = 3003.207 ; gain = 323.613 ; free physical = 489 ; free virtual = 38526
Synthesis current peak Physical Memory [PSS] (MB): peak = 2236.721; parent = 2068.808; children = 167.913
Synthesis current peak Virtual Memory [VSS] (MB): peak = 3980.109; parent = 3003.211; children = 976.898
---------------------------------------------------------------------------------
---------------------------------------------------------------------------------
Finished RTL Optimization Phase 1 : Time (s): cpu = 00:00:03 ; elapsed = 00:00:05 . Memory (MB): peak = 3003.207 ; gain = 323.613 ; free physical = 484 ; free virtual = 38522
Synthesis current peak Physical Memory [PSS] (MB): peak = 2236.721; parent = 2068.808; children = 167.921
Synthesis current peak Virtual Memory [VSS] (MB): peak = 3980.109; parent = 3003.211; children = 976.898
---------------------------------------------------------------------------------
Netlist sorting complete. Time (s): cpu = 00:00:00 ; elapsed = 00:00:00 . Memory (MB): peak = 3017.145 ; gain = 0.000 ; free physical = 482 ; free virtual = 38521
INFO: [Netlist 29-17] Analyzing 13 Unisim elements for replacement
INFO: [Netlist 29-28] Unisim Transformation completed in 0 CPU seconds
INFO: [Project 1-570] Preparing netlist for logic optimization

Processing XDC Constraints
Initializing timing engine
Parsing XDC File [/home/sogang/ppe_fpga_ho/ppe_dma_passthrough/ppe_dma_passthrough.gen/sources_1/bd/dma_passthrough/ip/dma_passthrough_proc_sys_reset_0_0/dma_passthrough_proc_sys_reset_0_0_ooc.xdc] for cell 'U0'
Finished Parsing XDC File [/home/sogang/ppe_fpga_ho/ppe_dma_passthrough/ppe_dma_passthrough.gen/sources_1/bd/dma_passthrough/ip/dma_passthrough_proc_sys_reset_0_0/dma_passthrough_proc_sys_reset_0_0_ooc.xdc] for cell 'U0'
Parsing XDC File [/home/sogang/ppe_fpga_ho/ppe_dma_passthrough/ppe_dma_passthrough.gen/sources_1/bd/dma_passthrough/ip/dma_passthrough_proc_sys_reset_0_0/dma_passthrough_proc_sys_reset_0_0_board.xdc] for cell 'U0'
Finished Parsing XDC File [/home/sogang/ppe_fpga_ho/ppe_dma_passthrough/ppe_dma_passthrough.gen/sources_1/bd/dma_passthrough/ip/dma_passthrough_proc_sys_reset_0_0/dma_passthrough_proc_sys_reset_0_0_board.xdc] for cell 'U0'
Parsing XDC File [/home/sogang/ppe_fpga_ho/ppe_dma_passthrough/ppe_dma_passthrough.gen/sources_1/bd/dma_passthrough/ip/dma_passthrough_proc_sys_reset_0_0/dma_passthrough_proc_sys_reset_0_0.xdc] for cell 'U0'
Finished Parsing XDC File [/home/sogang/ppe_fpga_ho/ppe_dma_passthrough/ppe_dma_passthrough.gen/sources_1/bd/dma_passthrough/ip/dma_passthrough_proc_sys_reset_0_0/dma_passthrough_proc_sys_reset_0_0.xdc] for cell 'U0'
Parsing XDC File [/home/sogang/ppe_fpga_ho/ppe_dma_passthrough/ppe_dma_passthrough.runs/dma_passthrough_proc_sys_reset_0_0_synth_1/dont_touch.xdc]
Finished Parsing XDC File [/home/sogang/ppe_fpga_ho/ppe_dma_passthrough/ppe_dma_passthrough.runs/dma_passthrough_proc_sys_reset_0_0_synth_1/dont_touch.xdc]
Completed Processing XDC Constraints

Netlist sorting complete. Time (s): cpu = 00:00:00 ; elapsed = 00:00:00 . Memory (MB): peak = 3167.988 ; gain = 0.000 ; free physical = 446 ; free virtual = 38496
INFO: [Project 1-111] Unisim Transformation Summary:
  A total of 13 instances were transformed.
  FDR => FDRE: 12 instances
  SRL16 => SRL16E: 1 instance 

Constraint Validation Runtime : Time (s): cpu = 00:00:00.02 ; elapsed = 00:00:00.03 . Memory (MB): peak = 3167.988 ; gain = 0.000 ; free physical = 444 ; free virtual = 38494
INFO: [Designutils 20-5008] Incremental synthesis strategy off
INFO: [Synth 8-11241] undeclared symbol 'REGCCE', assumed default net type 'wire' [/tools/Xilinx/Vivado/2022.2/data/verilog/src/unimacro/BRAM_SINGLE_MACRO.v:2170]
---------------------------------------------------------------------------------
Finished Constraint Validation : Time (s): cpu = 00:00:10 ; elapsed = 00:00:12 . Memory (MB): peak = 3167.988 ; gain = 488.395 ; free physical = 397 ; free virtual = 38472
Synthesis current peak Physical Memory [PSS] (MB): peak = 2236.721; parent = 2068.808; children = 167.921
Synthesis current peak Virtual Memory [VSS] (MB): peak = 4112.875; parent = 3135.977; children = 976.898
---------------------------------------------------------------------------------
---------------------------------------------------------------------------------
Start Loading Part and Timing Information
---------------------------------------------------------------------------------
Loading part: xck26-sfvc784-2LV-c
INFO: [Synth 8-6742] Reading net delay rules and data
---------------------------------------------------------------------------------
Finished Loading Part and Timing Information : Time (s): cpu = 00:00:10 ; elapsed = 00:00:12 . Memory (MB): peak = 3167.988 ; gain = 488.395 ; free physical = 397 ; free virtual = 38473
Synthesis current peak Physical Memory [PSS] (MB): peak = 2236.721; parent = 2068.808; children = 167.921
Synthesis current peak Virtual Memory [VSS] (MB): peak = 4112.875; parent = 3135.977; children = 976.898
---------------------------------------------------------------------------------
---------------------------------------------------------------------------------
Start Applying 'set_property' XDC Constraints
---------------------------------------------------------------------------------
Applied set_property KEEP_HIERARCHY = SOFT for U0. (constraint file  /home/sogang/ppe_fpga_ho/ppe_dma_passthrough/ppe_dma_passthrough.runs/dma_passthrough_proc_sys_reset_0_0_synth_1/dont_touch.xdc, line 9).
---------------------------------------------------------------------------------
Finished applying 'set_property' XDC Constraints : Time (s): cpu = 00:00:10 ; elapsed = 00:00:12 . Memory (MB): peak = 3167.988 ; gain = 488.395 ; free physical = 397 ; free virtual = 38473
Synthesis current peak Physical Memory [PSS] (MB): peak = 2236.721; parent = 2068.808; children = 167.921
Synthesis current peak Virtual Memory [VSS] (MB): peak = 4112.875; parent = 3135.977; children = 976.898
---------------------------------------------------------------------------------
---------------------------------------------------------------------------------
Finished RTL Optimization Phase 2 : Time (s): cpu = 00:00:10 ; elapsed = 00:00:12 . Memory (MB): peak = 3167.988 ; gain = 488.395 ; free physical = 396 ; free virtual = 38474
Synthesis current peak Physical Memory [PSS] (MB): peak = 2236.721; parent = 2068.808; children = 167.921
Synthesis current peak Virtual Memory [VSS] (MB): peak = 4112.875; parent = 3135.977; children = 976.898
---------------------------------------------------------------------------------
---------------------------------------------------------------------------------
Start RTL Component Statistics 
---------------------------------------------------------------------------------
Detailed RTL Component Info : 
+---Adders : 
	   2 Input    6 Bit       Adders := 1     
+---Registers : 
	                6 Bit    Registers := 1     
	                3 Bit    Registers := 3     
	                1 Bit    Registers := 8     
+---Muxes : 
	   2 Input    6 Bit        Muxes := 1     
	   2 Input    1 Bit        Muxes := 1     
---------------------------------------------------------------------------------
Finished RTL Component Statistics 
---------------------------------------------------------------------------------
---------------------------------------------------------------------------------
Start Part Resource Summary
---------------------------------------------------------------------------------
Part Resources:
DSPs: 1248 (col length:96)
BRAMs: 288 (col length: RAMB18 96 RAMB36 48)
---------------------------------------------------------------------------------
Finished Part Resource Summary
---------------------------------------------------------------------------------
---------------------------------------------------------------------------------
Start Cross Boundary and Area Optimization
---------------------------------------------------------------------------------
WARNING: [Synth 8-7080] Parallel synthesis criteria is not met
WARNING: [Synth 8-3332] Sequential element (EXT_LPF/ACTIVE_HIGH_EXT.ACT_HI_EXT/GENERATE_LEVEL_P_S_CDC.SINGLE_BIT.CROSS_PLEVEL_IN2SCNDRY_s_level_out_d5) is unused and will be removed from module proc_sys_reset.
WARNING: [Synth 8-3332] Sequential element (EXT_LPF/ACTIVE_HIGH_EXT.ACT_HI_EXT/GENERATE_LEVEL_P_S_CDC.SINGLE_BIT.CROSS_PLEVEL_IN2SCNDRY_s_level_out_d6) is unused and will be removed from module proc_sys_reset.
WARNING: [Synth 8-3332] Sequential element (EXT_LPF/ACTIVE_LOW_AUX.ACT_LO_AUX/GENERATE_LEVEL_P_S_CDC.SINGLE_BIT.CROSS_PLEVEL_IN2SCNDRY_s_level_out_d5) is unused and will be removed from module proc_sys_reset.
WARNING: [Synth 8-3332] Sequential element (EXT_LPF/ACTIVE_LOW_AUX.ACT_LO_AUX/GENERATE_LEVEL_P_S_CDC.SINGLE_BIT.CROSS_PLEVEL_IN2SCNDRY_s_level_out_d6) is unused and will be removed from module proc_sys_reset.
---------------------------------------------------------------------------------
Finished Cross Boundary and Area Optimization : Time (s): cpu = 00:00:10 ; elapsed = 00:00:13 . Memory (MB): peak = 3167.988 ; gain = 488.395 ; free physical = 410 ; free virtual = 38499
Synthesis current peak Physical Memory [PSS] (MB): peak = 2236.721; parent = 2068.808; children = 167.921
Synthesis current peak Virtual Memory [VSS] (MB): peak = 4112.875; parent = 3135.977; children = 976.898
---------------------------------------------------------------------------------
---------------------------------------------------------------------------------
Start Applying XDC Timing Constraints
---------------------------------------------------------------------------------
---------------------------------------------------------------------------------
Finished Applying XDC Timing Constraints : Time (s): cpu = 00:00:18 ; elapsed = 00:00:23 . Memory (MB): peak = 3539.645 ; gain = 860.051 ; free physical = 201 ; free virtual = 37632
Synthesis current peak Physical Memory [PSS] (MB): peak = 2780.365; parent = 2612.508; children = 167.921
Synthesis current peak Virtual Memory [VSS] (MB): peak = 4516.547; parent = 3539.648; children = 976.898
---------------------------------------------------------------------------------
---------------------------------------------------------------------------------
Start Timing Optimization
---------------------------------------------------------------------------------
---------------------------------------------------------------------------------
Finished Timing Optimization : Time (s): cpu = 00:00:18 ; elapsed = 00:00:23 . Memory (MB): peak = 3539.645 ; gain = 860.051 ; free physical = 193 ; free virtual = 37624
Synthesis current peak Physical Memory [PSS] (MB): peak = 2780.479; parent = 2612.621; children = 167.921
Synthesis current peak Virtual Memory [VSS] (MB): peak = 4516.547; parent = 3539.648; children = 976.898
---------------------------------------------------------------------------------
---------------------------------------------------------------------------------
Start Technology Mapping
---------------------------------------------------------------------------------
---------------------------------------------------------------------------------
Finished Technology Mapping : Time (s): cpu = 00:00:18 ; elapsed = 00:00:23 . Memory (MB): peak = 3567.691 ; gain = 888.098 ; free physical = 201 ; free virtual = 37585
Synthesis current peak Physical Memory [PSS] (MB): peak = 2780.900; parent = 2613.043; children = 167.921
Synthesis current peak Virtual Memory [VSS] (MB): peak = 4544.594; parent = 3567.695; children = 976.898
---------------------------------------------------------------------------------
---------------------------------------------------------------------------------
Start IO Insertion
---------------------------------------------------------------------------------
---------------------------------------------------------------------------------
Start Flattening Before IO Insertion
---------------------------------------------------------------------------------
---------------------------------------------------------------------------------
Finished Flattening Before IO Insertion
---------------------------------------------------------------------------------
---------------------------------------------------------------------------------
Start Final Netlist Cleanup
---------------------------------------------------------------------------------
---------------------------------------------------------------------------------
Finished Final Netlist Cleanup
---------------------------------------------------------------------------------
---------------------------------------------------------------------------------
Finished IO Insertion : Time (s): cpu = 00:00:20 ; elapsed = 00:00:25 . Memory (MB): peak = 3567.691 ; gain = 888.098 ; free physical = 192 ; free virtual = 37581
Synthesis current peak Physical Memory [PSS] (MB): peak = 2780.947; parent = 2613.090; children = 167.921
Synthesis current peak Virtual Memory [VSS] (MB): peak = 4544.594; parent = 3567.695; children = 976.898
---------------------------------------------------------------------------------
---------------------------------------------------------------------------------
Start Renaming Generated Instances
---------------------------------------------------------------------------------
---------------------------------------------------------------------------------
Finished Renaming Generated Instances : Time (s): cpu = 00:00:20 ; elapsed = 00:00:25 . Memory (MB): peak = 3567.691 ; gain = 888.098 ; free physical = 192 ; free virtual = 37581
Synthesis current peak Physical Memory [PSS] (MB): peak = 2780.947; parent = 2613.090; children = 167.921
Synthesis current peak Virtual Memory [VSS] (MB): peak = 4544.594; parent = 3567.695; children = 976.898
---------------------------------------------------------------------------------
---------------------------------------------------------------------------------
Start Rebuilding User Hierarchy
---------------------------------------------------------------------------------
---------------------------------------------------------------------------------
Finished Rebuilding User Hierarchy : Time (s): cpu = 00:00:20 ; elapsed = 00:00:25 . Memory (MB): peak = 3567.691 ; gain = 888.098 ; free physical = 191 ; free virtual = 37581
Synthesis current peak Physical Memory [PSS] (MB): peak = 2780.963; parent = 2613.105; children = 167.921
Synthesis current peak Virtual Memory [VSS] (MB): peak = 4544.594; parent = 3567.695; children = 976.898
---------------------------------------------------------------------------------
---------------------------------------------------------------------------------
Start Renaming Generated Ports
---------------------------------------------------------------------------------
---------------------------------------------------------------------------------
Finished Renaming Generated Ports : Time (s): cpu = 00:00:20 ; elapsed = 00:00:25 . Memory (MB): peak = 3567.691 ; gain = 888.098 ; free physical = 191 ; free virtual = 37581
Synthesis current peak Physical Memory [PSS] (MB): peak = 2781.041; parent = 2613.184; children = 167.921
Synthesis current peak Virtual Memory [VSS] (MB): peak = 4544.594; parent = 3567.695; children = 976.898
---------------------------------------------------------------------------------
---------------------------------------------------------------------------------
Start Handling Custom Attributes
---------------------------------------------------------------------------------
---------------------------------------------------------------------------------
Finished Handling Custom Attributes : Time (s): cpu = 00:00:20 ; elapsed = 00:00:25 . Memory (MB): peak = 3567.691 ; gain = 888.098 ; free physical = 191 ; free virtual = 37582
Synthesis current peak Physical Memory [PSS] (MB): peak = 2781.041; parent = 2613.184; children = 167.921
Synthesis current peak Virtual Memory [VSS] (MB): peak = 4544.594; parent = 3567.695; children = 976.898
---------------------------------------------------------------------------------
---------------------------------------------------------------------------------
Start Renaming Generated Nets
---------------------------------------------------------------------------------
---------------------------------------------------------------------------------
Finished Renaming Generated Nets : Time (s): cpu = 00:00:20 ; elapsed = 00:00:25 . Memory (MB): peak = 3567.691 ; gain = 888.098 ; free physical = 192 ; free virtual = 37582
Synthesis current peak Physical Memory [PSS] (MB): peak = 2781.057; parent = 2613.199; children = 167.921
Synthesis current peak Virtual Memory [VSS] (MB): peak = 4544.594; parent = 3567.695; children = 976.898
---------------------------------------------------------------------------------
---------------------------------------------------------------------------------
Start Writing Synthesis Report
---------------------------------------------------------------------------------

Report BlackBoxes: 
+-+--------------+----------+
| |BlackBox name |Instances |
+-+--------------+----------+
+-+--------------+----------+

Report Cell Usage: 
+------+------+------+
|      |Cell  |Count |
+------+------+------+
|1     |LUT1  |     5|
|2     |LUT2  |     9|
|3     |LUT3  |     1|
|4     |LUT4  |     6|
|5     |LUT5  |     3|
|6     |LUT6  |     1|
|7     |SRL16 |     1|
|8     |FDR   |     8|
|9     |FDRE  |    28|
|10    |FDSE  |     4|
+------+------+------+
---------------------------------------------------------------------------------
Finished Writing Synthesis Report : Time (s): cpu = 00:00:20 ; elapsed = 00:00:25 . Memory (MB): peak = 3567.691 ; gain = 888.098 ; free physical = 192 ; free virtual = 37582
Synthesis current peak Physical Memory [PSS] (MB): peak = 2781.088; parent = 2613.230; children = 167.921
Synthesis current peak Virtual Memory [VSS] (MB): peak = 4544.594; parent = 3567.695; children = 976.898
---------------------------------------------------------------------------------
Synthesis finished with 0 errors, 0 critical warnings and 5 warnings.
Synthesis Optimization Runtime : Time (s): cpu = 00:00:16 ; elapsed = 00:00:21 . Memory (MB): peak = 3567.691 ; gain = 723.316 ; free physical = 236 ; free virtual = 37627
Synthesis Optimization Complete : Time (s): cpu = 00:00:20 ; elapsed = 00:00:25 . Memory (MB): peak = 3567.699 ; gain = 888.098 ; free physical = 236 ; free virtual = 37626
INFO: [Project 1-571] Translating synthesized netlist
Netlist sorting complete. Time (s): cpu = 00:00:00 ; elapsed = 00:00:00 . Memory (MB): peak = 3567.699 ; gain = 0.000 ; free physical = 232 ; free virtual = 37623
INFO: [Netlist 29-17] Analyzing 9 Unisim elements for replacement
INFO: [Netlist 29-28] Unisim Transformation completed in 0 CPU seconds
INFO: [Project 1-570] Preparing netlist for logic optimization
INFO: [Opt 31-138] Pushed 0 inverter(s) to 0 load pin(s).
Netlist sorting complete. Time (s): cpu = 00:00:00 ; elapsed = 00:00:00 . Memory (MB): peak = 3622.453 ; gain = 0.000 ; free physical = 384 ; free virtual = 37776
INFO: [Project 1-111] Unisim Transformation Summary:
  A total of 9 instances were transformed.
  FDR => FDRE: 8 instances
  SRL16 => SRL16E: 1 instance 

Synth Design complete, checksum: a7d36152
INFO: [Common 17-83] Releasing license: Synthesis
51 Infos, 10 Warnings, 0 Critical Warnings and 0 Errors encountered.
synth_design completed successfully
synth_design: Time (s): cpu = 00:00:26 ; elapsed = 00:00:33 . Memory (MB): peak = 3622.453 ; gain = 1850.414 ; free physical = 517 ; free virtual = 37909
INFO: [Common 17-1381] The checkpoint '/home/sogang/ppe_fpga_ho/ppe_dma_passthrough/ppe_dma_passthrough.runs/dma_passthrough_proc_sys_reset_0_0_synth_1/dma_passthrough_proc_sys_reset_0_0.dcp' has been generated.
INFO: [Coretcl 2-1648] Added synthesis output to IP cache for IP dma_passthrough_proc_sys_reset_0_0, cache-ID = ec063b7bddcf9abd
INFO: [Coretcl 2-1174] Renamed 6 cell refs.
INFO: [Common 17-1381] The checkpoint '/home/sogang/ppe_fpga_ho/ppe_dma_passthrough/ppe_dma_passthrough.runs/dma_passthrough_proc_sys_reset_0_0_synth_1/dma_passthrough_proc_sys_reset_0_0.dcp' has been generated.
INFO: [runtcl-4] Executing : report_utilization -file dma_passthrough_proc_sys_reset_0_0_utilization_synth.rpt -pb dma_passthrough_proc_sys_reset_0_0_utilization_synth.pb
INFO: [Common 17-206] Exiting Vivado at Fri Jul 31 10:48:25 2026...
