
*** Running vivado
    with args -log dma_passthrough_axis_passthrough_0_0.vds -m64 -product Vivado -mode batch -messageDb vivado.pb -notrace -source dma_passthrough_axis_passthrough_0_0.tcl


****** Vivado v2022.2 (64-bit)
  **** SW Build 3671981 on Fri Oct 14 04:59:54 MDT 2022
  **** IP Build 3669848 on Fri Oct 14 08:30:02 MDT 2022
    ** Copyright 1986-2022 Xilinx, Inc. All Rights Reserved.

source dma_passthrough_axis_passthrough_0_0.tcl -notrace
INFO: [IP_Flow 19-234] Refreshing IP repositories
INFO: [IP_Flow 19-1700] Loaded user IP repository '/home/sogang/ppe_fpga_ho/axis/passthrough/axis_passthrough_hls/solution1/impl/ip'.
INFO: [IP_Flow 19-2313] Loaded Vivado IP repository '/tools/Xilinx/Vivado/2022.2/data/ip'.
INFO: [IP_Flow 19-6924] IPCACHE: Running cache check for IP inst: dma_passthrough_axis_passthrough_0_0
Command: synth_design -top dma_passthrough_axis_passthrough_0_0 -part xck26-sfvc784-2LV-c -incremental_mode off -mode out_of_context
Starting synth_design
Attempting to get a license for feature 'Synthesis' and/or device 'xck26'
INFO: [Common 17-349] Got license for feature 'Synthesis' and/or device 'xck26'
INFO: [Device 21-403] Loading part xck26-sfvc784-2LV-c
INFO: [Synth 8-7079] Multithreading enabled for synth_design using a maximum of 4 processes.
INFO: [Synth 8-7078] Launching helper process for spawning children vivado processes
INFO: [Synth 8-7075] Helper process launched with PID 25519
INFO: [Synth 8-11241] undeclared symbol 'REGCCE', assumed default net type 'wire' [/tools/Xilinx/Vivado/2022.2/data/verilog/src/unimacro/BRAM_SINGLE_MACRO.v:2170]
---------------------------------------------------------------------------------
Starting RTL Elaboration : Time (s): cpu = 00:00:02 ; elapsed = 00:00:04 . Memory (MB): peak = 2915.031 ; gain = 234.832 ; free physical = 306 ; free virtual = 38421
Synthesis current peak Physical Memory [PSS] (MB): peak = 2236.658; parent = 2068.768; children = 167.891
Synthesis current peak Virtual Memory [VSS] (MB): peak = 3899.699; parent = 2920.973; children = 978.727
---------------------------------------------------------------------------------
INFO: [Synth 8-6157] synthesizing module 'dma_passthrough_axis_passthrough_0_0' [/home/sogang/ppe_fpga_ho/ppe_dma_passthrough/ppe_dma_passthrough.gen/sources_1/bd/dma_passthrough/ip/dma_passthrough_axis_passthrough_0_0/synth/dma_passthrough_axis_passthrough_0_0.v:53]
INFO: [Synth 8-6157] synthesizing module 'axis_passthrough' [/home/sogang/ppe_fpga_ho/ppe_dma_passthrough/ppe_dma_passthrough.gen/sources_1/bd/dma_passthrough/ipshared/92cc/hdl/verilog/axis_passthrough.v:10]
INFO: [Synth 8-6157] synthesizing module 'axis_passthrough_control_s_axi' [/home/sogang/ppe_fpga_ho/ppe_dma_passthrough/ppe_dma_passthrough.gen/sources_1/bd/dma_passthrough/ipshared/92cc/hdl/verilog/axis_passthrough_control_s_axi.v:7]
INFO: [Synth 8-155] case statement is not full and has no default [/home/sogang/ppe_fpga_ho/ppe_dma_passthrough/ppe_dma_passthrough.gen/sources_1/bd/dma_passthrough/ipshared/92cc/hdl/verilog/axis_passthrough_control_s_axi.v:193]
INFO: [Synth 8-6155] done synthesizing module 'axis_passthrough_control_s_axi' (0#1) [/home/sogang/ppe_fpga_ho/ppe_dma_passthrough/ppe_dma_passthrough.gen/sources_1/bd/dma_passthrough/ipshared/92cc/hdl/verilog/axis_passthrough_control_s_axi.v:7]
INFO: [Synth 8-6157] synthesizing module 'axis_passthrough_flow_control_loop_pipe' [/home/sogang/ppe_fpga_ho/ppe_dma_passthrough/ppe_dma_passthrough.gen/sources_1/bd/dma_passthrough/ipshared/92cc/hdl/verilog/axis_passthrough_flow_control_loop_pipe.v:9]
INFO: [Synth 8-6155] done synthesizing module 'axis_passthrough_flow_control_loop_pipe' (0#1) [/home/sogang/ppe_fpga_ho/ppe_dma_passthrough/ppe_dma_passthrough.gen/sources_1/bd/dma_passthrough/ipshared/92cc/hdl/verilog/axis_passthrough_flow_control_loop_pipe.v:9]
INFO: [Synth 8-6157] synthesizing module 'axis_passthrough_regslice_both' [/home/sogang/ppe_fpga_ho/ppe_dma_passthrough/ppe_dma_passthrough.gen/sources_1/bd/dma_passthrough/ipshared/92cc/hdl/verilog/axis_passthrough_regslice_both.v:9]
INFO: [Synth 8-6155] done synthesizing module 'axis_passthrough_regslice_both' (0#1) [/home/sogang/ppe_fpga_ho/ppe_dma_passthrough/ppe_dma_passthrough.gen/sources_1/bd/dma_passthrough/ipshared/92cc/hdl/verilog/axis_passthrough_regslice_both.v:9]
INFO: [Synth 8-6157] synthesizing module 'axis_passthrough_regslice_both__parameterized0' [/home/sogang/ppe_fpga_ho/ppe_dma_passthrough/ppe_dma_passthrough.gen/sources_1/bd/dma_passthrough/ipshared/92cc/hdl/verilog/axis_passthrough_regslice_both.v:9]
INFO: [Synth 8-6155] done synthesizing module 'axis_passthrough_regslice_both__parameterized0' (0#1) [/home/sogang/ppe_fpga_ho/ppe_dma_passthrough/ppe_dma_passthrough.gen/sources_1/bd/dma_passthrough/ipshared/92cc/hdl/verilog/axis_passthrough_regslice_both.v:9]
INFO: [Synth 8-6157] synthesizing module 'axis_passthrough_regslice_both__parameterized1' [/home/sogang/ppe_fpga_ho/ppe_dma_passthrough/ppe_dma_passthrough.gen/sources_1/bd/dma_passthrough/ipshared/92cc/hdl/verilog/axis_passthrough_regslice_both.v:9]
INFO: [Synth 8-6155] done synthesizing module 'axis_passthrough_regslice_both__parameterized1' (0#1) [/home/sogang/ppe_fpga_ho/ppe_dma_passthrough/ppe_dma_passthrough.gen/sources_1/bd/dma_passthrough/ipshared/92cc/hdl/verilog/axis_passthrough_regslice_both.v:9]
INFO: [Synth 8-6155] done synthesizing module 'axis_passthrough' (0#1) [/home/sogang/ppe_fpga_ho/ppe_dma_passthrough/ppe_dma_passthrough.gen/sources_1/bd/dma_passthrough/ipshared/92cc/hdl/verilog/axis_passthrough.v:10]
INFO: [Synth 8-6155] done synthesizing module 'dma_passthrough_axis_passthrough_0_0' (0#1) [/home/sogang/ppe_fpga_ho/ppe_dma_passthrough/ppe_dma_passthrough.gen/sources_1/bd/dma_passthrough/ip/dma_passthrough_axis_passthrough_0_0/synth/dma_passthrough_axis_passthrough_0_0.v:53]
WARNING: [Synth 8-6014] Unused sequential element int_ap_done_reg was removed.  [/home/sogang/ppe_fpga_ho/ppe_dma_passthrough/ppe_dma_passthrough.gen/sources_1/bd/dma_passthrough/ipshared/92cc/hdl/verilog/axis_passthrough_control_s_axi.v:250]
WARNING: [Synth 8-7129] Port ap_done_int in module axis_passthrough_flow_control_loop_pipe is either unconnected or has no load
WARNING: [Synth 8-7129] Port WDATA[31] in module axis_passthrough_control_s_axi is either unconnected or has no load
WARNING: [Synth 8-7129] Port WDATA[30] in module axis_passthrough_control_s_axi is either unconnected or has no load
WARNING: [Synth 8-7129] Port WDATA[29] in module axis_passthrough_control_s_axi is either unconnected or has no load
WARNING: [Synth 8-7129] Port WDATA[28] in module axis_passthrough_control_s_axi is either unconnected or has no load
WARNING: [Synth 8-7129] Port WDATA[27] in module axis_passthrough_control_s_axi is either unconnected or has no load
WARNING: [Synth 8-7129] Port WDATA[26] in module axis_passthrough_control_s_axi is either unconnected or has no load
WARNING: [Synth 8-7129] Port WDATA[25] in module axis_passthrough_control_s_axi is either unconnected or has no load
WARNING: [Synth 8-7129] Port WDATA[24] in module axis_passthrough_control_s_axi is either unconnected or has no load
WARNING: [Synth 8-7129] Port WDATA[23] in module axis_passthrough_control_s_axi is either unconnected or has no load
WARNING: [Synth 8-7129] Port WDATA[22] in module axis_passthrough_control_s_axi is either unconnected or has no load
WARNING: [Synth 8-7129] Port WDATA[21] in module axis_passthrough_control_s_axi is either unconnected or has no load
WARNING: [Synth 8-7129] Port WDATA[20] in module axis_passthrough_control_s_axi is either unconnected or has no load
WARNING: [Synth 8-7129] Port WDATA[19] in module axis_passthrough_control_s_axi is either unconnected or has no load
WARNING: [Synth 8-7129] Port WDATA[18] in module axis_passthrough_control_s_axi is either unconnected or has no load
WARNING: [Synth 8-7129] Port WDATA[17] in module axis_passthrough_control_s_axi is either unconnected or has no load
WARNING: [Synth 8-7129] Port WDATA[16] in module axis_passthrough_control_s_axi is either unconnected or has no load
WARNING: [Synth 8-7129] Port WDATA[15] in module axis_passthrough_control_s_axi is either unconnected or has no load
WARNING: [Synth 8-7129] Port WDATA[14] in module axis_passthrough_control_s_axi is either unconnected or has no load
WARNING: [Synth 8-7129] Port WDATA[13] in module axis_passthrough_control_s_axi is either unconnected or has no load
WARNING: [Synth 8-7129] Port WDATA[12] in module axis_passthrough_control_s_axi is either unconnected or has no load
WARNING: [Synth 8-7129] Port WDATA[11] in module axis_passthrough_control_s_axi is either unconnected or has no load
WARNING: [Synth 8-7129] Port WDATA[10] in module axis_passthrough_control_s_axi is either unconnected or has no load
WARNING: [Synth 8-7129] Port WDATA[9] in module axis_passthrough_control_s_axi is either unconnected or has no load
WARNING: [Synth 8-7129] Port WDATA[8] in module axis_passthrough_control_s_axi is either unconnected or has no load
WARNING: [Synth 8-7129] Port WDATA[6] in module axis_passthrough_control_s_axi is either unconnected or has no load
WARNING: [Synth 8-7129] Port WDATA[5] in module axis_passthrough_control_s_axi is either unconnected or has no load
WARNING: [Synth 8-7129] Port WDATA[4] in module axis_passthrough_control_s_axi is either unconnected or has no load
WARNING: [Synth 8-7129] Port WDATA[3] in module axis_passthrough_control_s_axi is either unconnected or has no load
WARNING: [Synth 8-7129] Port WDATA[2] in module axis_passthrough_control_s_axi is either unconnected or has no load
WARNING: [Synth 8-7129] Port WSTRB[3] in module axis_passthrough_control_s_axi is either unconnected or has no load
WARNING: [Synth 8-7129] Port WSTRB[2] in module axis_passthrough_control_s_axi is either unconnected or has no load
WARNING: [Synth 8-7129] Port WSTRB[1] in module axis_passthrough_control_s_axi is either unconnected or has no load
---------------------------------------------------------------------------------
Finished RTL Elaboration : Time (s): cpu = 00:00:03 ; elapsed = 00:00:05 . Memory (MB): peak = 2990.938 ; gain = 310.738 ; free physical = 542 ; free virtual = 38581
Synthesis current peak Physical Memory [PSS] (MB): peak = 2236.658; parent = 2068.768; children = 167.891
Synthesis current peak Virtual Memory [VSS] (MB): peak = 3969.668; parent = 2990.941; children = 978.727
---------------------------------------------------------------------------------
---------------------------------------------------------------------------------
Start Handling Custom Attributes
---------------------------------------------------------------------------------
---------------------------------------------------------------------------------
Finished Handling Custom Attributes : Time (s): cpu = 00:00:03 ; elapsed = 00:00:05 . Memory (MB): peak = 3008.750 ; gain = 328.551 ; free physical = 485 ; free virtual = 38522
Synthesis current peak Physical Memory [PSS] (MB): peak = 2236.658; parent = 2068.768; children = 167.931
Synthesis current peak Virtual Memory [VSS] (MB): peak = 3987.480; parent = 3008.754; children = 978.727
---------------------------------------------------------------------------------
---------------------------------------------------------------------------------
Finished RTL Optimization Phase 1 : Time (s): cpu = 00:00:03 ; elapsed = 00:00:05 . Memory (MB): peak = 3008.750 ; gain = 328.551 ; free physical = 483 ; free virtual = 38521
Synthesis current peak Physical Memory [PSS] (MB): peak = 2236.658; parent = 2068.768; children = 167.931
Synthesis current peak Virtual Memory [VSS] (MB): peak = 3987.480; parent = 3008.754; children = 978.727
---------------------------------------------------------------------------------
Netlist sorting complete. Time (s): cpu = 00:00:00.01 ; elapsed = 00:00:00.01 . Memory (MB): peak = 3008.750 ; gain = 0.000 ; free physical = 483 ; free virtual = 38521
INFO: [Project 1-570] Preparing netlist for logic optimization

Processing XDC Constraints
Initializing timing engine
Parsing XDC File [/home/sogang/ppe_fpga_ho/ppe_dma_passthrough/ppe_dma_passthrough.gen/sources_1/bd/dma_passthrough/ip/dma_passthrough_axis_passthrough_0_0/constraints/axis_passthrough_ooc.xdc] for cell 'inst'
Finished Parsing XDC File [/home/sogang/ppe_fpga_ho/ppe_dma_passthrough/ppe_dma_passthrough.gen/sources_1/bd/dma_passthrough/ip/dma_passthrough_axis_passthrough_0_0/constraints/axis_passthrough_ooc.xdc] for cell 'inst'
Parsing XDC File [/home/sogang/ppe_fpga_ho/ppe_dma_passthrough/ppe_dma_passthrough.runs/dma_passthrough_axis_passthrough_0_0_synth_1/dont_touch.xdc]
Finished Parsing XDC File [/home/sogang/ppe_fpga_ho/ppe_dma_passthrough/ppe_dma_passthrough.runs/dma_passthrough_axis_passthrough_0_0_synth_1/dont_touch.xdc]
Completed Processing XDC Constraints

Netlist sorting complete. Time (s): cpu = 00:00:00 ; elapsed = 00:00:00 . Memory (MB): peak = 3169.469 ; gain = 0.000 ; free physical = 446 ; free virtual = 38496
INFO: [Project 1-111] Unisim Transformation Summary:
No Unisim elements were transformed.

Constraint Validation Runtime : Time (s): cpu = 00:00:00.03 ; elapsed = 00:00:00.04 . Memory (MB): peak = 3169.469 ; gain = 0.000 ; free physical = 444 ; free virtual = 38495
INFO: [Designutils 20-5008] Incremental synthesis strategy off
INFO: [Synth 8-11241] undeclared symbol 'REGCCE', assumed default net type 'wire' [/tools/Xilinx/Vivado/2022.2/data/verilog/src/unimacro/BRAM_SINGLE_MACRO.v:2170]
---------------------------------------------------------------------------------
Finished Constraint Validation : Time (s): cpu = 00:00:10 ; elapsed = 00:00:12 . Memory (MB): peak = 3169.469 ; gain = 489.270 ; free physical = 397 ; free virtual = 38474
Synthesis current peak Physical Memory [PSS] (MB): peak = 2236.658; parent = 2068.768; children = 167.931
Synthesis current peak Virtual Memory [VSS] (MB): peak = 4116.184; parent = 3137.457; children = 978.727
---------------------------------------------------------------------------------
---------------------------------------------------------------------------------
Start Loading Part and Timing Information
---------------------------------------------------------------------------------
Loading part: xck26-sfvc784-2LV-c
INFO: [Synth 8-6742] Reading net delay rules and data
---------------------------------------------------------------------------------
Finished Loading Part and Timing Information : Time (s): cpu = 00:00:10 ; elapsed = 00:00:12 . Memory (MB): peak = 3169.469 ; gain = 489.270 ; free physical = 397 ; free virtual = 38473
Synthesis current peak Physical Memory [PSS] (MB): peak = 2236.658; parent = 2068.768; children = 167.931
Synthesis current peak Virtual Memory [VSS] (MB): peak = 4116.184; parent = 3137.457; children = 978.727
---------------------------------------------------------------------------------
---------------------------------------------------------------------------------
Start Applying 'set_property' XDC Constraints
---------------------------------------------------------------------------------
Applied set_property KEEP_HIERARCHY = SOFT for inst. (constraint file  /home/sogang/ppe_fpga_ho/ppe_dma_passthrough/ppe_dma_passthrough.runs/dma_passthrough_axis_passthrough_0_0_synth_1/dont_touch.xdc, line 9).
---------------------------------------------------------------------------------
Finished applying 'set_property' XDC Constraints : Time (s): cpu = 00:00:10 ; elapsed = 00:00:12 . Memory (MB): peak = 3169.469 ; gain = 489.270 ; free physical = 397 ; free virtual = 38473
Synthesis current peak Physical Memory [PSS] (MB): peak = 2236.658; parent = 2068.768; children = 167.931
Synthesis current peak Virtual Memory [VSS] (MB): peak = 4116.184; parent = 3137.457; children = 978.727
---------------------------------------------------------------------------------
INFO: [Synth 8-802] inferred FSM for state register 'wstate_reg' in module 'axis_passthrough_control_s_axi'
INFO: [Synth 8-802] inferred FSM for state register 'rstate_reg' in module 'axis_passthrough_control_s_axi'
---------------------------------------------------------------------------------------------------
                   State |                     New Encoding |                Previous Encoding 
---------------------------------------------------------------------------------------------------
                  iSTATE |                             0001 |                               11
*
                  WRIDLE |                             0010 |                               00
                  WRDATA |                             0100 |                               01
                  WRRESP |                             1000 |                               10
---------------------------------------------------------------------------------------------------
INFO: [Synth 8-3354] encoded FSM with state register 'wstate_reg' using encoding 'one-hot' in module 'axis_passthrough_control_s_axi'
---------------------------------------------------------------------------------------------------
                   State |                     New Encoding |                Previous Encoding 
---------------------------------------------------------------------------------------------------
                  iSTATE |                              001 |                               10
*
                  RDIDLE |                              010 |                               00
                  RDDATA |                              100 |                               01
---------------------------------------------------------------------------------------------------
INFO: [Synth 8-3354] encoded FSM with state register 'rstate_reg' using encoding 'one-hot' in module 'axis_passthrough_control_s_axi'
---------------------------------------------------------------------------------
Finished RTL Optimization Phase 2 : Time (s): cpu = 00:00:10 ; elapsed = 00:00:12 . Memory (MB): peak = 3169.469 ; gain = 489.270 ; free physical = 396 ; free virtual = 38478
Synthesis current peak Physical Memory [PSS] (MB): peak = 2236.658; parent = 2068.768; children = 167.931
Synthesis current peak Virtual Memory [VSS] (MB): peak = 4116.184; parent = 3137.457; children = 978.727
---------------------------------------------------------------------------------
---------------------------------------------------------------------------------
Start RTL Component Statistics 
---------------------------------------------------------------------------------
Detailed RTL Component Info : 
+---XORs : 
	   2 Input      1 Bit         XORs := 2     
+---Registers : 
	               32 Bit    Registers := 5     
	                4 Bit    Registers := 9     
	                2 Bit    Registers := 9     
	                1 Bit    Registers := 35    
+---Muxes : 
	   5 Input   32 Bit        Muxes := 1     
	   2 Input   32 Bit        Muxes := 2     
	   4 Input    4 Bit        Muxes := 1     
	   2 Input    4 Bit        Muxes := 7     
	   3 Input    3 Bit        Muxes := 1     
	   2 Input    3 Bit        Muxes := 2     
	   2 Input    2 Bit        Muxes := 8     
	   4 Input    2 Bit        Muxes := 8     
	   2 Input    1 Bit        Muxes := 16    
---------------------------------------------------------------------------------
Finished RTL Component Statistics 
---------------------------------------------------------------------------------
---------------------------------------------------------------------------------
Start Part Resource Summary
---------------------------------------------------------------------------------
Part Resources:
DSPs: 1248 (col length:96)
BRAMs: 288 (col length: RAMB18 96 RAMB36 48)
---------------------------------------------------------------------------------
Finished Part Resource Summary
---------------------------------------------------------------------------------
---------------------------------------------------------------------------------
Start Cross Boundary and Area Optimization
---------------------------------------------------------------------------------
WARNING: [Synth 8-7080] Parallel synthesis criteria is not met
WARNING: [Synth 8-7129] Port s_axi_control_WDATA[31] in module axis_passthrough is either unconnected or has no load
WARNING: [Synth 8-7129] Port s_axi_control_WDATA[30] in module axis_passthrough is either unconnected or has no load
WARNING: [Synth 8-7129] Port s_axi_control_WDATA[29] in module axis_passthrough is either unconnected or has no load
WARNING: [Synth 8-7129] Port s_axi_control_WDATA[28] in module axis_passthrough is either unconnected or has no load
WARNING: [Synth 8-7129] Port s_axi_control_WDATA[27] in module axis_passthrough is either unconnected or has no load
WARNING: [Synth 8-7129] Port s_axi_control_WDATA[26] in module axis_passthrough is either unconnected or has no load
WARNING: [Synth 8-7129] Port s_axi_control_WDATA[25] in module axis_passthrough is either unconnected or has no load
WARNING: [Synth 8-7129] Port s_axi_control_WDATA[24] in module axis_passthrough is either unconnected or has no load
WARNING: [Synth 8-7129] Port s_axi_control_WDATA[23] in module axis_passthrough is either unconnected or has no load
WARNING: [Synth 8-7129] Port s_axi_control_WDATA[22] in module axis_passthrough is either unconnected or has no load
WARNING: [Synth 8-7129] Port s_axi_control_WDATA[21] in module axis_passthrough is either unconnected or has no load
WARNING: [Synth 8-7129] Port s_axi_control_WDATA[20] in module axis_passthrough is either unconnected or has no load
WARNING: [Synth 8-7129] Port s_axi_control_WDATA[19] in module axis_passthrough is either unconnected or has no load
WARNING: [Synth 8-7129] Port s_axi_control_WDATA[18] in module axis_passthrough is either unconnected or has no load
WARNING: [Synth 8-7129] Port s_axi_control_WDATA[17] in module axis_passthrough is either unconnected or has no load
WARNING: [Synth 8-7129] Port s_axi_control_WDATA[16] in module axis_passthrough is either unconnected or has no load
WARNING: [Synth 8-7129] Port s_axi_control_WDATA[15] in module axis_passthrough is either unconnected or has no load
WARNING: [Synth 8-7129] Port s_axi_control_WDATA[14] in module axis_passthrough is either unconnected or has no load
WARNING: [Synth 8-7129] Port s_axi_control_WDATA[13] in module axis_passthrough is either unconnected or has no load
WARNING: [Synth 8-7129] Port s_axi_control_WDATA[12] in module axis_passthrough is either unconnected or has no load
WARNING: [Synth 8-7129] Port s_axi_control_WDATA[11] in module axis_passthrough is either unconnected or has no load
WARNING: [Synth 8-7129] Port s_axi_control_WDATA[10] in module axis_passthrough is either unconnected or has no load
WARNING: [Synth 8-7129] Port s_axi_control_WDATA[9] in module axis_passthrough is either unconnected or has no load
WARNING: [Synth 8-7129] Port s_axi_control_WDATA[8] in module axis_passthrough is either unconnected or has no load
WARNING: [Synth 8-7129] Port s_axi_control_WDATA[6] in module axis_passthrough is either unconnected or has no load
WARNING: [Synth 8-7129] Port s_axi_control_WDATA[5] in module axis_passthrough is either unconnected or has no load
WARNING: [Synth 8-7129] Port s_axi_control_WDATA[4] in module axis_passthrough is either unconnected or has no load
WARNING: [Synth 8-7129] Port s_axi_control_WDATA[3] in module axis_passthrough is either unconnected or has no load
WARNING: [Synth 8-7129] Port s_axi_control_WDATA[2] in module axis_passthrough is either unconnected or has no load
WARNING: [Synth 8-7129] Port s_axi_control_WSTRB[3] in module axis_passthrough is either unconnected or has no load
WARNING: [Synth 8-7129] Port s_axi_control_WSTRB[2] in module axis_passthrough is either unconnected or has no load
WARNING: [Synth 8-7129] Port s_axi_control_WSTRB[1] in module axis_passthrough is either unconnected or has no load
WARNING: [Synth 8-3332] Sequential element (control_s_axi_U/FSM_onehot_wstate_reg[0]) is unused and will be removed from module axis_passthrough.
WARNING: [Synth 8-3332] Sequential element (control_s_axi_U/FSM_onehot_rstate_reg[0]) is unused and will be removed from module axis_passthrough.
---------------------------------------------------------------------------------
Finished Cross Boundary and Area Optimization : Time (s): cpu = 00:00:11 ; elapsed = 00:00:13 . Memory (MB): peak = 3169.469 ; gain = 489.270 ; free physical = 408 ; free virtual = 38499
Synthesis current peak Physical Memory [PSS] (MB): peak = 2236.658; parent = 2068.768; children = 167.931
Synthesis current peak Virtual Memory [VSS] (MB): peak = 4116.184; parent = 3137.457; children = 978.727
---------------------------------------------------------------------------------
---------------------------------------------------------------------------------
Start Applying XDC Timing Constraints
---------------------------------------------------------------------------------
---------------------------------------------------------------------------------
Finished Applying XDC Timing Constraints : Time (s): cpu = 00:00:18 ; elapsed = 00:00:23 . Memory (MB): peak = 3545.125 ; gain = 864.926 ; free physical = 201 ; free virtual = 37632
Synthesis current peak Physical Memory [PSS] (MB): peak = 2787.771; parent = 2619.936; children = 167.931
Synthesis current peak Virtual Memory [VSS] (MB): peak = 4523.855; parent = 3545.129; children = 978.727
---------------------------------------------------------------------------------
---------------------------------------------------------------------------------
Start Timing Optimization
---------------------------------------------------------------------------------
---------------------------------------------------------------------------------
Finished Timing Optimization : Time (s): cpu = 00:00:18 ; elapsed = 00:00:23 . Memory (MB): peak = 3576.172 ; gain = 895.973 ; free physical = 208 ; free virtual = 37592
Synthesis current peak Physical Memory [PSS] (MB): peak = 2791.853; parent = 2624.018; children = 167.931
Synthesis current peak Virtual Memory [VSS] (MB): peak = 4554.902; parent = 3576.176; children = 978.727
---------------------------------------------------------------------------------
---------------------------------------------------------------------------------
Start Technology Mapping
---------------------------------------------------------------------------------
---------------------------------------------------------------------------------
Finished Technology Mapping : Time (s): cpu = 00:00:18 ; elapsed = 00:00:23 . Memory (MB): peak = 3584.180 ; gain = 903.980 ; free physical = 206 ; free virtual = 37591
Synthesis current peak Physical Memory [PSS] (MB): peak = 2791.853; parent = 2624.018; children = 167.931
Synthesis current peak Virtual Memory [VSS] (MB): peak = 4562.910; parent = 3584.184; children = 978.727
---------------------------------------------------------------------------------
---------------------------------------------------------------------------------
Start IO Insertion
---------------------------------------------------------------------------------
---------------------------------------------------------------------------------
Start Flattening Before IO Insertion
---------------------------------------------------------------------------------
---------------------------------------------------------------------------------
Finished Flattening Before IO Insertion
---------------------------------------------------------------------------------
---------------------------------------------------------------------------------
Start Final Netlist Cleanup
---------------------------------------------------------------------------------
---------------------------------------------------------------------------------
Finished Final Netlist Cleanup
---------------------------------------------------------------------------------
---------------------------------------------------------------------------------
Finished IO Insertion : Time (s): cpu = 00:00:20 ; elapsed = 00:00:25 . Memory (MB): peak = 3584.180 ; gain = 903.980 ; free physical = 202 ; free virtual = 37592
Synthesis current peak Physical Memory [PSS] (MB): peak = 2791.853; parent = 2624.018; children = 167.931
Synthesis current peak Virtual Memory [VSS] (MB): peak = 4562.910; parent = 3584.184; children = 978.727
---------------------------------------------------------------------------------
---------------------------------------------------------------------------------
Start Renaming Generated Instances
---------------------------------------------------------------------------------
---------------------------------------------------------------------------------
Finished Renaming Generated Instances : Time (s): cpu = 00:00:20 ; elapsed = 00:00:25 . Memory (MB): peak = 3584.180 ; gain = 903.980 ; free physical = 220 ; free virtual = 37611
Synthesis current peak Physical Memory [PSS] (MB): peak = 2791.853; parent = 2624.018; children = 167.931
Synthesis current peak Virtual Memory [VSS] (MB): peak = 4562.910; parent = 3584.184; children = 978.727
---------------------------------------------------------------------------------
---------------------------------------------------------------------------------
Start Rebuilding User Hierarchy
---------------------------------------------------------------------------------
---------------------------------------------------------------------------------
Finished Rebuilding User Hierarchy : Time (s): cpu = 00:00:20 ; elapsed = 00:00:25 . Memory (MB): peak = 3584.180 ; gain = 903.980 ; free physical = 236 ; free virtual = 37626
Synthesis current peak Physical Memory [PSS] (MB): peak = 2791.853; parent = 2624.018; children = 167.931
Synthesis current peak Virtual Memory [VSS] (MB): peak = 4562.910; parent = 3584.184; children = 978.727
---------------------------------------------------------------------------------
---------------------------------------------------------------------------------
Start Renaming Generated Ports
---------------------------------------------------------------------------------
---------------------------------------------------------------------------------
Finished Renaming Generated Ports : Time (s): cpu = 00:00:20 ; elapsed = 00:00:25 . Memory (MB): peak = 3584.180 ; gain = 903.980 ; free physical = 232 ; free virtual = 37623
Synthesis current peak Physical Memory [PSS] (MB): peak = 2816.797; parent = 2635.595; children = 181.202
Synthesis current peak Virtual Memory [VSS] (MB): peak = 4562.910; parent = 3584.184; children = 978.727
---------------------------------------------------------------------------------
---------------------------------------------------------------------------------
Start Handling Custom Attributes
---------------------------------------------------------------------------------
---------------------------------------------------------------------------------
Finished Handling Custom Attributes : Time (s): cpu = 00:00:20 ; elapsed = 00:00:25 . Memory (MB): peak = 3584.180 ; gain = 903.980 ; free physical = 326 ; free virtual = 37717
Synthesis current peak Physical Memory [PSS] (MB): peak = 2818.634; parent = 2637.432; children = 181.202
Synthesis current peak Virtual Memory [VSS] (MB): peak = 4562.910; parent = 3584.184; children = 978.727
---------------------------------------------------------------------------------
---------------------------------------------------------------------------------
Start Renaming Generated Nets
---------------------------------------------------------------------------------
---------------------------------------------------------------------------------
Finished Renaming Generated Nets : Time (s): cpu = 00:00:20 ; elapsed = 00:00:25 . Memory (MB): peak = 3584.180 ; gain = 903.980 ; free physical = 322 ; free virtual = 37713
Synthesis current peak Physical Memory [PSS] (MB): peak = 2818.649; parent = 2637.447; children = 181.202
Synthesis current peak Virtual Memory [VSS] (MB): peak = 4562.910; parent = 3584.184; children = 978.727
---------------------------------------------------------------------------------
---------------------------------------------------------------------------------
Start Writing Synthesis Report
---------------------------------------------------------------------------------

Report BlackBoxes: 
+-+--------------+----------+
| |BlackBox name |Instances |
+-+--------------+----------+
+-+--------------+----------+

Report Cell Usage: 
+------+-----+------+
|      |Cell |Count |
+------+-----+------+
|1     |LUT1 |     1|
|2     |LUT2 |     7|
|3     |LUT3 |   113|
|4     |LUT4 |    18|
|5     |LUT5 |    16|
|6     |LUT6 |    14|
|7     |FDRE |   225|
+------+-----+------+
---------------------------------------------------------------------------------
Finished Writing Synthesis Report : Time (s): cpu = 00:00:20 ; elapsed = 00:00:25 . Memory (MB): peak = 3584.180 ; gain = 903.980 ; free physical = 315 ; free virtual = 37706
Synthesis current peak Physical Memory [PSS] (MB): peak = 2818.681; parent = 2637.479; children = 181.202
Synthesis current peak Virtual Memory [VSS] (MB): peak = 4562.910; parent = 3584.184; children = 978.727
---------------------------------------------------------------------------------
Synthesis finished with 0 errors, 0 critical warnings and 35 warnings.
Synthesis Optimization Runtime : Time (s): cpu = 00:00:17 ; elapsed = 00:00:21 . Memory (MB): peak = 3584.180 ; gain = 743.262 ; free physical = 305 ; free virtual = 37696
Synthesis Optimization Complete : Time (s): cpu = 00:00:20 ; elapsed = 00:00:25 . Memory (MB): peak = 3584.188 ; gain = 903.980 ; free physical = 305 ; free virtual = 37696
INFO: [Project 1-571] Translating synthesized netlist
Netlist sorting complete. Time (s): cpu = 00:00:00 ; elapsed = 00:00:00.01 . Memory (MB): peak = 3592.180 ; gain = 0.000 ; free physical = 393 ; free virtual = 37785
INFO: [Project 1-570] Preparing netlist for logic optimization
INFO: [Opt 31-138] Pushed 0 inverter(s) to 0 load pin(s).
Netlist sorting complete. Time (s): cpu = 00:00:00 ; elapsed = 00:00:00 . Memory (MB): peak = 3634.035 ; gain = 0.000 ; free physical = 499 ; free virtual = 37891
INFO: [Project 1-111] Unisim Transformation Summary:
No Unisim elements were transformed.

Synth Design complete, checksum: 2eb3ff9
INFO: [Common 17-83] Releasing license: Synthesis
39 Infos, 69 Warnings, 0 Critical Warnings and 0 Errors encountered.
synth_design completed successfully
synth_design: Time (s): cpu = 00:00:26 ; elapsed = 00:00:33 . Memory (MB): peak = 3634.035 ; gain = 1860.961 ; free physical = 672 ; free virtual = 38064
INFO: [Common 17-1381] The checkpoint '/home/sogang/ppe_fpga_ho/ppe_dma_passthrough/ppe_dma_passthrough.runs/dma_passthrough_axis_passthrough_0_0_synth_1/dma_passthrough_axis_passthrough_0_0.dcp' has been generated.
INFO: [Coretcl 2-1648] Added synthesis output to IP cache for IP dma_passthrough_axis_passthrough_0_0, cache-ID = 15831cc28bd1cefd
INFO: [Coretcl 2-1174] Renamed 10 cell refs.
INFO: [Common 17-1381] The checkpoint '/home/sogang/ppe_fpga_ho/ppe_dma_passthrough/ppe_dma_passthrough.runs/dma_passthrough_axis_passthrough_0_0_synth_1/dma_passthrough_axis_passthrough_0_0.dcp' has been generated.
INFO: [runtcl-4] Executing : report_utilization -file dma_passthrough_axis_passthrough_0_0_utilization_synth.rpt -pb dma_passthrough_axis_passthrough_0_0_utilization_synth.pb
INFO: [Common 17-206] Exiting Vivado at Fri Jul 31 10:48:25 2026...
