#@ # 
#@ # Running fc_shell Version V-2023.12-SP5 for linux64 -- Aug 01, 2024
#@ # Date:   Thu Jul  2 10:02:27 2026
#@ # Run by: edu004@SGP1
#@ 

gui_set_pref_value -category {SelectByNamePalette} -key {ObjectType} -value {Logical Cells}
lappend search_path "/DATA/home/edu004/LCOS_FC_LAB/ref/ndm"
lappend search_path "/DATA/home/ins008/FC/LCOS_FC_LAB/ref/ndm"
lappend search_path "/DATA/home/ins008/Fusion_Compiler/LCOS_FC_LAB/ref/ndm"
source setup.tcl
file mkdir logs
open_block fsc_top_CTS.nlib:fsc_top/clock_opt_build_clock
link_block
win_set_filter -visible -class cell -filter {assembly_die_margin bridge clock_margin filler_allowed_margin hard_macro_margin hard_margin route_blockage_margin seal_ring_margin soft_margin substrate} -layer {}
win_set_filter -visible -class pseudo_bump -filter {deleted} -layer {}
win_set_filter -visible -class pseudo_tsv -filter {deleted} -layer {}
win_set_filter -visible -class placement_blockage -filter {wiring} -layer {0-82}
win_set_filter -expand_cell_types {soft_macro  }
win_set_select_class -visible {cell port bound routing_blockage shaping_blockage pg_region bump_region pseudo_bump pseudo_tsv pin_blockage block_shielding topology_node topology_edge topology_repeater annotation_shape core_area die_area edit_group shape via terminal fill_cell metal_area metal_area_hole placement_blockage }
win_set_filter -class cell -filter {array assembly_die_margin bridge clock_margin filler_allowed_margin hard_macro_margin hard_margin route_blockage_margin seal_ring_margin soft_margin substrate} -layer {}
win_set_filter -class pseudo_bump -filter {deleted} -layer {}
win_set_filter -class pseudo_tsv -filter {deleted} -layer {}
win_set_filter -class placement_blockage -filter {wiring} -layer {0-82}
win_set_select_class {cell port bound routing_blockage shaping_blockage pg_region bump_region pseudo_bump pseudo_tsv pin_blockage topology_node topology_edge topology_repeater annotation_shape edit_group shape via metal_area metal_area_hole placement_blockage }
set_app_options -name cts.common.user_instance_name_prefix -value CTS_
set_app_options -name opt.common.user_instance_name_prefix -value CTS_opt_
clock_opt -from route_clock -to route_clock
config_flow
config_flow -stage cfinal_opto_prelude
set_app_options -as_user_default -list {route.global.global_route_topology_style 1}
route_group -all_clock_nets -reuse_existing_global_route true
set_app_options -as_user_default -list {route.global.global_route_topology_style 0}
save_block -as fsc_top/clock_opt_route_clock2
sh cp fc_command.log logs/cts_route_clock.log
