****************************************
Report : hierarchy
Design : fsc_top
Version: V-2023.12-SP5
Date   : Wed Jul  1 14:33:11 2026
****************************************

fsc_top_compile.nlib:fsc_top.design
  ENDCAP02                         EXPLORE_physical_only
  INVX32_HVT                       saed32hvt
  MUX41X2_HVT                      saed32hvt
  NBUFFX4_RVT                      saed32rvt
  SDFFSSRX2_HVT                    saed32hvt
  TAP02                            EXPLORE_physical_only
  clk_gen
     AND3X1_HVT                    saed32hvt
     AND4X1_HVT                    saed32hvt
     AO221X1_HVT                   saed32hvt
     AOI221X1_HVT                  saed32hvt
     CGLPPRX2_HVT                  saed32hvt
     INVX16_HVT                    saed32hvt
     INVX4_HVT                     saed32hvt
     INVX8_HVT                     saed32hvt
     NAND2X0_HVT                   saed32hvt
     NAND2X4_HVT                   saed32hvt
     NAND3X1_HVT                   saed32hvt
     NAND4X1_HVT                   saed32hvt
     NBUFFX16_HVT                  saed32hvt
     NBUFFX2_RVT                   saed32rvt
     NBUFFX4_HVT                   saed32hvt
     NOR2X0_HVT                    saed32hvt
     NOR3X0_HVT                    saed32hvt
     NOR4X1_HVT                    saed32hvt
     OA21X1_HVT                    saed32hvt
     OA221X1_HVT                   saed32hvt
     OR2X1_HVT                     saed32hvt
     OR2X4_HVT                     saed32hvt
     clock_gen
        AND2X1_HVT                 saed32hvt
        AND2X4_HVT                 saed32hvt
        AO22X1_HVT                 saed32hvt
        DFFARX1_HVT                saed32hvt
        INVX0_HVT                  saed32hvt
        INVX1_RVT                  saed32rvt
        MUX21X1_HVT                saed32hvt
        NAND3X0_HVT                saed32hvt
        NBUFFX2_HVT                saed32hvt
        NBUFFX8_HVT                saed32hvt
        NBUFFX8_RVT                saed32rvt
        OA22X1_HVT                 saed32hvt
        OR3X1_HVT                  saed32hvt
        SDFFARX1_HVT               saed32hvt
        SDFFASX1_HVT               saed32hvt
     panel_clk_by2
  datapath
     AND4X2_HVT                    saed32hvt
     AOI222X1_HVT                  saed32hvt
     NAND2X1_RVT                   saed32rvt
     OA21X1_RVT                    saed32rvt
     OR3X4_HVT                     saed32hvt
     color_interleaver
        AND3X2_HVT                 saed32hvt
        AND3X4_HVT                 saed32hvt
        AO221X2_HVT                saed32hvt
        DFFASX1_HVT                saed32hvt
        NAND2X1_HVT                saed32hvt
        NAND2X2_HVT                saed32hvt
        NOR2X4_HVT                 saed32hvt
        SDFFX1_RVT                 saed32rvt
        SRAM2RW32x32               saed32sram
     gamma_correction
        AO222X1_HVT                saed32hvt
        AO222X2_HVT                saed32hvt
        AOI21X1_HVT                saed32hvt
        AOI222X2_HVT               saed32hvt
        FADDX2_HVT                 saed32hvt
        NAND3X2_HVT                saed32hvt
        NOR2X1_HVT                 saed32hvt
        NOR4X0_HVT                 saed32hvt
        OA222X2_HVT                saed32hvt
        OA22X2_HVT                 saed32hvt
        OAI222X1_HVT               saed32hvt
        XNOR2X2_HVT                saed32hvt
        XNOR3X1_HVT                saed32hvt
        sr_d1kx16_f166c_wrap
        sr_d1kx16_f166c_wrap_0
           AND2X2_RVT              saed32rvt
           INVX2_HVT               saed32hvt
           MUX21X2_HVT             saed32hvt
           NAND2X2_RVT             saed32rvt
           NOR3X1_HVT              saed32hvt
           OA21X2_HVT              saed32hvt
           OR3X2_HVT               saed32hvt
        sr_d1kx16_f166c_wrap_1
        sr_d1kx16_f166g_wrap
           AO21X2_HVT              saed32hvt
           NAND3X4_HVT             saed32hvt
           NOR3X4_HVT              saed32hvt
           OA221X2_HVT             saed32hvt
           SRAM2RW128x16           saed32sram
     gamma_flash_fifo_control
        AND2X2_HVT                 saed32hvt
        DFFARX2_HVT                saed32hvt
        OR4X1_HVT                  saed32hvt
        load_mem_fifo
           AOI22X1_HVT             saed32hvt
           NAND2X0_LVT             saed32lvt
           OA222X1_HVT             saed32hvt
           SRAM2RW16x32            saed32sram
     input_line_buffer_control
        AND4X4_HVT                 saed32hvt
        OAI22X1_HVT                saed32hvt
        input_line_buffer
           sr_d1kx16_f166_wrap0
           sr_d1kx16_f166_wrap1
        input_line_buffer_0
           sr_d1kx16_f166_wrap0_0
           sr_d1kx16_f166_wrap1_0
              NOR3X2_HVT           saed32hvt
              OAI21X2_HVT          saed32hvt
        input_line_buffer_1
           sr_d1kx16_f166_wrap0_1
           sr_d1kx16_f166_wrap1_1
     output_fifo_control
        output_fifo_alt3
           sr_d1kx32_f233_wrap
        output_fifo_alt3_0
           NOR3X0_RVT              saed32rvt
           SDFFX2_RVT              saed32rvt
           XOR3X1_HVT              saed32hvt
           sr_d1kx32_f233_wrap_0
              AOI22X2_HVT          saed32hvt
              SRAM2RW128x32        saed32sram
     pixel_in_buffer
        AO21X1_HVT                 saed32hvt
        AO22X2_HVT                 saed32hvt
        FADDX1_HVT                 saed32hvt
        HADDX1_HVT                 saed32hvt
        MUX41X1_HVT                saed32hvt
        NAND4X0_HVT                saed32hvt
        NAND4X0_RVT                saed32rvt
        NBUFFX4_LVT                saed32lvt
        OAI21X1_HVT                saed32hvt
        OAI221X1_HVT               saed32hvt
        OR2X2_HVT                  saed32hvt
        SDFFARX2_HVT               saed32hvt
        SDFFASX2_HVT               saed32hvt
        SRAM1RW64x32               saed32sram
        XNOR2X1_HVT                saed32hvt
        XOR2X1_HVT                 saed32hvt
  main_controller_top
     main_controller
        AND4X2_RVT                 saed32rvt
        NBUFFX32_HVT               saed32hvt
        NOR4X1_RVT                 saed32rvt
        OR4X2_HVT                  saed32hvt
        address_fifo
           rf_d256x17_f166_wrap
              SRAM1RW256x32        saed32sram
        fifo_sync_d16x50_f116
        fifo_sync_d256x11_f116
           NOR2X2_HVT              saed32hvt
           rf_d256x11_f116_wrap
        fifo_sync_d64x14_f116
           SRAM2RW64x32            saed32sram
        fifo_sync_d64x29_f116
        sr_d512x72f116_MM0_wrap
        sr_d512x72f116_MMS0_wrap
           AOI221X2_HVT            saed32hvt
        sr_d512x72f116_MMS1_wrap
        sr_d512x72f116_MMS2_wrap
           NBUFFX8_LVT             saed32lvt

1
