****************************************
Report : report_abstracts
Design : lcos_cont
Version: V-2023.12-SP5
Date   : Wed Jul  1 14:55:42 2026
****************************************

Legend
    DCC - Dangling Constrained Cells


   ######## Block Instances ########
u_fsc_top: ref=fsc_top_compile.nlib:fsc_top.abstract,
           level=1, design_view_only=false, ok_to_abstract_for_planning=true ok_to_abstract_for_implementation=true

--------------------
Total 1 instances of 1 abstract view designs found in current design.

   ######## Abstract Design fsc_top ########
Library name:               /DATA/home/edu004/LCOS_FC_LAB/lab09_Hier/fsc_top_compile.nlib
Design Type:                module
Abstract Type:              timing
CCS Handled:                no
Target Use:                 implementation
Timing Level:               compact
RDE based Parasitics:       yes
Version:                    6.0
Editable:                   true
Number of leaf cells:       751
Number of Dangling Constrained Cells kept:    6
Number of additional constrained hierarchical pins kept:    0
Number of cells kept due to include_objects:    0
Full Clock Tree Inclusion:    false
Number of leaf cells in design view: 41582
Compression percentage:   98.19
Compression percentage (Excluding DCC):   98.21
Number of ports:         195
Number of PG ports:      2
---------------------------
Available modes and corners
---------------------------
Total 2 modes:
   Mode func has 1 corners:
        corner ss0p95v125c
   Mode test has 0 corners:
Total 1 corners:
   Corner ss0p95v125c has 1 modes:
        mode func

   ######## Top Level ########
Total 1 out of 1 blocks are abstracts
Number of leaf cells in all abstract blocks: 751
Number of leaf cells at top level: 25626
Number of leaf cells in current netlist: 26377
Number of leaf cells in full netlist: 67208
Compression percentage:   60.75

   ######## Summary ########
Abstract_Design               Design_Type  Abstract_Type   Editable  Compression  Compression(Excluding DCC)
fsc_top_compile.nlib:fsc_top  module       timing,compact     yes       98.19             98.21
1
