****************************************
Report : qor
        -summary
Design : lcos_cont
Version: V-2023.12-SP5
Date   : Wed Jul  1 14:55:39 2026
****************************************

Timing
---------------------------------------------------------------------------
Context                                 WNS            TNS            NVE
---------------------------------------------------------------------------
ss0p95v125c.func   (Setup)         -1984.43      -33883.11             39
Design             (Setup)         -1984.43      -33883.11             39

ss0p95v125c.func   (Hold)            -15.92        -119.39             10
Design             (Hold)            -15.92        -119.39             10
---------------------------------------------------------------------------

Miscellaneous
---------------------------------------------------------------------------
Cell Area (netlist):                        2027432.96
Cell Area (netlist and physical only):      2400189.97
Nets with DRC Violations:      191
1
