****************************************
Report : app_option
Design : fsc_top
Version: V-2023.12-SP5
Date   : Thu Jul  2 10:20:18 2026
****************************************
Name                                                                         Type                    Value                User-value          User-default System-default             Scope      Status     Source
---------------------------------------------------------------------------- ----------------------- -------------------- ------------------- ------------ -------------------------- ---------- ---------- -------------------------------------------------------------------------
route.common.advance_node_timing_driven_mode                                 bool                    false                --                  --           false                      block      normal     --
route.common.allow_pg_as_shield                                              bool                    true                 --                  --           true                       block      normal     --
route.common.check_shield                                                    bool                    true                 --                  --           true                       block      normal     --
route.common.clock_net_max_layer_mode                                        enum                    unknown              --                  --           unknown                    block      normal     --
route.common.clock_net_min_layer_mode                                        enum                    unknown              --                  --           unknown                    block      normal     --
route.common.clock_net_min_max_layer_distance_threshold                      float                   0                    --                  --           0                          block      normal     --
route.common.clock_topology                                                  enum                    normal               --                  --           normal                     block      normal     --
route.common.color_based_dpt_flow                                            bool                    false                --                  --           false                      block      normal     --
route.common.comb_distance                                                   integer                 2                    --                  --           2                          block      normal     --
route.common.concurrent_redundant_via_effort_level                           enum                    low                  --                  --           low                        block      normal     --
route.common.concurrent_redundant_via_mode                                   enum                    off                  --                  --           off                        block      normal     --
route.common.connect_floating_shapes                                         bool                    false                --                  --           false                      block      normal     --
route.common.connect_within_pins_by_layer_name                               list_of {string string} {M1 via_all_pins}    {{M1 via_all_pins}} --           --                         block      normal     /DATA/home/edu004/LCOS_FC_LAB/lab11_Routing/design_data/App_option.tcl:74
route.common.create_nets_for_floating_pins_pattern_must_join_via_ladder      bool                    false                --                  --           false                      block      normal     --
route.common.eco_fix_drc_in_changed_area_only                                bool                    false                --                  --           false                      block      normal     --
route.common.eco_route_concurrent_redundant_via_effort_level                 enum                    low                  --                  --           low                        block      normal     --
route.common.eco_route_concurrent_redundant_via_mode                         enum                    off                  --                  --           off                        block      normal     --
route.common.eco_route_fix_existing_drc                                      bool                    true                 --                  --           true                       block      normal     --
route.common.enable_explicit_cut_metal_generation                            bool                    false                --                  --           false                      block      normal     --
route.common.enable_multi_thread                                             bool                    true                 --                  --           true                       block      normal     --
route.common.extra_nonpreferred_direction_wire_cost_multiplier_by_layer_name list_of {string float}  {M1 0.1}             {{M1 0.1}}          --           --                         block      normal     /DATA/home/edu004/LCOS_FC_LAB/lab11_Routing/design_data/App_option.tcl:78
route.common.extra_preferred_direction_wire_cost_multiplier_by_layer_name    list_of {string float}  --                   --                  --           --                         block      normal     --
route.common.extra_via_cost_multiplier_by_layer_name                         list_of {string float}  --                   --                  --           --                         block      normal     --
route.common.extra_via_off_grid_cost_multiplier_by_layer_name                list_of {string float}  --                   --                  --           --                         block      normal     --
route.common.filter_redundant_via_mapping                                    bool                    true                 --                  --           true                       block      normal     --
route.common.focus_scenario                                                  string                  none                 --                  --           none                       block      normal     --
route.common.forbid_new_metal_by_layer_name                                  list_of {string string} --                   --                  --           --                         block      normal     --
route.common.freeze_layer_by_layer_name                                      list_of {string string} --                   --                  --           --                         block      normal     --
route.common.freeze_via_to_frozen_layer_by_layer_name                        list_of {string string} --                   --                  --           --                         block      normal     --
route.common.global_backside_max_layer_mode                                  enum                    soft                 --                  --           soft                       block      normal     --
route.common.global_backside_min_layer_mode                                  enum                    soft                 --                  --           soft                       block      normal     --
route.common.global_max_layer_mode                                           enum                    soft                 --                  --           soft                       block      normal     --
route.common.global_min_layer_mode                                           enum                    soft                 --                  --           soft                       block      normal     --
route.common.high_resistance_flow                                            bool                    true                 --                  --           true                       block      normal     --
route.common.ignore_var_spacing_to_blockage                                  bool                    false                --                  --           false                      block      normal     --
route.common.ignore_var_spacing_to_pg                                        bool                    false                --                  --           false                      block      normal     --
route.common.ignore_var_spacing_to_shield                                    bool                    true                 --                  --           true                       block      normal     --
route.common.mark_clock_nets_minor_change                                    bool                    true                 --                  --           true                       block      normal     --
route.common.min_edge_offset_for_macro_pin_connection_by_layer_name          list_of {string float}  --                   --                  --           --                         block      normal     --
route.common.min_edge_offset_for_top_level_pin_connection_by_layer_name      list_of {string float}  --                   --                  --           --                         block      normal     --
route.common.min_max_layer_distance_threshold                                float                   0                    --                  --           0                          block      normal     --
route.common.min_shield_length_by_layer_name                                 list_of {string float}  --                   --                  --           --                         block      normal     --
route.common.ndr_by_delta_voltage                                            bool                    false                --                  --           false                      block      normal     --
route.common.net_max_layer_mode                                              enum                    hard                 --                  --           hard                       block      normal     --
route.common.net_max_layer_mode_soft_cost                                    enum                    medium               --                  --           medium                     block      normal     --
route.common.net_min_layer_mode                                              enum                    soft                 --                  --           soft                       block      normal     --
route.common.net_min_layer_mode_soft_cost                                    enum                    medium               --                  --           medium                     block      normal     --
route.common.number_of_secondary_pg_pin_connections                          integer                 0                    --                  --           0                          block      normal     --
route.common.number_of_vias_over_global_backside_max_layer                   integer                 1                    --                  --           1                          block      normal     --
route.common.number_of_vias_over_global_max_layer                            integer                 1                    --                  --           1                          block      normal     --
route.common.number_of_vias_over_net_max_layer                               integer                 1                    --                  --           1                          block      normal     --
route.common.number_of_vias_under_global_backside_min_layer                  integer                 1                    --                  --           1                          block      normal     --
route.common.number_of_vias_under_global_min_layer                           integer                 1                    --                  --           1                          block      normal     --
route.common.number_of_vias_under_net_min_layer                              integer                 1                    --                  --           1                          block      normal     --
route.common.pg_shield_distance_threshold                                    float                   0                    --                  --           0                          block      normal     --
route.common.post_detail_route_fix_soft_violations                           bool                    false                --                  --           false                      block      normal     --
route.common.post_detail_route_redundant_via_insertion                       enum                    off                  --                  --           off                        block      normal     --
route.common.post_eco_route_fix_soft_violations                              bool                    false                --                  --           false                      block      normal     --
route.common.post_group_route_fix_soft_violations                            bool                    false                --                  --           false                      block      normal     --
route.common.post_incremental_detail_route_fix_soft_violations               bool                    false                --                  --           false                      block      normal     --
route.common.rc_driven_setup_effort_level                                    enum                    medium               --                  --           medium                     block      normal     --
route.common.redundant_via_exclude_weight_group_by_layer_name                list_of string          --                   --                  --           --                         block      normal     --
route.common.redundant_via_include_weight_group_by_layer_name                list_of string          --                   --                  --           --                         block      normal     --
route.common.relax_soft_spacing_outside_min_max_layer                        bool                    true                 --                  --           true                       block      normal     --
route.common.reroute_clock_shapes                                            bool                    false                --                  --           false                      block      normal     --
route.common.reroute_user_shapes                                             bool                    false                --                  --           false                      block      normal     --
route.common.reshield_modified_nets                                          enum                    off                  --                  --           off                        block      normal     --
route.common.rotate_default_vias                                             bool                    true                 --                  --           true                       block      normal     --
route.common.route_soft_rule_effort_level                                    enum                    medium               --                  --           medium                     block      normal     --
route.common.route_top_boundary_mode                                         enum                    stay_inside          --                  --           stay_inside                block      normal     --
route.common.routing_rule_effort_level                                       list_of string          --                   --                  --           --                         block      normal     --
route.common.separate_tie_off_from_secondary_pg                              bool                    false                --                  --           false                      block      normal     --
route.common.shielding_nets                                                  list_of string          --                   --                  --           --                         block      normal     --
route.common.single_connection_to_pins                                       enum                    off                  --                  --           off                        block      normal     --
route.common.soft_rule_weight_to_effort_level_map                            list_of {string string} {low low} {medium medium} {high high} -|- --                  --           {low low} {medium medium} {high high} -|- block      normal     --
route.common.support_staple_vias_during_routing                              bool                    false                --                  --           false                      block      normal     --
route.common.threshold_noise_ratio                                           float                   0.35                 --                  --           0.35                       block      normal     --
route.common.tie_off_mode                                                    enum                    all                  --                  --           all                        block      normal     --
route.common.track_auto_fill                                                 bool                    true                 --                  --           true                       block      normal     --
route.common.treat_all_cover_cells_as_lib_cells_for_routing                  bool                    false                --                  --           false                      block      normal     --
route.common.treat_via_array_as_big_via                                      bool                    false                --                  --           false                      block      normal     --
route.common.verbose_level                                                   integer                 0                    --                  --           0                          block      normal     --
route.common.via_array_mode                                                  enum                    all                  --                  --           all                        block      normal     --
route.common.via_ladder_top_layer_overrides_net_min_layer                    bool                    false                --                  --           false                      block      normal     --
route.common.via_on_grid_by_layer_name                                       list_of {string string} --                   --                  --           --                         block      normal     --
route.common.wide_macro_pin_as_fat_wire                                      bool                    false                --                  --           false                      block      normal     --
route.common.wire_on_grid_by_layer_name                                      list_of {string string} {M1 false}           {{M1 false}}        --           --                         block      normal     /DATA/home/edu004/LCOS_FC_LAB/lab11_Routing/design_data/App_option.tcl:77
route.common.write_instance_via_color                                        bool                    false                --                  --           false                      block      normal     --
---------------------------------------------------------------------------- ----------------------- -------------------- ------------------- ------------ -------------------------- ---------- ---------- -------------------------------------------------------------------------

There are additional internal differences with no available TBC source.

Files with Synopsys Patches
-------------------------------------------------------------------------
/DATA/home/edu004/LCOS_FC_LAB/lab11_Routing/design_data/App_option.tcl
1
