****************************************
Report : app_option
Design : fsc_top
Version: V-2023.12-SP5
Date   : Thu Jul  2 10:20:17 2026
****************************************
Name                                                                                   Type                    Value                User-value   User-default System-default             Scope      Status     Source
-------------------------------------------------------------------------------------- ----------------------- -------------------- ------------ ------------ -------------------------- ---------- ---------- --------------------------------------------------------------------------
route.detail.allow_default_rule_nets_via_ladder_lower_layer_connection                 bool                    false                --           --           false                      block      normal     --
route.detail.allow_ndr_nets_via_ladder_lower_layer_connection                          bool                    false                --           --           false                      block      normal     --
route.detail.antenna                                                                   bool                    true                 true         --           true                       block      normal     --
route.detail.antenna_fixing_preference                                                 enum                    hop_layers           --           --           hop_layers                 block      normal     --
route.detail.antenna_on_iteration                                                      integer                 1                    --           --           1                          block      normal     --
route.detail.antenna_verbose_level                                                     integer                 1                    --           --           1                          block      normal     --
route.detail.check_antenna_for_open_nets                                               bool                    false                --           --           false                      block      normal     --
route.detail.check_antenna_on_diode_pins                                               bool                    false                --           --           false                      block      normal     --
route.detail.check_antenna_on_pg                                                       bool                    false                --           --           false                      block      normal     --
route.detail.check_patchable_drc_from_fixed_shapes                                     bool                    false                --           --           false                      block      normal     --
route.detail.check_pin_min_area_min_length                                             bool                    true                 --           --           true                       block      normal     --
route.detail.check_port_min_area_min_length                                            bool                    true                 --           --           true                       block      normal     --
route.detail.check_routes_frozen_mode_include_shape_with_attribute_locked              bool                    false                --           --           false                      block      normal     --
route.detail.continue_after_large_design_rule_value_error                              bool                    false                --           --           false                      block      normal     --
route.detail.default_diode_protection                                                  float                   0                    --           --           0                          block      normal     --
route.detail.default_gate_size                                                         float                   -1                   --           --           -1                         block      normal     --
route.detail.default_nwell_size                                                        float                   -1                   --           --           -1                         block      normal     --
route.detail.default_port_external_antenna_area                                        float                   0                    --           --           0                          block      normal     --
route.detail.default_port_external_gate_size                                           float                   -1                   --           --           -1                         block      normal     --
route.detail.default_port_external_nwell_size                                          float                   -1                   --           --           -1                         block      normal     --
route.detail.delete_redundant_diodes_during_routing                                    bool                    false                --           --           false                      block      normal     --
route.detail.detail_route_special_design_rule_fixing_stage                             enum                    late_routing         --           --           late_routing               block      normal     --
route.detail.diagonal_min_width                                                        bool                    true                 --           --           true                       block      normal     --
route.detail.diode_insertion_mode                                                      enum                    new_and_spare        --           --           new_and_spare              block      normal     --
route.detail.diode_libcell_names                                                       list_of string          --                   --           --           --                         block      normal     --
route.detail.diode_preference                                                          enum                    none                 --           --           none                       block      normal     --
route.detail.drc_convergence_effort_level                                              enum                    medium               --           --           medium                     block      normal     --
route.detail.eco_max_number_of_iterations                                              integer                 -1                   --           --           -1                         block      normal     --
route.detail.eco_route_special_design_rule_fixing_stage                                enum                    late_routing         --           --           late_routing               block      normal     --
route.detail.eco_route_use_soft_spacing_for_timing_optimization                        bool                    true                 --           --           true                       block      normal     --
route.detail.elapsed_time_limit                                                        integer                 -1                   --           --           -1                         block      normal     --
route.detail.enable_fixing_selective_design_rule_violations_on_fixed_shapes            enum                    false                --           --           false                      block      normal     --
route.detail.enable_ndr_tapering_on_voltage_rule                                       bool                    true                 --           --           true                       block      normal     --
route.detail.enable_separate_pgate_ngate_antenna_ratio_check                           bool                    false                --           --           false                      block      normal     --
route.detail.force_end_on_preferred_grid                                               bool                    false                false        --           false                      block      normal     --
route.detail.force_max_number_iterations                                               bool                    false                --           --           false                      block      normal     --
route.detail.generate_extra_off_grid_pin_tracks                                        bool                    false                --           --           false                      block      normal     --
route.detail.generate_off_grid_feed_through_tracks                                     enum                    low                  --           --           low                        block      normal     --
route.detail.group_route_special_design_rule_fixing_stage                              enum                    late_routing         --           --           late_routing               block      normal     --
route.detail.hop_layers_to_fix_antenna                                                 bool                    true                 --           --           true                       block      normal     --
route.detail.ignore_drc                                                                list_of {string string} {same_net_metal_space false} {same_net_enclosed_cut_space false} {all_same_net_drc_for_frozen_net false} -|- --           --           {same_net_metal_space false} {same_net_enclosed_cut_space false} {all_same_net_drc_for_frozen_net false} -|- block      normal     --
route.detail.incremental_detail_route_special_design_rule_fixing_stage                 enum                    late_routing         --           --           late_routing               block      normal     --
route.detail.insert_diodes_during_routing                                              bool                    false                --           --           false                      block      normal     --
route.detail.insert_redundant_vias_layer_order_low_to_high                             bool                    false                --           --           false                      block      normal     --
route.detail.macro_pin_antenna_mode                                                    enum                    normal               --           --           normal                     block      normal     --
route.detail.max_antenna_fixing_pin_count_threshold                                    integer                 50                   --           --           50                         block      normal     --
route.detail.max_antenna_pin_count                                                     integer                 -1                   --           --           -1                         block      normal     --
route.detail.merge_gates_for_antenna                                                   bool                    true                 --           --           true                       block      normal     --
route.detail.min_max_layer_effort_level                                                enum                    high                 --           --           high                       block      normal     --
route.detail.ndr_layer_based_taper_distance_threshold                                  float                   -1                   --           --           -1                         block      normal     --
route.detail.optimize_partition_size_for_drc                                           bool                    false                --           --           false                      block      normal     --
route.detail.optimize_tie_off_effort_level                                             enum                    low                  --           --           low                        block      normal     --
route.detail.optimize_wire_via_effort_level                                            enum                    low                  --           --           low                        block      normal     --
route.detail.pin_taper_mode                                                            enum                    default_width        --           --           default_width              block      normal     --
route.detail.port_antenna_mode                                                         enum                    float                --           --           float                      block      normal     --
route.detail.post_process_special_design_rule_fixing_stage                             enum                    late_routing         --           --           late_routing               block      normal     --
route.detail.repair_shorts_over_hotspots_delete_entire_net_shapes                      bool                    true                 --           --           true                       block      normal     --
route.detail.repair_shorts_over_hotspots_effort_level                                  enum                    off                  --           --           off                        block      normal     --
route.detail.repair_shorts_over_hotspots_fix_all_shorts                                bool                    true                 --           --           true                       block      normal     --
route.detail.repair_shorts_over_hotspots_layer_based                                   bool                    false                --           --           false                      block      normal     --
route.detail.repair_shorts_over_hotspots_layer_based_include_same_drc_history_hotspots bool                    false                --           --           false                      block      normal     --
route.detail.repair_shorts_over_hotspots_verbose                                       bool                    false                --           --           false                      block      normal     --
route.detail.repair_shorts_over_macros_effort_level                                    enum                    off                  --           --           off                        block      normal     --
route.detail.repair_shorts_over_macros_verbose                                         bool                    false                --           --           false                      block      normal     --
route.detail.report_antenna_for_must_join_port_root                                    bool                    false                --           --           false                      block      normal     --
route.detail.report_drc_totals_by_layer                                                bool                    false                --           --           false                      block      normal     --
route.detail.report_drc_types_by_layer                                                 bool                    false                --           --           false                      block      normal     --
route.detail.report_hier_antenna_for_must_join_port_root                               bool                    false                --           --           false                      block      normal     --
route.detail.report_ignore_drc                                                         list_of string          --                   --           --           --                         block      normal     --
route.detail.report_soft_drc_separately                                                bool                    false                --           --           false                      block      normal     --
route.detail.reuse_filler_locations_for_diodes                                         bool                    true                 --           --           true                       block      normal     --
route.detail.save_after_iterations                                                     list_of integer         --                   --           --           --                         block      normal     --
route.detail.save_cell_prefix                                                          string                  DR                   --           --           DR                         block      normal     --
route.detail.shift_diode_locations_for_port_protection                                 bool                    false                --           --           false                      block      normal     --
route.detail.skip_antenna_analysis_for_nets                                            list_of string          --                   --           --           --                         block      normal     --
route.detail.skip_antenna_fixing_for_nets                                              list_of string          --                   --           --           --                         block      normal     --
route.detail.timing_driven                                                             bool                    true                 true         --           false                      block      normal     /DATA/home/edu004/LCOS_FC_LAB/lab11_Routing/design_data/App_option.tcl:163
route.detail.top_layer_antenna_fix_threshold                                           integer                 -1                   --           --           -1                         block      normal     --
route.detail.topology_eco_effort_level                                                 enum                    off                  --           --           off                        block      normal     --
route.detail.use_default_width_for_min_area_min_len_stub                               bool                    false                --           --           false                      block      normal     --
route.detail.use_lower_hierarchy_for_port_diodes                                       bool                    false                --           --           false                      block      normal     --
route.detail.use_wide_wire_effort_level                                                enum                    off                  --           --           off                        block      normal     --
route.detail.use_wide_wire_to_input_pin                                                bool                    false                --           --           false                      block      normal     --
route.detail.use_wide_wire_to_macro_pin                                                bool                    false                --           --           false                      block      normal     --
route.detail.use_wide_wire_to_output_pin                                               bool                    false                --           --           false                      block      normal     --
route.detail.use_wide_wire_to_pad_pin                                                  enum                    same_as_macro_pin    --           --           same_as_macro_pin          block      normal     --
route.detail.use_wide_wire_to_port                                                     enum                    same_as_macro_pin    --           --           same_as_macro_pin          block      normal     --
route.detail.user_defined_partition                                                    list_of integer         --                   --           --           --                         block      normal     --
route.detail.var_spacing_to_same_net                                                   bool                    false                --           --           false                      block      normal     --
route.detail.via_ladder_upper_layer_via_connection_mode                                enum                    above                --           --           above                      block      normal     --
-------------------------------------------------------------------------------------- ----------------------- -------------------- ------------ ------------ -------------------------- ---------- ---------- --------------------------------------------------------------------------

There are additional internal differences with no available TBC source.
1
