****************************************
Report : power
        -significant_digits 2
Design : fsc_top
Version: V-2023.12-SP5
Date   : Thu Jul  2 13:03:14 2026
****************************************
Information: Activity for scenario ss0p95v125c.func was cached, no propagation required. (POW-005)
Mode: func
Corner: ss0p95v125c
Scenario: ss0p95v125c.func
Voltage: 0.95
Temperature: 125.00

Voltage Unit         : 1V
Capacitance Unit     : 1pF
Time Unit            : 1ns
Temperature Unit     : 1C
Dynamic Power Unit   : 1mW
Leakage Power Unit   : 1mW

Switched supply net power scaling:
scaling for leakage power

Supply nets:
vdd (power) probability 1.00 (default)
vss (ground) probability 1.00 (default)
Warning: Power table extrapolation (extrapolation mode) for port Y on cell CTS_opt_copt_h_inst_68991 for parameter Tinp. Lowest table value = 0.016000, highest table value = 1.024000, value = 0.015068 (POW-046)
Warning: Power table extrapolation (extrapolation mode) for port Y on cell CTS_opt_copt_h_inst_68993 for parameter Tinp. Lowest table value = 0.016000, highest table value = 1.024000, value = 0.015812 (POW-046)
Warning: Power table extrapolation (extrapolation mode) for port Y on cell CTS_opt_copt_h_inst_68998 for parameter Tinp. Lowest table value = 0.016000, highest table value = 1.024000, value = 0.014877 (POW-046)
Warning: Power table extrapolation (extrapolation mode) for port D on cell u_clk_gen/u_clock_gen/sdram_clk_sel_sys_q1_reg for parameter Tinp. Lowest table value = inf, highest table value = inf, value = 0.079346 (POW-046)
Warning: Power table extrapolation (extrapolation mode) for port Q on cell u_clk_gen/u_clock_gen/sdram_clk_sel_sys_q1_reg for parameter Cout. Lowest table value = 0.000100, highest table value = 0.008000, value = 0.000000 (POW-046)
Warning: Power table extrapolation (extrapolation mode) for port SO on cell u_clk_gen/u_clock_gen/sdram_clk_sel_sys_q1_reg for parameter Cout. Lowest table value = 0.000100, highest table value = 0.008000, value = 0.000000 (POW-046)
Warning: Power table extrapolation (extrapolation mode) for port Y on cell CTS_opt_copt_h_inst_69002 for parameter Tinp. Lowest table value = 0.016000, highest table value = 1.024000, value = 0.014534 (POW-046)
Warning: Power table extrapolation (extrapolation mode) for port Y on cell CTS_opt_copt_h_inst_69016 for parameter Tinp. Lowest table value = 0.016000, highest table value = 1.024000, value = 0.014286 (POW-046)
Warning: Power table extrapolation (extrapolation mode) for port Y on cell CTS_opt_copt_h_inst_69017 for parameter Tinp. Lowest table value = 0.016000, highest table value = 1.024000, value = 0.014324 (POW-046)
Warning: Power table extrapolation (extrapolation mode) for port Y on cell CTS_opt_copt_h_inst_69018 for parameter Tinp. Lowest table value = 0.016000, highest table value = 1.024000, value = 0.014153 (POW-046)
Note - message 'POW-046' limit (10) exceeded. Remainder will be suppressed.
Warning: Fall toggles on pin u_YCrCb2RGB/X_int_reg[9]/QN are impossible given input states; converted to rise toggles. (POW-069)
Warning: Fall toggles on pin u_schedule_load_sync/MEMLOAD_reg/QN are impossible given input states; converted to rise toggles. (POW-069)
Warning: Fall toggles on pin u_schedule_load_sync/REGLOAD_reg/QN are impossible given input states; converted to rise toggles. (POW-069)
Warning: Fall toggles on pin u_schedule_load_sync/START_reg/QN are impossible given input states; converted to rise toggles. (POW-069)
Warning: Fall toggles on pin u_schedule_load_sync/ctrl_ld_clk_del_reg/QN are impossible given input states; converted to rise toggles. (POW-069)
Warning: Fall toggles on pin u_schedule_load_sync/ctrl_ld_clk80_reg/QN are impossible given input states; converted to rise toggles. (POW-069)
Warning: Fall toggles on pin u_clk_gen/u_power_manager/current_state_reg[2]/QN are impossible given input states; converted to rise toggles. (POW-069)
Warning: Fall toggles on pin u_clk_gen/u_pll_mux/pll_bypass_q1_reg/QN are impossible given input states; converted to rise toggles. (POW-069)
Warning: Fall toggles on pin u_clk_gen/u_power_manager/current_state_reg[1]/QN are impossible given input states; converted to rise toggles. (POW-069)
Warning: Fall toggles on pin u_clk_gen/u_power_manager/count_reg[31]/QN are impossible given input states; converted to rise toggles. (POW-069)
Note - message 'POW-069' limit (10) exceeded. Remainder will be suppressed.

  Cell Internal Power    = 1.44e+00 mW ( 48.4%)
  Net Switching Power    = 1.53e+00 mW ( 51.6%)
Total Dynamic Power      = 2.97e+00 mW (100.0%)

Cell Leakage Power       = 7.17e+01 mW


  Attributes
  ----------
      u  -  User defined power group
      i  -  Includes clock pin internal power

Power Group         Internal Power        Switching Power          Leakage Power            Total Power    (   %  )    Attrs
-----------------------------------------------------------------------------------------------------------------------------
io_pad                    0.00e+00               0.00e+00               0.00e+00               0.00e+00    (  0.0%)         
memory                   -1.62e+00               4.34e-02               0.00e+00              -1.58e+00    ( -2.1%)         
black_box                 0.00e+00               0.00e+00               0.00e+00               0.00e+00    (  0.0%)         
clock_network             2.62e+00               1.12e+00               1.29e+00               5.03e+00    (  6.7%)        i
register                  1.33e-01               5.69e-02               3.00e+00               3.19e+00    (  4.3%)         
sequential                0.00e+00               0.00e+00               0.00e+00               0.00e+00    (  0.0%)         
combinational             3.07e-01               3.12e-01               6.74e+01               6.80e+01    ( 91.1%)         
-----------------------------------------------------------------------------------------------------------------------------
Total                     1.44e+00 mW            1.53e+00 mW            7.17e+01 mW            7.46e+01 mW
1
