Copyright 1986-2022 Xilinx, Inc. All Rights Reserved.
-----------------------------------------------------------------------------------------------------------------------------------------------------------------------------------------------------------
| Tool Version      : Vivado v.2022.2 (lin64) Build 3671981 Fri Oct 14 04:59:54 MDT 2022
| Date              : Fri Jul 31 16:14:02 2026
| Host              : sogang-500TGA-500SGA running 64-bit Ubuntu 22.04.5 LTS
| Command           : report_bus_skew -warn_on_violation -file dma_passthrough_wrapper_bus_skew_routed.rpt -pb dma_passthrough_wrapper_bus_skew_routed.pb -rpx dma_passthrough_wrapper_bus_skew_routed.rpx
| Design            : dma_passthrough_wrapper
| Device            : xck26-sfvc784
| Speed File        : -2LV  PRODUCTION 1.30 05-15-2022
| Temperature Grade : C
-----------------------------------------------------------------------------------------------------------------------------------------------------------------------------------------------------------

Bus Skew Report

No bus skew constraints

