Warning: Timing Arc from 'u_clk_gen/u_clock_gen/C383/ctmi_32/S0' to 'u_clk_gen/u_clock_gen/C383/ctmi_32/Y' has been disabled to break loops in network of clock 'system_clk' (GRF-013)
Information: Corner ss0p95v125c: no PVT mismatches. (PVT-032)
Information: The stitching and editing of coupling caps is turned OFF for design 'fsc_top_compile.nlib:compile_initial_opto.design'. (TIM-125)
Information: Orientation ETCH is using reference direction: VERTICAL. (NEX-032)
Information: Design Average RC for design compile_initial_opto  (NEX-011)
Information: r = 1.785714 ohm/um, via_r = 0.500000 ohm/cut, c = 0.073183 ff/um, cc = 0.000000 ff/um (X dir) (NEX-017)
Information: r = 1.785714 ohm/um, via_r = 0.500000 ohm/cut, c = 0.085928 ff/um, cc = 0.000000 ff/um (Y dir) (NEX-017)
Information: The RC mode used is VR for design 'fsc_top'. (NEX-022)
Information: Update timing completed net estimation for all the timing graph nets (TIM-111)
Information: Net estimation statistics: timing graph nets = 36973, routed nets = 0, across physical hierarchy nets = 0, parasitics cached nets = 35806, delay annotated nets = 0, parasitics annotated nets = 0, multi-voltage nets = 0. (TIM-112)
************************************************************
Timer Settings:
Delay Calculation Style:                   auto
Signal Integrity Analysis:                 disabled
Timing Window Analysis:                    disabled
Advanced Waveform Propagation:             disabled
Variation Type:                            pocv
Clock Reconvergence Pessimism Removal:     disabled
Advanced Receiver Model:                   disabled
LLE:                                       disabled
ML Acceleration:                           off
Smart Arc Optimization:                    disabled
************************************************************
****************************************
Report : timing
        -path_type full
        -delay_type max
        -max_paths 1
        -report_by design
        -groups R2R
Design : fsc_top
Version: V-2023.12-SP5
Date   : Fri Jun 26 15:17:55 2026
****************************************
Information: Timer using 'POCV-Slew_Variation'. (TIM-050)

  Startpoint: u_clk_gen/u_pll_mux/pll1_ld_q2_reg (rising edge-triggered flip-flop clocked by pll1_clk_in)
  Endpoint: u_clk_gen/u_pll_mux/pll1_ld_q3_reg (rising edge-triggered flip-flop clocked by pll1_clk_in')
  Mode: func
  Corner: ss0p95v125c
  Scenario: ss0p95v125c.func
  Path Group: R2R
  Path Type: max
  Sigma:   3.00

  Point                                            Incr      Path  
  ------------------------------------------------------------------------
  clock pll1_clk_in (rise edge)                    0.00      0.00
  clock network delay (ideal)                      0.00      0.00

  u_clk_gen/u_pll_mux/pll1_ld_q2_reg/CLK (DFFARX1_HVT)
                                                   0.00      0.00 r
  u_clk_gen/u_pll_mux/pll1_ld_q2_reg/Q (DFFARX1_HVT)
                                                   0.22      0.22 f
  u_clk_gen/u_pll_mux/pll1_ld_q3_reg/D (SDFFARX1_HVT)
                                                   0.00      0.22 f
  data arrival time                                          0.22

  clock pll1_clk_in' (rise edge)                   3.79      3.79
  clock network delay (ideal)                     -1.18      2.61
  u_clk_gen/u_pll_mux/pll1_ld_q3_reg/CLK (SDFFARX1_HVT)
                                                   0.00      2.61 r
  clock uncertainty                               -1.51      1.09
  path margin                                     -1.00      0.09
  library setup time                              -0.17     -0.08
  data required time                                        -0.08
  ------------------------------------------------------------------------
  data required time                                        -0.08
  data arrival time                                         -0.22
  ------------------------------------------------------------------------
  statistical adjustment                           0.00     -0.31
  slack (VIOLATED)                                          -0.31


1
