****************************************
Report : timing
        -path_type full
        -delay_type max
        -max_paths 1
        -report_by design
Design : fsc_top
Version: V-2023.12-SP5
Date   : Fri Jun 26 15:17:55 2026
****************************************
Information: Timer using 'POCV-Slew_Variation'. (TIM-050)

  Startpoint: u_clk_gen/u_pll_mux/pll1_ld_q2_reg (rising edge-triggered flip-flop clocked by pll1_clk_in)
  Endpoint: u_clk_gen/u_pll_mux/pll1_ld_q3_reg (rising edge-triggered flip-flop clocked by pll1_clk_in')
  Mode: func
  Corner: ss0p95v125c
  Scenario: ss0p95v125c.func
  Path Group: R2R
  Path Type: max
  Sigma:   3.00

  Point                                            Incr      Path  
  ------------------------------------------------------------------------
  clock pll1_clk_in (rise edge)                    0.00      0.00
  clock network delay (ideal)                      0.00      0.00

  u_clk_gen/u_pll_mux/pll1_ld_q2_reg/CLK (DFFARX1_HVT)
                                                   0.00      0.00 r
  u_clk_gen/u_pll_mux/pll1_ld_q2_reg/Q (DFFARX1_HVT)
                                                   0.22      0.22 f
  u_clk_gen/u_pll_mux/pll1_ld_q3_reg/D (SDFFARX1_HVT)
                                                   0.00      0.22 f
  data arrival time                                          0.22

  clock pll1_clk_in' (rise edge)                   3.79      3.79
  clock network delay (ideal)                     -1.18      2.61
  u_clk_gen/u_pll_mux/pll1_ld_q3_reg/CLK (SDFFARX1_HVT)
                                                   0.00      2.61 r
  clock uncertainty                               -1.51      1.09
  path margin                                     -1.00      0.09
  library setup time                              -0.17     -0.08
  data required time                                        -0.08
  ------------------------------------------------------------------------
  data required time                                        -0.08
  data arrival time                                         -0.22
  ------------------------------------------------------------------------
  statistical adjustment                           0.00     -0.31
  slack (VIOLATED)                                          -0.31


1
