Information: Timer using 16 threads
****************************************
 Report : clock settings
 Design : compile_initial_opto
 Date   : Fri Jun 26 15:17:55 2026
****************************************


======================================
Configurations 
======================================

##Global
  Corner = ss0p95v125c
    Max transition: 0.400
    Max capacitance: 0.600 (default)
    Target skew: 0 (default)
    Target latency: Not specified

##pll1_clk_in
  Corner = ss0p95v125c
    Max transition: 0.080
    Max capacitance: 0.600 (default)
    Target skew: 0 (default)
    Target latency: Not specified

##pll2_clk_in
  Corner = ss0p95v125c
    Max transition: 0.080
    Max capacitance: 0.600 (default)
    Target skew: 0 (default)
    Target latency: Not specified

##pixel_clk
  Corner = ss0p95v125c
    Max transition: 0.080
    Max capacitance: 0.600 (default)
    Target skew: 0 (default)
    Target latency: Not specified

##system_clk
  Corner = ss0p95v125c
    Max transition: 0.080
    Max capacitance: 0.600 (default)
    Target skew: 0 (default)
    Target latency: Not specified

##comp_clk
  Corner = ss0p95v125c
    Max transition: 0.080
    Max capacitance: 0.600 (default)
    Target skew: 0 (default)
    Target latency: Not specified

##i2c_scl
  Corner = ss0p95v125c
    Max transition: 0.080
    Max capacitance: 0.600 (default)
    Target skew: 0 (default)
    Target latency: Not specified

##system_clk_div2
  Corner = ss0p95v125c
    Max transition: 0.080
    Max capacitance: 0.600 (default)

##pll2_clk_div2
  Corner = ss0p95v125c
    Max transition: 0.080
    Max capacitance: 0.600 (default)

##panel_clk_inv_gate
  Corner = ss0p95v125c
    Max transition: 0.080
    Max capacitance: 0.600 (default)

##panel_clk_dly
  Corner = ss0p95v125c
    Max transition: 0.080
    Max capacitance: 0.600 (default)

##panel_clk_gate
  Corner = ss0p95v125c
    Max transition: 0.080
    Max capacitance: 0.600 (default)

##system_clk_int
  Corner = ss0p95v125c
    Max transition: 0.080
    Max capacitance: 0.600 (default)

##flash_clk_gate
  Corner = ss0p95v125c
    Max transition: 0.080
    Max capacitance: 0.600 (default)

##i2c_clk
  Corner = ss0p95v125c
    Max transition: 0.080
    Max capacitance: 0.600 (default)

##sdram_clk_gate
  Corner = ss0p95v125c
    Max transition: 0.080
    Max capacitance: 0.600 (default)

##sdram_clk
  Corner = ss0p95v125c
    Max transition: 0.080
    Max capacitance: 0.600 (default)

##pixel_comp_clk_pix
  Corner = ss0p95v125c
    Max transition: 0.080
    Max capacitance: 0.600 (default)


======================================
Routing Rules 
======================================

##Global
Routing rule for sink nets: cts_w1_s2  Min Layer:M4 Max Layer:M6
Routing rule for internal nets: Not specified
Routing rule for root nets: Not specified
Routing rule for all nets: cts_w2_s2_vlg  Min Layer:M4 Max Layer:M6
Net-based routing rules (by set_clock_routing_rule): Not specified
Net-based routing rules (by set_routing_rule): Not specified

##pll1_clk_in
Routing rule for sink nets: Not specified
Routing rule for internal nets: Not specified
Routing rule for root nets: Not specified
Routing rule for all nets: Not specified
Net-based routing rules (by set_clock_routing_rule): Not specified
Net-based routing rules (by set_routing_rule): Not specified

##pll2_clk_in
Routing rule for sink nets: Not specified
Routing rule for internal nets: Not specified
Routing rule for root nets: Not specified
Routing rule for all nets: Not specified
Net-based routing rules (by set_clock_routing_rule): Not specified
Net-based routing rules (by set_routing_rule): Not specified

##pixel_clk
Routing rule for sink nets: Not specified
Routing rule for internal nets: Not specified
Routing rule for root nets: Not specified
Routing rule for all nets: Not specified
Net-based routing rules (by set_clock_routing_rule): Not specified
Net-based routing rules (by set_routing_rule): Not specified

##system_clk
Routing rule for sink nets: Not specified
Routing rule for internal nets: Not specified
Routing rule for root nets: Not specified
Routing rule for all nets: Not specified
Net-based routing rules (by set_clock_routing_rule): Not specified
Net-based routing rules (by set_routing_rule): Not specified

##comp_clk
Routing rule for sink nets: Not specified
Routing rule for internal nets: Not specified
Routing rule for root nets: Not specified
Routing rule for all nets: Not specified
Net-based routing rules (by set_clock_routing_rule): Not specified
Net-based routing rules (by set_routing_rule): Not specified

##i2c_scl
Routing rule for sink nets: Not specified
Routing rule for internal nets: Not specified
Routing rule for root nets: Not specified
Routing rule for all nets: Not specified
Net-based routing rules (by set_clock_routing_rule): Not specified
Net-based routing rules (by set_routing_rule): Not specified


======================================
Buffers and Inverters 
======================================

##Buffers
Name                                   Area      Max Transition       Max Load
------------------------------------------------------------------------------

##Inverters
Name                                   Area      Max Transition       Max Load
------------------------------------------------------------------------------
saed32hvt/INVX16_HVT                  5.083               1.024          0.082
saed32hvt/INVX32_HVT                  9.149               1.024          0.168
saed32hvt/INVX4_HVT                   2.033               1.024          0.032
saed32hvt/INVX8_HVT                   3.050               1.024          0.064
saed32lvt/INVX16_LVT                  5.083               1.024          0.082
saed32lvt/INVX32_LVT                  9.149               1.024          0.168
saed32lvt/INVX4_LVT                   2.033               1.024          0.032
saed32lvt/INVX8_LVT                   3.050               1.024          0.064
saed32rvt/INVX16_RVT                  5.083               1.024          0.082
saed32rvt/INVX32_RVT                  9.149               1.024          0.168
saed32rvt/INVX4_RVT                   2.033               1.024          0.032
saed32rvt/INVX8_RVT                   3.050               1.024          0.064


======================================
Spacing Rules 
======================================

##By design
No by design spacing rule is specified

##By clock
No by clock spacing rule is specified

##By libcell
No by libcell spacing rule is specified

##By clock and libcell
No by clock and libcell spacing rule is specified
1
