****************************************
Report : qor
        -summary
Design : fsc_top
Version: V-2023.12-SP5
Date   : Wed Jul  1 11:29:00 2026
****************************************
Information: Timer using 'POCV-Slew_Variation'. (TIM-050)

Timing
---------------------------------------------------------------------------
Context                                 WNS            TNS            NVE
---------------------------------------------------------------------------
ss0p95v125c.func   (Setup)        -12148.71   -12466029.02           2360
ss0p95v125c.test   (Setup)            10.00           0.00              0
Design             (Setup)        -12148.71   -12466029.02           2360

ss0p95v125c.func   (Hold)            -30.08         -89.21             11
Design             (Hold)            -30.08         -89.21             11
---------------------------------------------------------------------------

Miscellaneous
---------------------------------------------------------------------------
Cell Area (netlist):                         562719.66
Cell Area (netlist and physical only):       568646.80
Nets with DRC Violations:     3131
1
