****************************************
Report : qor
        -summary
Design : fsc_top
Version: V-2023.12-SP5
Date   : Wed Jul  1 11:30:55 2026
****************************************
Information: Timer using 'POCV-Slew_Variation'. (TIM-050)

Timing
---------------------------------------------------------------------------
Context                                 WNS            TNS            NVE
---------------------------------------------------------------------------
ss0p95v125c.func   (Setup)         -2259.32    -2350378.12           2134
ss0p95v125c.test   (Setup)            10.00           0.00              0
Design             (Setup)         -2259.32    -2350378.12           2134

ss0p95v125c.func   (Hold)            -29.65         -65.87             11
Design             (Hold)            -29.65         -65.87             11
---------------------------------------------------------------------------

Miscellaneous
---------------------------------------------------------------------------
Cell Area (netlist):                         557412.88
Cell Area (netlist and physical only):       563340.02
Nets with DRC Violations:     2541
1
