****************************************
Report : constraint
        -all_violators
Design : fsc_top
Version: V-2023.12-SP5
Date   : Wed Jul  1 11:37:15 2026
****************************************


Information: DRC disabled for 'clock and constant' nets. (UIC-100)
   late_timing
   -----------

Information: Timer using 'POCV-Slew_Variation'. (TIM-050)
Endpoint                         Path Delay     Path Required       CRP    Slack Group    Scenario
----------------------------------------------------------------------------------------------------------
ycrcb_pad_tx[9] (out)             12.29 f        10.47           0.00    -1.82   **in2out_default**
                                                                                          ss0p95v125c.func
ycrcb_pad_tx[2] (out)             12.20 f        10.47           0.00    -1.73   **in2out_default**
                                                                                          ss0p95v125c.func

   early_timing
   -----------

Information: Timer using 'POCV-Slew_Variation'. (TIM-050)
Endpoint                         Path Delay     Path Required       CRP    Slack Group    Scenario
----------------------------------------------------------------------------------------------------------
u_clk_gen/u_clock_gen/ctmi_155/A2 (NAND3X0_RVT)
                                   4.05 f         7.19           0.00    -3.14   pll1_clk_in
                                                                                          ss0p95v125c.func
u_clk_gen/u_clock_gen/ctmi_154/A2 (NAND3X0_RVT)
                                  14.05 r        27.32           0.00   -13.27   pixel_clk
                                                                                          ss0p95v125c.func
u_clk_gen/u_clock_gen/pixel_comp_clk_en_reg/D (DFFARX1_HVT)
                                   1.72 f         2.48           0.00    -0.76   pixel_clk
                                                                                          ss0p95v125c.func
u_clk_gen/u_clock_gen/pixel_comp_clk_q_reg/D (DFFARX1_HVT)
                                   1.72 f         2.48           0.00    -0.75   pixel_clk
                                                                                          ss0p95v125c.func
u_clk_gen/u_clock_gen/pixel_clk_sel_q2_reg/D (DFFARX1_HVT)
                                   1.73 f         2.48           0.00    -0.75   pixel_clk
                                                                                          ss0p95v125c.func
u_clk_gen/u_clock_gen/ctmi_154/A1 (NAND3X0_RVT)
                                   1.50 r         2.22           0.00    -0.72   pixel_clk
                                                                                          ss0p95v125c.func
u_clk_gen/u_clock_gen/C380/ctmi_38/S0 (MUX21X1_HVT)
                                  14.05 r        14.67           0.00    -0.62   pixel_clk
                                                                                          ss0p95v125c.func
u_clk_gen/u_clock_gen/ctmi_157/A2 (NAND3X0_RVT)
                                  15.37 f        29.96           0.00   -14.58   system_clk
                                                                                          ss0p95v125c.func
u_clk_gen/u_clock_gen/comp_clk_sel_q2_reg/D (DFFARX1_HVT)
                                   1.66 f         2.47           0.00    -0.81   comp_clk ss0p95v125c.func
u_clk_gen/u_clock_gen/ctmi_156/A2 (NAND3X0_RVT)
                                  30.53 f        60.20           0.00   -29.67   system_clk_div2
                                                                                          ss0p95v125c.func

   Mode: func Corner: ss0p95v125c
   Scenario: ss0p95v125c.func
   max_transition                                                              
                             Required        Actual                            
   Net                      Transition     Transition        Slack  Violation  
  ---------------------------------------------------------------------------
   scan_clk                     0.21           0.61          -0.40  (VIOLATED) 
     PIN : ctmi_1127/Y          0.21           0.61          -0.40  (VIOLATED) 
     PIN : u_clk_gen/u_clock_gen/C377/ctmi_33/A2
                                0.40           0.61          -0.21  (VIOLATED) 
     PIN : u_clk_gen/u_clock_gen/C374/ctmi_24/A2
                                0.40           0.61          -0.21  (VIOLATED) 
     PIN : u_clk_gen/u_clock_gen/C375/ctmi_30/A2
                                0.40           0.61          -0.21  (VIOLATED) 
     PIN : u_clk_gen/u_pll_mux/C87/ctmi_3/A2
                                0.40           0.61          -0.21  (VIOLATED) 
     PIN : u_clk_gen/u_clock_gen/C373/ctmi_28/A2
                                0.40           0.61          -0.21  (VIOLATED) 
     PIN : u_clk_gen/u_clock_gen/C384/ctmi_37/A2
                                0.40           0.61          -0.21  (VIOLATED) 
     PIN : u_clk_gen/u_clock_gen/C388/ctmi_34/A2
                                0.40           0.61          -0.21  (VIOLATED) 
     PIN : u_clk_gen/u_clock_gen/C370/ctmi_23/A2
                                0.40           0.61          -0.21  (VIOLATED) 
     PIN : u_clk_gen/u_clock_gen/C367/ctmi_20/A2
                                0.40           0.61          -0.21  (VIOLATED) 
     PIN : u_clk_gen/u_clock_gen/C372/ctmi_27/A2
                                0.40           0.61          -0.21  (VIOLATED) 
     PIN : u_clk_gen/u_clock_gen/C385/ctmi_35/A2
                                0.40           0.61          -0.21  (VIOLATED) 
     PIN : u_clk_gen/u_clock_gen/C376/ctmi_25/A2
                                0.40           0.61          -0.21  (VIOLATED) 
     PIN : u_clk_gen/u_clock_gen/ctmi_161/A4
                                0.40           0.61          -0.21  (VIOLATED) 
     PIN : u_clk_gen/u_clock_gen/C382/ctmi_29/A2
                                0.40           0.61          -0.21  (VIOLATED) 
     PIN : u_clk_gen/u_clock_gen/C369/ctmi_22/A2
                                0.40           0.61          -0.21  (VIOLATED) 
     PIN : u_clk_gen/u_pll_mux/C88/ctmi_4/A2
                                0.40           0.61          -0.21  (VIOLATED) 
     PIN : u_clk_gen/u_clock_gen/C389/ctmi_31/A2
                                0.40           0.61          -0.21  (VIOLATED) 
     PIN : u_clk_gen/u_clock_gen/C368/ctmi_21/A2
                                0.40           0.61          -0.21  (VIOLATED) 
     PIN : u_clk_gen/u_clock_gen/C383/ctmi_32/A2
                                0.40           0.61          -0.21  (VIOLATED) 
     PIN : u_clk_gen/u_pll_mux/C89/ctmi_5/A2
                                0.40           0.61          -0.21  (VIOLATED) 
     PIN : u_clk_gen/u_clock_gen/C371/ctmi_26/A2
                                0.40           0.61          -0.21  (VIOLATED) 
     PIN : u_clk_gen/u_clock_gen/C386/ctmi_36/A2
                                0.40           0.61          -0.21  (VIOLATED) 

   u_main_controller_top/u_main_controller/DOUT[28]
                                0.40           0.43          -0.03  (VIOLATED) 
     PIN : u_main_controller_top/u_main_controller/iram_word_reg[0]/D
                                0.40           0.43          -0.03  (VIOLATED) 
     PIN : u_main_controller_top/u_main_controller/A15660/A2
                                0.40           0.43          -0.03  (VIOLATED) 
     PIN : u_main_controller_top/u_main_controller/u_sr_d512x72f116_MM0_wrap/A30843/A3
                                0.40           0.43          -0.03  (VIOLATED) 
     PIN : u_main_controller_top/u_main_controller/u_sr_d512x72f116_MM0_wrap/u_rf_d128x32/O2[28]
                                0.40           0.43          -0.03  (VIOLATED) 

   u_datapath/u_pixel_in_buffer/buffer1_read_data[16]
                                0.40           0.40          -0.00  (VIOLATED) 
     PIN : u_datapath/u_pixel_in_buffer/A27515/A4
                                0.40           0.40          -0.00  (VIOLATED) 

  ---------------------------------------------------------------------------
   Number of max_transition violation(s): 3

   Mode: func Corner: ss0p95v125c
   Scenario: ss0p95v125c.func
   max_capacitance                                                             
                             Required        Actual                            
   Net                      Capacitance    Capacitance       Slack  Violation  
  ---------------------------------------------------------------------------
   scan_clk                     8.00          50.10         -42.10  (VIOLATED) 
     PIN : ctmi_1127/Y          8.00          50.10         -42.10  (VIOLATED) 

   u_main_controller_top/u_main_controller/DOUT[28]
                               25.00          43.91         -18.91  (VIOLATED) 
     PIN : u_main_controller_top/u_main_controller/u_sr_d512x72f116_MM0_wrap/u_rf_d128x32/O2[28]
                               25.00          43.91         -18.91  (VIOLATED) 

   u_datapath/u_pixel_in_buffer/buffer1_read_data[16]
                               25.00          41.07         -16.07  (VIOLATED) 
     PIN : u_datapath/u_pixel_in_buffer/u_sr_s64x32_1/O[16]
                               25.00          41.07         -16.07  (VIOLATED) 

   u_datapath/u_pixel_in_buffer/buffer1_read_data[19]
                               25.00          39.87         -14.87  (VIOLATED) 
     PIN : u_datapath/u_pixel_in_buffer/u_sr_s64x32_1/O[19]
                               25.00          39.87         -14.87  (VIOLATED) 

   u_datapath/u_gamma_correction/current_change_value4_a[3]
                               25.00          39.67         -14.67  (VIOLATED) 
     PIN : u_datapath/u_gamma_correction/u_sr_d1kx16_f166c_compensation_table_0_wrap/u_rf_d128x16/O2[3]
                               25.00          39.67         -14.67  (VIOLATED) 

   u_datapath/u_pixel_in_buffer/buffer1_read_data[21]
                               25.00          39.49         -14.49  (VIOLATED) 
     PIN : u_datapath/u_pixel_in_buffer/u_sr_s64x32_1/O[21]
                               25.00          39.49         -14.49  (VIOLATED) 

   u_datapath/u_pixel_in_buffer/buffer1_read_data[20]
                               25.00          39.46         -14.46  (VIOLATED) 
     PIN : u_datapath/u_pixel_in_buffer/u_sr_s64x32_1/O[20]
                               25.00          39.46         -14.46  (VIOLATED) 

   u_datapath/u_pixel_in_buffer/buffer1_read_data[23]
                               25.00          39.23         -14.23  (VIOLATED) 
     PIN : u_datapath/u_pixel_in_buffer/u_sr_s64x32_1/O[23]
                               25.00          39.23         -14.23  (VIOLATED) 

   u_datapath/u_gamma_correction/current_change_value4_a[0]
                               25.00          39.17         -14.17  (VIOLATED) 
     PIN : u_datapath/u_gamma_correction/u_sr_d1kx16_f166c_compensation_table_0_wrap/u_rf_d128x16/O2[0]
                               25.00          39.17         -14.17  (VIOLATED) 

   u_datapath/u_pixel_in_buffer/buffer1_read_data[22]
                               25.00          38.84         -13.84  (VIOLATED) 
     PIN : u_datapath/u_pixel_in_buffer/u_sr_s64x32_1/O[22]
                               25.00          38.84         -13.84  (VIOLATED) 

   u_datapath/u_gamma_correction/current_change_value4_a[1]
                               25.00          38.63         -13.63  (VIOLATED) 
     PIN : u_datapath/u_gamma_correction/u_sr_d1kx16_f166c_compensation_table_0_wrap/u_rf_d128x16/O2[1]
                               25.00          38.63         -13.63  (VIOLATED) 

   u_datapath/u_pixel_in_buffer/buffer1_read_data[0]
                               25.00          38.58         -13.58  (VIOLATED) 
     PIN : u_datapath/u_pixel_in_buffer/u_sr_s64x32_1/O[0]
                               25.00          38.58         -13.58  (VIOLATED) 

   u_datapath/u_gamma_correction/current_change_value4_a[2]
                               25.00          38.24         -13.24  (VIOLATED) 
     PIN : u_datapath/u_gamma_correction/u_sr_d1kx16_f166c_compensation_table_0_wrap/u_rf_d128x16/O2[2]
                               25.00          38.24         -13.24  (VIOLATED) 

   u_datapath/u_pixel_in_buffer/buffer1_read_data[1]
                               25.00          38.18         -13.18  (VIOLATED) 
     PIN : u_datapath/u_pixel_in_buffer/u_sr_s64x32_1/O[1]
                               25.00          38.18         -13.18  (VIOLATED) 

   u_datapath/u_pixel_in_buffer/buffer1_read_data[11]
                               25.00          38.17         -13.17  (VIOLATED) 
     PIN : u_datapath/u_pixel_in_buffer/u_sr_s64x32_1/O[11]
                               25.00          38.17         -13.17  (VIOLATED) 

   u_datapath/u_pixel_in_buffer/buffer1_read_data[10]
                               25.00          37.99         -12.99  (VIOLATED) 
     PIN : u_datapath/u_pixel_in_buffer/u_sr_s64x32_1/O[10]
                               25.00          37.99         -12.99  (VIOLATED) 

   u_datapath/u_pixel_in_buffer/buffer1_read_data[13]
                               25.00          37.80         -12.80  (VIOLATED) 
     PIN : u_datapath/u_pixel_in_buffer/u_sr_s64x32_1/O[13]
                               25.00          37.80         -12.80  (VIOLATED) 

   u_datapath/u_pixel_in_buffer/buffer1_read_data[4]
                               25.00          37.04         -12.04  (VIOLATED) 
     PIN : u_datapath/u_pixel_in_buffer/u_sr_s64x32_1/O[4]
                               25.00          37.04         -12.04  (VIOLATED) 

   u_datapath/u_pixel_in_buffer/buffer1_read_data[7]
                               25.00          37.02         -12.02  (VIOLATED) 
     PIN : u_datapath/u_pixel_in_buffer/u_sr_s64x32_1/O[7]
                               25.00          37.02         -12.02  (VIOLATED) 

   u_datapath/u_pixel_in_buffer/buffer1_read_data[5]
                               25.00          37.00         -12.00  (VIOLATED) 
     PIN : u_datapath/u_pixel_in_buffer/u_sr_s64x32_1/O[5]
                               25.00          37.00         -12.00  (VIOLATED) 

   u_datapath/u_pixel_in_buffer/buffer1_read_data[6]
                               25.00          36.88         -11.88  (VIOLATED) 
     PIN : u_datapath/u_pixel_in_buffer/u_sr_s64x32_1/O[6]
                               25.00          36.88         -11.88  (VIOLATED) 

   u_datapath/u_pixel_in_buffer/buffer1_read_data[14]
                               25.00          36.85         -11.85  (VIOLATED) 
     PIN : u_datapath/u_pixel_in_buffer/u_sr_s64x32_1/O[14]
                               25.00          36.85         -11.85  (VIOLATED) 

   u_datapath/u_pixel_in_buffer/buffer1_read_data[17]
                               25.00          36.64         -11.64  (VIOLATED) 
     PIN : u_datapath/u_pixel_in_buffer/u_sr_s64x32_1/O[17]
                               25.00          36.64         -11.64  (VIOLATED) 

   u_datapath/u_pixel_in_buffer/buffer1_read_data[15]
                               25.00          36.36         -11.36  (VIOLATED) 
     PIN : u_datapath/u_pixel_in_buffer/u_sr_s64x32_1/O[15]
                               25.00          36.36         -11.36  (VIOLATED) 

   u_datapath/u_pixel_in_buffer/buffer1_read_data[2]
                               25.00          36.22         -11.22  (VIOLATED) 
     PIN : u_datapath/u_pixel_in_buffer/u_sr_s64x32_1/O[2]
                               25.00          36.22         -11.22  (VIOLATED) 

   u_main_controller_top/u_main_controller/DOUT_STATIC_2[5]
                               25.00          35.68         -10.68  (VIOLATED) 
     PIN : u_main_controller_top/u_main_controller/u_sr_d512x72f116_MMS2_wrap/u_rf_d128x32/O2[5]
                               25.00          35.68         -10.68  (VIOLATED) 

   u_datapath/u_pixel_in_buffer/buffer1_read_data[9]
                               25.00          35.02         -10.02  (VIOLATED) 
     PIN : u_datapath/u_pixel_in_buffer/u_sr_s64x32_1/O[9]
                               25.00          35.02         -10.02  (VIOLATED) 

   u_datapath/u_pixel_in_buffer/buffer1_read_data[8]
                               25.00          34.37          -9.37  (VIOLATED) 
     PIN : u_datapath/u_pixel_in_buffer/u_sr_s64x32_1/O[8]
                               25.00          34.37          -9.37  (VIOLATED) 

   u_main_controller_top/u_main_controller/DOUT[5]
                               25.00          33.75          -8.75  (VIOLATED) 
     PIN : u_main_controller_top/u_main_controller/u_sr_d512x72f116_MM0_wrap/u_rf_d128x32/O2[5]
                               25.00          33.75          -8.75  (VIOLATED) 

   u_main_controller_top/u_main_controller/control2flash_dout_2[14]
                               25.00          33.51          -8.51  (VIOLATED) 
     PIN : u_main_controller_top/u_main_controller/u_sr_d512x72f116_MMS2_wrap/u_rf_d128x32/O1[14]
                               25.00          33.51          -8.51  (VIOLATED) 

   u_main_controller_top/u_main_controller/DOUT_STATIC_2[6]
                               25.00          33.35          -8.35  (VIOLATED) 
     PIN : u_main_controller_top/u_main_controller/u_sr_d512x72f116_MMS2_wrap/u_rf_d128x32/O2[6]
                               25.00          33.35          -8.35  (VIOLATED) 

   u_main_controller_top/u_main_controller/control2flash_dout_2[19]
                               25.00          33.28          -8.28  (VIOLATED) 
     PIN : u_main_controller_top/u_main_controller/u_sr_d512x72f116_MMS2_wrap/u_rf_d128x32/O1[19]
                               25.00          33.28          -8.28  (VIOLATED) 

   u_main_controller_top/u_main_controller/control2flash_dout_2[13]
                               25.00          33.24          -8.24  (VIOLATED) 
     PIN : u_main_controller_top/u_main_controller/u_sr_d512x72f116_MMS2_wrap/u_rf_d128x32/O1[13]
                               25.00          33.24          -8.24  (VIOLATED) 

   u_main_controller_top/u_main_controller/DOUT[6]
                               25.00          33.08          -8.08  (VIOLATED) 
     PIN : u_main_controller_top/u_main_controller/u_sr_d512x72f116_MM0_wrap/u_rf_d128x32/O2[6]
                               25.00          33.08          -8.08  (VIOLATED) 

   u_main_controller_top/u_main_controller/DOUT_STATIC_2[4]
                               25.00          32.99          -7.99  (VIOLATED) 
     PIN : u_main_controller_top/u_main_controller/u_sr_d512x72f116_MMS2_wrap/u_rf_d128x32/O2[4]
                               25.00          32.99          -7.99  (VIOLATED) 

   u_main_controller_top/u_main_controller/DOUT_STATIC_2[19]
                               25.00          32.94          -7.94  (VIOLATED) 
     PIN : u_main_controller_top/u_main_controller/u_sr_d512x72f116_MMS2_wrap/u_rf_d128x32/O2[19]
                               25.00          32.94          -7.94  (VIOLATED) 

   u_main_controller_top/u_main_controller/DOUT_STATIC_2[28]
                               25.00          32.92          -7.92  (VIOLATED) 
     PIN : u_main_controller_top/u_main_controller/u_sr_d512x72f116_MMS2_wrap/u_rf_d128x32/O2[28]
                               25.00          32.92          -7.92  (VIOLATED) 

   u_main_controller_top/u_main_controller/control2flash_dout_2[11]
                               25.00          32.83          -7.83  (VIOLATED) 
     PIN : u_main_controller_top/u_main_controller/u_sr_d512x72f116_MMS2_wrap/u_rf_d128x32/O1[11]
                               25.00          32.83          -7.83  (VIOLATED) 

   u_main_controller_top/u_main_controller/control2flash_dout_2[26]
                               25.00          32.74          -7.74  (VIOLATED) 
     PIN : u_main_controller_top/u_main_controller/u_sr_d512x72f116_MMS2_wrap/u_rf_d128x32/O1[26]
                               25.00          32.74          -7.74  (VIOLATED) 

   u_main_controller_top/u_main_controller/control2flash_dout_2[23]
                               25.00          32.58          -7.58  (VIOLATED) 
     PIN : u_main_controller_top/u_main_controller/u_sr_d512x72f116_MMS2_wrap/u_rf_d128x32/O1[23]
                               25.00          32.58          -7.58  (VIOLATED) 

   u_main_controller_top/u_main_controller/control2flash_dout_2[5]
                               25.00          32.46          -7.46  (VIOLATED) 
     PIN : u_main_controller_top/u_main_controller/u_sr_d512x72f116_MMS2_wrap/u_rf_d128x32/O1[5]
                               25.00          32.46          -7.46  (VIOLATED) 

   u_main_controller_top/u_main_controller/control2flash_dout_2[21]
                               25.00          32.34          -7.34  (VIOLATED) 
     PIN : u_main_controller_top/u_main_controller/u_sr_d512x72f116_MMS2_wrap/u_rf_d128x32/O1[21]
                               25.00          32.34          -7.34  (VIOLATED) 

   u_datapath/u_pixel_in_buffer/buffer1_read_data[3]
                               25.00          32.32          -7.32  (VIOLATED) 
     PIN : u_datapath/u_pixel_in_buffer/u_sr_s64x32_1/O[3]
                               25.00          32.32          -7.32  (VIOLATED) 

   u_main_controller_top/u_main_controller/DOUT[11]
                               25.00          32.31          -7.31  (VIOLATED) 
     PIN : u_main_controller_top/u_main_controller/u_sr_d512x72f116_MM0_wrap/u_rf_d128x32/O2[11]
                               25.00          32.31          -7.31  (VIOLATED) 

   u_main_controller_top/u_main_controller/control2flash_dout_2[20]
                               25.00          32.30          -7.30  (VIOLATED) 
     PIN : u_main_controller_top/u_main_controller/u_sr_d512x72f116_MMS2_wrap/u_rf_d128x32/O1[20]
                               25.00          32.30          -7.30  (VIOLATED) 

   u_datapath/u_pixel_in_buffer/buffer1_read_data[18]
                               25.00          32.26          -7.26  (VIOLATED) 
     PIN : u_datapath/u_pixel_in_buffer/u_sr_s64x32_1/O[18]
                               25.00          32.26          -7.26  (VIOLATED) 

   u_main_controller_top/u_main_controller/DOUT_STATIC_2[11]
                               25.00          32.26          -7.26  (VIOLATED) 
     PIN : u_main_controller_top/u_main_controller/u_sr_d512x72f116_MMS2_wrap/u_rf_d128x32/O2[11]
                               25.00          32.26          -7.26  (VIOLATED) 

   u_main_controller_top/u_main_controller/control2flash_dout_2[22]
                               25.00          32.14          -7.14  (VIOLATED) 
     PIN : u_main_controller_top/u_main_controller/u_sr_d512x72f116_MMS2_wrap/u_rf_d128x32/O1[22]
                               25.00          32.14          -7.14  (VIOLATED) 

   u_main_controller_top/u_main_controller/DOUT[7]
                               25.00          32.02          -7.02  (VIOLATED) 
     PIN : u_main_controller_top/u_main_controller/u_sr_d512x72f116_MM0_wrap/u_rf_d128x32/O2[7]
                               25.00          32.02          -7.02  (VIOLATED) 

   u_main_controller_top/u_main_controller/DOUT_STATIC_2[30]
                               25.00          31.95          -6.95  (VIOLATED) 
     PIN : u_main_controller_top/u_main_controller/u_sr_d512x72f116_MMS2_wrap/u_rf_d128x32/O2[30]
                               25.00          31.95          -6.95  (VIOLATED) 

   u_main_controller_top/u_main_controller/DOUT[9]
                               25.00          31.94          -6.94  (VIOLATED) 
     PIN : u_main_controller_top/u_main_controller/u_sr_d512x72f116_MM0_wrap/u_rf_d128x32/O2[9]
                               25.00          31.94          -6.94  (VIOLATED) 

   u_main_controller_top/u_main_controller/control2flash_dout_2[24]
                               25.00          31.88          -6.88  (VIOLATED) 
     PIN : u_main_controller_top/u_main_controller/u_sr_d512x72f116_MMS2_wrap/u_rf_d128x32/O1[24]
                               25.00          31.88          -6.88  (VIOLATED) 

   u_main_controller_top/u_main_controller/control2flash_dout_2[27]
                               25.00          31.82          -6.82  (VIOLATED) 
     PIN : u_main_controller_top/u_main_controller/u_sr_d512x72f116_MMS2_wrap/u_rf_d128x32/O1[27]
                               25.00          31.82          -6.82  (VIOLATED) 

   u_main_controller_top/u_main_controller/DOUT_STATIC_2[0]
                               25.00          31.72          -6.72  (VIOLATED) 
     PIN : u_main_controller_top/u_main_controller/u_sr_d512x72f116_MMS2_wrap/u_rf_d128x32/O2[0]
                               25.00          31.72          -6.72  (VIOLATED) 

   u_main_controller_top/u_main_controller/control2flash_dout_2[17]
                               25.00          31.63          -6.63  (VIOLATED) 
     PIN : u_main_controller_top/u_main_controller/u_sr_d512x72f116_MMS2_wrap/u_rf_d128x32/O1[17]
                               25.00          31.63          -6.63  (VIOLATED) 

   u_main_controller_top/u_main_controller/control2flash_dout_2[18]
                               25.00          31.57          -6.57  (VIOLATED) 
     PIN : u_main_controller_top/u_main_controller/u_sr_d512x72f116_MMS2_wrap/u_rf_d128x32/O1[18]
                               25.00          31.57          -6.57  (VIOLATED) 

   u_main_controller_top/u_main_controller/control2flash_dout_2[15]
                               25.00          31.54          -6.54  (VIOLATED) 
     PIN : u_main_controller_top/u_main_controller/u_sr_d512x72f116_MMS2_wrap/u_rf_d128x32/O1[15]
                               25.00          31.54          -6.54  (VIOLATED) 

   u_main_controller_top/u_main_controller/control2flash_dout_2[8]
                               25.00          31.50          -6.50  (VIOLATED) 
     PIN : u_main_controller_top/u_main_controller/u_sr_d512x72f116_MMS2_wrap/u_rf_d128x32/O1[8]
                               25.00          31.50          -6.50  (VIOLATED) 

   u_main_controller_top/u_main_controller/DOUT_STATIC_2[25]
                               25.00          31.42          -6.42  (VIOLATED) 
     PIN : u_main_controller_top/u_main_controller/u_sr_d512x72f116_MMS2_wrap/u_rf_d128x32/O2[25]
                               25.00          31.42          -6.42  (VIOLATED) 

   u_main_controller_top/u_main_controller/control2flash_dout_2[6]
                               25.00          31.32          -6.32  (VIOLATED) 
     PIN : u_main_controller_top/u_main_controller/u_sr_d512x72f116_MMS2_wrap/u_rf_d128x32/O1[6]
                               25.00          31.32          -6.32  (VIOLATED) 

   u_main_controller_top/u_main_controller/DOUT_STATIC_2[22]
                               25.00          31.26          -6.26  (VIOLATED) 
     PIN : u_main_controller_top/u_main_controller/u_sr_d512x72f116_MMS2_wrap/u_rf_d128x32/O2[22]
                               25.00          31.26          -6.26  (VIOLATED) 

   u_main_controller_top/u_main_controller/control2flash_dout_2[12]
                               25.00          31.20          -6.20  (VIOLATED) 
     PIN : u_main_controller_top/u_main_controller/u_sr_d512x72f116_MMS2_wrap/u_rf_d128x32/O1[12]
                               25.00          31.20          -6.20  (VIOLATED) 

   u_main_controller_top/u_main_controller/DOUT_STATIC_2[23]
                               25.00          31.18          -6.18  (VIOLATED) 
     PIN : u_main_controller_top/u_main_controller/u_sr_d512x72f116_MMS2_wrap/u_rf_d128x32/O2[23]
                               25.00          31.18          -6.18  (VIOLATED) 

   u_main_controller_top/u_main_controller/DOUT_STATIC_2[29]
                               25.00          31.15          -6.15  (VIOLATED) 
     PIN : u_main_controller_top/u_main_controller/u_sr_d512x72f116_MMS2_wrap/u_rf_d128x32/O2[29]
                               25.00          31.15          -6.15  (VIOLATED) 

   u_main_controller_top/u_main_controller/DOUT_STATIC_2[20]
                               25.00          31.08          -6.08  (VIOLATED) 
     PIN : u_main_controller_top/u_main_controller/u_sr_d512x72f116_MMS2_wrap/u_rf_d128x32/O2[20]
                               25.00          31.08          -6.08  (VIOLATED) 

   u_main_controller_top/u_main_controller/DOUT_STATIC_2[31]
                               25.00          31.06          -6.06  (VIOLATED) 
     PIN : u_main_controller_top/u_main_controller/u_sr_d512x72f116_MMS2_wrap/u_rf_d128x32/O2[31]
                               25.00          31.06          -6.06  (VIOLATED) 

   u_main_controller_top/u_main_controller/control2flash_dout_2[10]
                               25.00          31.06          -6.06  (VIOLATED) 
     PIN : u_main_controller_top/u_main_controller/u_sr_d512x72f116_MMS2_wrap/u_rf_d128x32/O1[10]
                               25.00          31.06          -6.06  (VIOLATED) 

   u_main_controller_top/u_main_controller/control2flash_dout_2[16]
                               25.00          30.97          -5.97  (VIOLATED) 
     PIN : u_main_controller_top/u_main_controller/u_sr_d512x72f116_MMS2_wrap/u_rf_d128x32/O1[16]
                               25.00          30.97          -5.97  (VIOLATED) 

   u_main_controller_top/u_main_controller/DOUT_STATIC_2[24]
                               25.00          30.96          -5.96  (VIOLATED) 
     PIN : u_main_controller_top/u_main_controller/u_sr_d512x72f116_MMS2_wrap/u_rf_d128x32/O2[24]
                               25.00          30.96          -5.96  (VIOLATED) 

   u_main_controller_top/u_main_controller/control2flash_dout_2[1]
                               25.00          30.95          -5.95  (VIOLATED) 
     PIN : u_main_controller_top/u_main_controller/u_sr_d512x72f116_MMS2_wrap/u_rf_d128x32/O1[1]
                               25.00          30.95          -5.95  (VIOLATED) 

   u_main_controller_top/u_main_controller/control2flash_dout_2[29]
                               25.00          30.92          -5.92  (VIOLATED) 
     PIN : u_main_controller_top/u_main_controller/u_sr_d512x72f116_MMS2_wrap/u_rf_d128x32/O1[29]
                               25.00          30.92          -5.92  (VIOLATED) 

   u_main_controller_top/u_main_controller/DOUT_STATIC_2[21]
                               25.00          30.84          -5.84  (VIOLATED) 
     PIN : u_main_controller_top/u_main_controller/u_sr_d512x72f116_MMS2_wrap/u_rf_d128x32/O2[21]
                               25.00          30.84          -5.84  (VIOLATED) 

   u_main_controller_top/u_main_controller/DOUT_STATIC_2[26]
                               25.00          30.83          -5.83  (VIOLATED) 
     PIN : u_main_controller_top/u_main_controller/u_sr_d512x72f116_MMS2_wrap/u_rf_d128x32/O2[26]
                               25.00          30.83          -5.83  (VIOLATED) 

   u_main_controller_top/u_main_controller/control2flash_dout_2[2]
                               25.00          30.81          -5.81  (VIOLATED) 
     PIN : u_main_controller_top/u_main_controller/u_sr_d512x72f116_MMS2_wrap/u_rf_d128x32/O1[2]
                               25.00          30.81          -5.81  (VIOLATED) 

   u_main_controller_top/u_main_controller/DOUT_STATIC_2[17]
                               25.00          30.79          -5.79  (VIOLATED) 
     PIN : u_main_controller_top/u_main_controller/u_sr_d512x72f116_MMS2_wrap/u_rf_d128x32/O2[17]
                               25.00          30.79          -5.79  (VIOLATED) 

   u_main_controller_top/u_main_controller/control2flash_dout_2[7]
                               25.00          30.76          -5.76  (VIOLATED) 
     PIN : u_main_controller_top/u_main_controller/u_sr_d512x72f116_MMS2_wrap/u_rf_d128x32/O1[7]
                               25.00          30.76          -5.76  (VIOLATED) 

   u_main_controller_top/u_main_controller/control2flash_dout_2[0]
                               25.00          30.68          -5.68  (VIOLATED) 
     PIN : u_main_controller_top/u_main_controller/u_sr_d512x72f116_MMS2_wrap/u_rf_d128x32/O1[0]
                               25.00          30.68          -5.68  (VIOLATED) 

   u_main_controller_top/u_main_controller/DOUT_STATIC_2[18]
                               25.00          30.63          -5.63  (VIOLATED) 
     PIN : u_main_controller_top/u_main_controller/u_sr_d512x72f116_MMS2_wrap/u_rf_d128x32/O2[18]
                               25.00          30.63          -5.63  (VIOLATED) 

   u_main_controller_top/u_main_controller/control2flash_dout_2[3]
                               25.00          30.55          -5.55  (VIOLATED) 
     PIN : u_main_controller_top/u_main_controller/u_sr_d512x72f116_MMS2_wrap/u_rf_d128x32/O1[3]
                               25.00          30.55          -5.55  (VIOLATED) 

   u_main_controller_top/u_main_controller/DOUT_STATIC_2[10]
                               25.00          30.51          -5.51  (VIOLATED) 
     PIN : u_main_controller_top/u_main_controller/u_sr_d512x72f116_MMS2_wrap/u_rf_d128x32/O2[10]
                               25.00          30.51          -5.51  (VIOLATED) 

   u_main_controller_top/u_main_controller/control2flash_dout_2[30]
                               25.00          30.47          -5.47  (VIOLATED) 
     PIN : u_main_controller_top/u_main_controller/u_sr_d512x72f116_MMS2_wrap/u_rf_d128x32/O1[30]
                               25.00          30.47          -5.47  (VIOLATED) 

   u_main_controller_top/u_main_controller/control2flash_dout_2[25]
                               25.00          30.43          -5.43  (VIOLATED) 
     PIN : u_main_controller_top/u_main_controller/u_sr_d512x72f116_MMS2_wrap/u_rf_d128x32/O1[25]
                               25.00          30.43          -5.43  (VIOLATED) 

   u_main_controller_top/u_main_controller/control2flash_dout_2[4]
                               25.00          30.42          -5.42  (VIOLATED) 
     PIN : u_main_controller_top/u_main_controller/u_sr_d512x72f116_MMS2_wrap/u_rf_d128x32/O1[4]
                               25.00          30.42          -5.42  (VIOLATED) 

   u_datapath/u_gamma_correction/current_change_linenum4_b[8]
                               25.00          30.40          -5.40  (VIOLATED) 
     PIN : u_datapath/u_gamma_correction/u_sr_d1kx16_f166c_compensation_table_1_wrap/u_rf_d128x16/O2[12]
                               25.00          30.40          -5.40  (VIOLATED) 

   u_datapath/u_gamma_correction/current_change_linenum4_b[7]
                               25.00          30.39          -5.39  (VIOLATED) 
     PIN : u_datapath/u_gamma_correction/u_sr_d1kx16_f166c_compensation_table_1_wrap/u_rf_d128x16/O2[11]
                               25.00          30.39          -5.39  (VIOLATED) 

   u_main_controller_top/u_main_controller/control2flash_dout_2[31]
                               25.00          30.30          -5.30  (VIOLATED) 
     PIN : u_main_controller_top/u_main_controller/u_sr_d512x72f116_MMS2_wrap/u_rf_d128x32/O1[31]
                               25.00          30.30          -5.30  (VIOLATED) 

   u_main_controller_top/u_main_controller/DOUT_STATIC_2[7]
                               25.00          30.26          -5.26  (VIOLATED) 
     PIN : u_main_controller_top/u_main_controller/u_sr_d512x72f116_MMS2_wrap/u_rf_d128x32/O2[7]
                               25.00          30.26          -5.26  (VIOLATED) 

   u_main_controller_top/u_main_controller/control2flash_dout_2[9]
                               25.00          30.01          -5.01  (VIOLATED) 
     PIN : u_main_controller_top/u_main_controller/u_sr_d512x72f116_MMS2_wrap/u_rf_d128x32/O1[9]
                               25.00          30.01          -5.01  (VIOLATED) 

   u_datapath/u_gamma_correction/gamma_table_read_data[7]
                               25.00          29.94          -4.94  (VIOLATED) 
     PIN : u_datapath/u_gamma_correction/u_sr_d1kx16_f166g_gamma_wrap/u_rf_d128x16/O1[7]
                               25.00          29.94          -4.94  (VIOLATED) 

   u_datapath/u_gamma_correction/gamma_table_read_data[5]
                               25.00          29.94          -4.94  (VIOLATED) 
     PIN : u_datapath/u_gamma_correction/u_sr_d1kx16_f166g_gamma_wrap/u_rf_d128x16/O1[5]
                               25.00          29.94          -4.94  (VIOLATED) 

   u_main_controller_top/u_main_controller/DOUT_STATIC_2[27]
                               25.00          29.81          -4.81  (VIOLATED) 
     PIN : u_main_controller_top/u_main_controller/u_sr_d512x72f116_MMS2_wrap/u_rf_d128x32/O2[27]
                               25.00          29.81          -4.81  (VIOLATED) 

   u_datapath/u_pixel_in_buffer/buffer1_read_data[12]
                               25.00          29.78          -4.78  (VIOLATED) 
     PIN : u_datapath/u_pixel_in_buffer/u_sr_s64x32_1/O[12]
                               25.00          29.78          -4.78  (VIOLATED) 

   u_datapath/u_gamma_correction/gamma_table_read_data[9]
                               25.00          29.77          -4.77  (VIOLATED) 
     PIN : u_datapath/u_gamma_correction/u_sr_d1kx16_f166g_gamma_wrap/u_rf_d128x16/O1[9]
                               25.00          29.77          -4.77  (VIOLATED) 

   u_main_controller_top/u_main_controller/DOUT_STATIC_2[9]
                               25.00          29.55          -4.55  (VIOLATED) 
     PIN : u_main_controller_top/u_main_controller/u_sr_d512x72f116_MMS2_wrap/u_rf_d128x32/O2[9]
                               25.00          29.55          -4.55  (VIOLATED) 

   u_main_controller_top/u_main_controller/control2flash_dout_2[28]
                               25.00          29.55          -4.55  (VIOLATED) 
     PIN : u_main_controller_top/u_main_controller/u_sr_d512x72f116_MMS2_wrap/u_rf_d128x32/O1[28]
                               25.00          29.55          -4.55  (VIOLATED) 

   u_main_controller_top/u_main_controller/DOUT_STATIC_2[12]
                               25.00          29.41          -4.41  (VIOLATED) 
     PIN : u_main_controller_top/u_main_controller/u_sr_d512x72f116_MMS2_wrap/u_rf_d128x32/O2[12]
                               25.00          29.41          -4.41  (VIOLATED) 

   u_main_controller_top/u_main_controller/DOUT_STATIC_2[8]
                               25.00          29.11          -4.11  (VIOLATED) 
     PIN : u_main_controller_top/u_main_controller/u_sr_d512x72f116_MMS2_wrap/u_rf_d128x32/O2[8]
                               25.00          29.11          -4.11  (VIOLATED) 

   u_datapath/u_gamma_correction/gamma_table_read_data[6]
                               25.00          28.92          -3.92  (VIOLATED) 
     PIN : u_datapath/u_gamma_correction/u_sr_d1kx16_f166g_gamma_wrap/u_rf_d128x16/O1[6]
                               25.00          28.92          -3.92  (VIOLATED) 

   u_datapath/u_gamma_correction/gamma_table_read_data[8]
                               25.00          28.92          -3.92  (VIOLATED) 
     PIN : u_datapath/u_gamma_correction/u_sr_d1kx16_f166g_gamma_wrap/u_rf_d128x16/O1[8]
                               25.00          28.92          -3.92  (VIOLATED) 

   u_datapath/u_gamma_correction/current_change_value4_b[3]
                               25.00          28.76          -3.76  (VIOLATED) 
     PIN : u_datapath/u_gamma_correction/u_sr_d1kx16_f166c_compensation_table_1_wrap/u_rf_d128x16/O2[3]
                               25.00          28.76          -3.76  (VIOLATED) 

   u_datapath/u_gamma_correction/current_change_value4_b[0]
                               25.00          28.46          -3.46  (VIOLATED) 
     PIN : u_datapath/u_gamma_correction/u_sr_d1kx16_f166c_compensation_table_1_wrap/u_rf_d128x16/O2[0]
                               25.00          28.46          -3.46  (VIOLATED) 

   u_main_controller_top/u_main_controller/ewa_dout[7]
                               25.00          28.27          -3.27  (VIOLATED) 
     PIN : u_main_controller_top/u_main_controller/u_sr_s64x32_1/O[7]
                               25.00          28.27          -3.27  (VIOLATED) 

   u_datapath/u_gamma_correction/current_change_linenum4_b[2]
                               25.00          28.19          -3.19  (VIOLATED) 
     PIN : u_datapath/u_gamma_correction/u_sr_d1kx16_f166c_compensation_table_1_wrap/u_rf_d128x16/O2[6]
                               25.00          28.19          -3.19  (VIOLATED) 

   u_datapath/u_gamma_correction/current_change_value4_b[1]
                               25.00          28.13          -3.13  (VIOLATED) 
     PIN : u_datapath/u_gamma_correction/u_sr_d1kx16_f166c_compensation_table_1_wrap/u_rf_d128x16/O2[1]
                               25.00          28.13          -3.13  (VIOLATED) 

   u_main_controller_top/u_main_controller/DOUT[14]
                               25.00          28.06          -3.06  (VIOLATED) 
     PIN : u_main_controller_top/u_main_controller/u_sr_d512x72f116_MM0_wrap/u_rf_d128x32/O2[14]
                               25.00          28.06          -3.06  (VIOLATED) 

   u_main_controller_top/u_main_controller/DOUT_STATIC_1[18]
                               25.00          27.79          -2.79  (VIOLATED) 
     PIN : u_main_controller_top/u_main_controller/u_sr_d512x72f116_MMS1_wrap/u_rf_d128x32/O2[18]
                               25.00          27.79          -2.79  (VIOLATED) 

   u_datapath/u_gamma_correction/current_change_linenum4_a[8]
                               25.00          27.51          -2.51  (VIOLATED) 
     PIN : u_datapath/u_gamma_correction/u_sr_d1kx16_f166c_compensation_table_0_wrap/u_rf_d128x16/O2[12]
                               25.00          27.51          -2.51  (VIOLATED) 

   u_datapath/u_gamma_correction/current_change_value4_b[2]
                               25.00          27.42          -2.42  (VIOLATED) 
     PIN : u_datapath/u_gamma_correction/u_sr_d1kx16_f166c_compensation_table_1_wrap/u_rf_d128x16/O2[2]
                               25.00          27.42          -2.42  (VIOLATED) 

   u_main_controller_top/u_main_controller/DOUT_STATIC_1[17]
                               25.00          27.13          -2.13  (VIOLATED) 
     PIN : u_main_controller_top/u_main_controller/u_sr_d512x72f116_MMS1_wrap/u_rf_d128x32/O2[17]
                               25.00          27.13          -2.13  (VIOLATED) 

   u_datapath/u_gamma_correction/current_change_linenum4_a[7]
                               25.00          27.11          -2.11  (VIOLATED) 
     PIN : u_datapath/u_gamma_correction/u_sr_d1kx16_f166c_compensation_table_0_wrap/u_rf_d128x16/O2[11]
                               25.00          27.11          -2.11  (VIOLATED) 

   u_datapath/u_gamma_correction/current_change_nextlinenum4_a[7]
                               25.00          27.10          -2.10  (VIOLATED) 
     PIN : u_datapath/u_gamma_correction/u_sr_d1kx16_f166c_compensation_table_0_wrap/u_rf_d128x16/O1[11]
                               25.00          27.10          -2.10  (VIOLATED) 

   u_main_controller_top/u_main_controller/DOUT_STATIC_1[24]
                               25.00          27.05          -2.05  (VIOLATED) 
     PIN : u_main_controller_top/u_main_controller/u_sr_d512x72f116_MMS1_wrap/u_rf_d128x32/O2[24]
                               25.00          27.05          -2.05  (VIOLATED) 

   u_main_controller_top/u_main_controller/DOUT_STATIC_1[20]
                               25.00          27.03          -2.03  (VIOLATED) 
     PIN : u_main_controller_top/u_main_controller/u_sr_d512x72f116_MMS1_wrap/u_rf_d128x32/O2[20]
                               25.00          27.03          -2.03  (VIOLATED) 

   u_datapath/u_gamma_correction/current_change_linenum4_b[1]
                               25.00          26.72          -1.72  (VIOLATED) 
     PIN : u_datapath/u_gamma_correction/u_sr_d1kx16_f166c_compensation_table_1_wrap/u_rf_d128x16/O2[5]
                               25.00          26.72          -1.72  (VIOLATED) 

   u_datapath/u_gamma_correction/current_change_nextlinenum4_b[8]
                               25.00          26.59          -1.59  (VIOLATED) 
     PIN : u_datapath/u_gamma_correction/u_sr_d1kx16_f166c_compensation_table_1_wrap/u_rf_d128x16/O1[12]
                               25.00          26.59          -1.59  (VIOLATED) 

   u_main_controller_top/u_main_controller/DOUT[8]
                               25.00          26.52          -1.52  (VIOLATED) 
     PIN : u_main_controller_top/u_main_controller/u_sr_d512x72f116_MM0_wrap/u_rf_d128x32/O2[8]
                               25.00          26.52          -1.52  (VIOLATED) 

   u_main_controller_top/u_main_controller/ewa_dout[2]
                               25.00          26.49          -1.49  (VIOLATED) 
     PIN : u_main_controller_top/u_main_controller/u_sr_s64x32_1/O[2]
                               25.00          26.49          -1.49  (VIOLATED) 

   u_main_controller_top/u_main_controller/ewa_dout[6]
                               25.00          26.47          -1.47  (VIOLATED) 
     PIN : u_main_controller_top/u_main_controller/u_sr_s64x32_1/O[6]
                               25.00          26.47          -1.47  (VIOLATED) 

   u_main_controller_top/u_main_controller/DOUT[12]
                               25.00          26.46          -1.46  (VIOLATED) 
     PIN : u_main_controller_top/u_main_controller/u_sr_d512x72f116_MM0_wrap/u_rf_d128x32/O2[12]
                               25.00          26.46          -1.46  (VIOLATED) 

   u_datapath/u_gamma_correction/current_change_nextlinenum4_a[8]
                               25.00          26.36          -1.36  (VIOLATED) 
     PIN : u_datapath/u_gamma_correction/u_sr_d1kx16_f166c_compensation_table_0_wrap/u_rf_d128x16/O1[12]
                               25.00          26.36          -1.36  (VIOLATED) 

   u_main_controller_top/u_main_controller/DOUT_STATIC_1[22]
                               25.00          26.26          -1.26  (VIOLATED) 
     PIN : u_main_controller_top/u_main_controller/u_sr_d512x72f116_MMS1_wrap/u_rf_d128x32/O2[22]
                               25.00          26.26          -1.26  (VIOLATED) 

   u_main_controller_top/u_main_controller/ewa_dout[8]
                               25.00          26.26          -1.26  (VIOLATED) 
     PIN : u_main_controller_top/u_main_controller/u_sr_s64x32_1/O[8]
                               25.00          26.26          -1.26  (VIOLATED) 

   u_main_controller_top/u_main_controller/DOUT_STATIC_1[21]
                               25.00          26.21          -1.21  (VIOLATED) 
     PIN : u_main_controller_top/u_main_controller/u_sr_d512x72f116_MMS1_wrap/u_rf_d128x32/O2[21]
                               25.00          26.21          -1.21  (VIOLATED) 

   u_main_controller_top/u_main_controller/DOUT_STATIC_1[23]
                               25.00          26.18          -1.18  (VIOLATED) 
     PIN : u_main_controller_top/u_main_controller/u_sr_d512x72f116_MMS1_wrap/u_rf_d128x32/O2[23]
                               25.00          26.18          -1.18  (VIOLATED) 

   u_datapath/u_gamma_correction/current_change_nextlinenum4_b[7]
                               25.00          26.12          -1.12  (VIOLATED) 
     PIN : u_datapath/u_gamma_correction/u_sr_d1kx16_f166c_compensation_table_1_wrap/u_rf_d128x16/O1[11]
                               25.00          26.12          -1.12  (VIOLATED) 

   u_main_controller_top/u_main_controller/DOUT[15]
                               25.00          26.10          -1.10  (VIOLATED) 
     PIN : u_main_controller_top/u_main_controller/u_sr_d512x72f116_MM0_wrap/u_rf_d128x32/O2[15]
                               25.00          26.10          -1.10  (VIOLATED) 

   u_datapath/u_gamma_correction/current_change_linenum4_b[0]
                               25.00          26.10          -1.10  (VIOLATED) 
     PIN : u_datapath/u_gamma_correction/u_sr_d1kx16_f166c_compensation_table_1_wrap/u_rf_d128x16/O2[4]
                               25.00          26.10          -1.10  (VIOLATED) 

   u_main_controller_top/u_main_controller/DOUT[13]
                               25.00          26.09          -1.09  (VIOLATED) 
     PIN : u_main_controller_top/u_main_controller/u_sr_d512x72f116_MM0_wrap/u_rf_d128x32/O2[13]
                               25.00          26.09          -1.09  (VIOLATED) 

   u_main_controller_top/u_main_controller/DOUT[10]
                               25.00          26.07          -1.07  (VIOLATED) 
     PIN : u_main_controller_top/u_main_controller/u_sr_d512x72f116_MM0_wrap/u_rf_d128x32/O2[10]
                               25.00          26.07          -1.07  (VIOLATED) 

   u_main_controller_top/u_main_controller/DOUT_STATIC_1[29]
                               25.00          26.07          -1.07  (VIOLATED) 
     PIN : u_main_controller_top/u_main_controller/u_sr_d512x72f116_MMS1_wrap/u_rf_d128x32/O2[29]
                               25.00          26.07          -1.07  (VIOLATED) 

   u_main_controller_top/u_main_controller/ewa_dout[3]
                               25.00          26.02          -1.02  (VIOLATED) 
     PIN : u_main_controller_top/u_main_controller/u_sr_s64x32_1/O[3]
                               25.00          26.02          -1.02  (VIOLATED) 

   u_main_controller_top/u_main_controller/ewa_dout[5]
                               25.00          25.97          -0.97  (VIOLATED) 
     PIN : u_main_controller_top/u_main_controller/u_sr_s64x32_1/O[5]
                               25.00          25.97          -0.97  (VIOLATED) 

   u_main_controller_top/u_main_controller/ewa_dout[0]
                               25.00          25.96          -0.96  (VIOLATED) 
     PIN : u_main_controller_top/u_main_controller/u_sr_s64x32_1/O[0]
                               25.00          25.96          -0.96  (VIOLATED) 

   u_main_controller_top/u_main_controller/ewa_dout[9]
                               25.00          25.84          -0.84  (VIOLATED) 
     PIN : u_main_controller_top/u_main_controller/u_sr_s64x32_1/O[9]
                               25.00          25.84          -0.84  (VIOLATED) 

   u_main_controller_top/u_main_controller/ewa_dout[1]
                               25.00          25.67          -0.67  (VIOLATED) 
     PIN : u_main_controller_top/u_main_controller/u_sr_s64x32_1/O[1]
                               25.00          25.67          -0.67  (VIOLATED) 

   u_datapath/u_gamma_correction/current_change_nextlinenum4_b[2]
                               25.00          25.61          -0.61  (VIOLATED) 
     PIN : u_datapath/u_gamma_correction/u_sr_d1kx16_f166c_compensation_table_1_wrap/u_rf_d128x16/O1[6]
                               25.00          25.61          -0.61  (VIOLATED) 

   u_datapath/u_gamma_correction/current_change_nextlinenum4_a[1]
                               25.00          25.38          -0.38  (VIOLATED) 
     PIN : u_datapath/u_gamma_correction/u_sr_d1kx16_f166c_compensation_table_0_wrap/u_rf_d128x16/O1[5]
                               25.00          25.38          -0.38  (VIOLATED) 

   u_main_controller_top/u_main_controller/DOUT_STATIC_1[11]
                               25.00          25.35          -0.35  (VIOLATED) 
     PIN : u_main_controller_top/u_main_controller/u_sr_d512x72f116_MMS1_wrap/u_rf_d128x32/O2[11]
                               25.00          25.35          -0.35  (VIOLATED) 

   u_main_controller_top/u_main_controller/DOUT_STATIC_1[19]
                               25.00          25.14          -0.14  (VIOLATED) 
     PIN : u_main_controller_top/u_main_controller/u_sr_d512x72f116_MMS1_wrap/u_rf_d128x32/O2[19]
                               25.00          25.14          -0.14  (VIOLATED) 

   u_main_controller_top/u_main_controller/DOUT_STATIC_1[31]
                               25.00          25.12          -0.12  (VIOLATED) 
     PIN : u_main_controller_top/u_main_controller/u_sr_d512x72f116_MMS1_wrap/u_rf_d128x32/O2[31]
                               25.00          25.12          -0.12  (VIOLATED) 

   u_main_controller_top/u_main_controller/DOUT_STATIC_1[6]
                               25.00          25.10          -0.10  (VIOLATED) 
     PIN : u_main_controller_top/u_main_controller/u_sr_d512x72f116_MMS1_wrap/u_rf_d128x32/O2[6]
                               25.00          25.10          -0.10  (VIOLATED) 

   u_main_controller_top/u_main_controller/ewa_dout[4]
                               25.00          25.02          -0.02  (VIOLATED) 
     PIN : u_main_controller_top/u_main_controller/u_sr_s64x32_1/O[4]
                               25.00          25.02          -0.02  (VIOLATED) 

   u_datapath/u_input_line_buffer_control/dout_g[10]
                               25.00          25.01          -0.01  (VIOLATED) 
     PIN : u_datapath/u_input_line_buffer_control/u_input_line_buffer_g/u_sr_d1kx16_f166_wrap1/u_rf_d128x16/O2[10]
                               25.00          25.01          -0.01  (VIOLATED) 

   u_main_controller_top/u_main_controller/max_numplanes[2]
                                8.00           8.01          -0.01  (VIOLATED) 
     PIN : u_main_controller_top/u_main_controller/max_numplanes_reg[2]/Q
                                8.00           8.01          -0.01  (VIOLATED) 

   u_datapath/u_output_fifo_control/u_output_fifo_1/u_sr_d1kx32_f233_wrap/dina[0]
                                8.00           8.01          -0.01  (VIOLATED) 
     PIN : u_datapath/u_output_fifo_control/u_output_fifo_1/u_sr_d1kx32_f233_wrap/A30393/Y
                                8.00           8.01          -0.01  (VIOLATED) 

   u_main_controller_top/u_main_controller/mm_count[0]
                                8.00           8.00          -0.00  (VIOLATED) 
     PIN : u_main_controller_top/u_main_controller/mm_count_reg[0]/Q
                                8.00           8.00          -0.00  (VIOLATED) 

   u_main_controller_top/u_main_controller/compile_HFSNET_759
                               32.00          32.00          -0.00  (VIOLATED) 
     PIN : u_main_controller_top/u_main_controller/compile_HFSBUF_52188_46609/Y
                               32.00          32.00          -0.00  (VIOLATED) 

  ---------------------------------------------------------------------------
   Number of max_capacitance violation(s): 147


   Mode: func Corner: ss0p95v125c
   Scenario: ss0p95v125c.func
  ---------------------------------------------------------------------------
   Number of min_capacitance violation(s): 0

  Mode: func
  Corner: ss0p95v125c
  Scenario: ss0p95v125c.func

  ---------------------------------------------------------------------------
   Number of min_pulse_width violation(s): 0
   Total number of violation(s): 150
1
