****************************************
Report : power
        -significant_digits 2
Design : fsc_top
Version: V-2023.12-SP5
Date   : Wed Jul  1 11:37:10 2026
****************************************
Information: Activity propagation will be performed for scenario ss0p95v125c.func.
Information: Doing activity propagation for mode 'func' and corner 'ss0p95v125c' with effort level 'medium'. (POW-024)
Information: Timer-derived activity data is cached on scenario ss0p95v125c.func (POW-052)
Infomation: Fast mode activity propagation power.rtl_activity_annotation setup is ignored. Always use accurate mode.
Information: Running switching activity propagation with 8 threads!

 **** Information : No. of simulation cycles = 7 ****
Mode: func
Corner: ss0p95v125c
Scenario: ss0p95v125c.func
Voltage: 0.95
Temperature: 125.00

Voltage Unit         : 1V
Capacitance Unit     : 1fF
Time Unit            : 1ns
Temperature Unit     : 1C
Dynamic Power Unit   : 1pW
Leakage Power Unit   : 1pW

Switched supply net power scaling:
scaling for leakage power

Supply nets:
vdd (power) probability 1.00 (default)
vss (ground) probability 1.00 (default)
Warning: Power table extrapolation (extrapolation mode) for port D on cell u_clk_gen/u_power_manager/comp_fid_sync2_reg for parameter Tinp. Lowest table value = inf, highest table value = inf, value = 0.044918 (POW-046)
Warning: Power table extrapolation (extrapolation mode) for port CLK on cell u_clk_gen/u_power_manager/comp_fid_sync2_reg for parameter Tinp. Lowest table value = 0.016000, highest table value = 1.024000, value = 0.000000 (POW-046)
Warning: Power table extrapolation (extrapolation mode) for port Q on cell u_clk_gen/u_power_manager/comp_fid_sync2_reg for parameter Tinp. Lowest table value = 0.016000, highest table value = 1.024000, value = 0.000000 (POW-046)
Warning: Power table extrapolation (extrapolation mode) for port QN on cell u_clk_gen/u_power_manager/comp_fid_sync2_reg for parameter Tinp. Lowest table value = 0.016000, highest table value = 1.024000, value = 0.000000 (POW-046)
Warning: Power table extrapolation (extrapolation mode) for port QN on cell u_clk_gen/u_power_manager/comp_fid_sync2_reg for parameter Cout. Lowest table value = 0.000100, highest table value = 0.008000, value = 0.000000 (POW-046)
Warning: Power table extrapolation (extrapolation mode) for port Y on cell u_clk_gen/compile_CDIBUF_6_f_43602 for parameter Tinp. Lowest table value = 0.016000, highest table value = 1.024000, value = 0.000000 (POW-046)
Warning: Power table extrapolation (extrapolation mode) for port Y on cell u_clk_gen/compile_CDIBUF_6_f_43602 for parameter Cout. Lowest table value = 0.000100, highest table value = 0.016000, value = 0.026019 (POW-046)
Warning: Power table extrapolation (extrapolation mode) for port D on cell u_clk_gen/u_power_manager/comp_fid_sync1_reg for parameter Tinp. Lowest table value = inf, highest table value = inf, value = 0.051079 (POW-046)
Warning: Fall toggles on pin u_clk_gen/u_power_manager/current_state_reg[1]/QN are impossible given input states; converted to rise toggles. (POW-069)
Warning: Fall toggles on pin u_clk_gen/u_power_manager/count_reg[29]/QN are impossible given input states; converted to rise toggles. (POW-069)
Warning: Fall toggles on pin u_clk_gen/u_power_manager/count_reg[28]/QN are impossible given input states; converted to rise toggles. (POW-069)
Warning: Fall toggles on pin u_clk_gen/u_power_manager/count_reg[27]/QN are impossible given input states; converted to rise toggles. (POW-069)
Warning: Fall toggles on pin u_clk_gen/u_power_manager/count_reg[26]/QN are impossible given input states; converted to rise toggles. (POW-069)
Warning: Fall toggles on pin u_clk_gen/u_power_manager/count_reg[25]/QN are impossible given input states; converted to rise toggles. (POW-069)
Warning: Fall toggles on pin u_clk_gen/u_power_manager/count_reg[24]/QN are impossible given input states; converted to rise toggles. (POW-069)
Warning: Fall toggles on pin u_clk_gen/u_power_manager/count_reg[23]/QN are impossible given input states; converted to rise toggles. (POW-069)
Warning: Fall toggles on pin u_clk_gen/u_power_manager/count_reg[22]/QN are impossible given input states; converted to rise toggles. (POW-069)
Warning: Fall toggles on pin u_clk_gen/u_power_manager/count_reg[21]/QN are impossible given input states; converted to rise toggles. (POW-069)

  Cell Internal Power    = 3.20e+09 pW (  2.5%)
  Net Switching Power    = 1.24e+11 pW ( 97.5%)
Total Dynamic Power      = 1.27e+11 pW (100.0%)

Cell Leakage Power       = 4.83e+09 pW


  Attributes
  ----------
      u  -  User defined power group
      i  -  Includes clock pin internal power

Power Group         Internal Power        Switching Power          Leakage Power            Total Power    (   %  )    Attrs
-----------------------------------------------------------------------------------------------------------------------------
io_pad                    0.00e+00               0.00e+00               0.00e+00               0.00e+00    (  0.0%)         
memory                    8.49e+08               4.44e+07               0.00e+00               8.93e+08    (  0.7%)         
black_box                 0.00e+00               0.00e+00               0.00e+00               0.00e+00    (  0.0%)         
clock_network             2.18e+09               1.24e+11               8.98e+07               1.26e+11    ( 95.5%)        i
register                  8.61e+07               4.39e+07               2.29e+09               2.42e+09    (  1.8%)         
sequential                0.00e+00               0.00e+00               0.00e+00               0.00e+00    (  0.0%)         
combinational             8.51e+07               1.56e+08               2.45e+09               2.69e+09    (  2.0%)         
-----------------------------------------------------------------------------------------------------------------------------
Total                     3.20e+09 pW            1.24e+11 pW            4.83e+09 pW            1.32e+11 pW
1
