****************************************
Report : qor
        -summary
Design : fsc_top
Version: V-2023.12-SP5
Date   : Wed Jul  1 11:37:09 2026
****************************************
Information: Timer using 'POCV-Slew_Variation'. (TIM-050)

Timing
---------------------------------------------------------------------------
Context                                 WNS            TNS            NVE
---------------------------------------------------------------------------
ss0p95v125c.func   (Setup)            -1.82          -3.55              2
ss0p95v125c.test   (Setup)             9.89           0.00              0
Design             (Setup)            -1.82          -3.55              2

ss0p95v125c.func   (Hold)            -29.67         -65.06             10
Design             (Hold)            -29.67         -65.06             10
---------------------------------------------------------------------------

Miscellaneous
---------------------------------------------------------------------------
Cell Area (netlist):                         567524.00
Cell Area (netlist and physical only):       573451.14
Nets with DRC Violations:      151
1
