Nothing to build in platform 'ppe_dma_platform_v2'

15:34:21 **** Build of configuration Debug for project dma_loopback_v2 ****
make all 
Building file: ../src/main.c
Invoking: ARM v8 gcc compiler
aarch64-none-elf-gcc -Wall -O0 -g3 -c -fmessage-length=0 -MT"src/main.o" -I/home/sogang/ppe_fpga_ho/vitis_workspace/ppe_dma_platform_v2/export/ppe_dma_platform_v2/sw/ppe_dma_platform_v2/standalone_domain/bspinclude/include -MMD -MP -MF"src/main.d" -MT"src/main.o" -o "src/main.o" "../src/main.c"
Finished building: ../src/main.c
 
Building target: dma_loopback_v2.elf
Invoking: ARM v8 gcc linker
aarch64-none-elf-gcc -Wl,-T -Wl,../src/lscript.ld -L/home/sogang/ppe_fpga_ho/vitis_workspace/ppe_dma_platform_v2/export/ppe_dma_platform_v2/sw/ppe_dma_platform_v2/standalone_domain/bsplib/lib -o "dma_loopback_v2.elf" ./src/main.o   -Wl,--start-group,-lxil,-lgcc,-lc,--end-group
Finished building target: dma_loopback_v2.elf
 
Invoking: ARM v8 Print Size
aarch64-none-elf-size dma_loopback_v2.elf  |tee "dma_loopback_v2.elf.size"
   text	   data	    bss	    dec	    hex	filename
  48176	   4232	  22820	  75228	  125dc	dma_loopback_v2.elf
Finished building: dma_loopback_v2.elf.size
 
15:34:22 **** Build of configuration Debug for project dma_loopback_v2_system ****
make all 
Generating bif file for the system project
Executing command '::scw::generate_bif -xpfm /home/sogang/ppe_fpga_ho/vitis_workspace/ppe_dma_platform_v2/export/ppe_dma_platform_v2/ppe_dma_platform_v2.xpfm -domains standalone_domain -bifpath /home/sogang/ppe_fpga_ho/vitis_workspace/dma_loopback_v2_system/Debug/system.bif' on XSCT
sdcard_gen --xpfm /home/sogang/ppe_fpga_ho/vitis_workspace/ppe_dma_platform_v2/export/ppe_dma_platform_v2/ppe_dma_platform_v2.xpfm --sys_config ppe_dma_platform_v2 --bif /home/sogang/ppe_fpga_ho/vitis_workspace/dma_loopback_v2_system/Debug/system.bif --bitstream /home/sogang/ppe_fpga_ho/vitis_workspace/dma_loopback_v2/_ide/bitstream/dma_passthrough.bit --elf /home/sogang/ppe_fpga_ho/vitis_workspace/dma_loopback_v2/Debug/dma_loopback_v2.elf,psu_cortexa53_0
creating BOOT.BIN using /home/sogang/ppe_fpga_ho/vitis_workspace/dma_loopback_v2/_ide/bitstream/dma_passthrough.bit
Running /tools/Xilinx/Vitis/2022.2/bin/bootgen -arch zynqmp -image /home/sogang/ppe_fpga_ho/vitis_workspace/dma_loopback_v2_system/Debug/sd_card_temp/boot.bif -w -o i BOOT.BIN
