
*** Running vivado
    with args -log dma_passthrough_reset_inverter_0_0.vds -m64 -product Vivado -mode batch -messageDb vivado.pb -notrace -source dma_passthrough_reset_inverter_0_0.tcl


****** Vivado v2022.2 (64-bit)
  **** SW Build 3671981 on Fri Oct 14 04:59:54 MDT 2022
  **** IP Build 3669848 on Fri Oct 14 08:30:02 MDT 2022
    ** Copyright 1986-2022 Xilinx, Inc. All Rights Reserved.

source dma_passthrough_reset_inverter_0_0.tcl -notrace
INFO: [IP_Flow 19-234] Refreshing IP repositories
INFO: [IP_Flow 19-1700] Loaded user IP repository '/home/sogang/ppe_fpga_ho/axis/passthrough/axis_passthrough_hls/solution1/impl/ip'.
INFO: [IP_Flow 19-2313] Loaded Vivado IP repository '/tools/Xilinx/Vivado/2022.2/data/ip'.
INFO: [IP_Flow 19-6924] IPCACHE: Running cache check for IP inst: dma_passthrough_reset_inverter_0_0
Command: synth_design -top dma_passthrough_reset_inverter_0_0 -part xck26-sfvc784-2LV-c -incremental_mode off -mode out_of_context
Starting synth_design
Attempting to get a license for feature 'Synthesis' and/or device 'xck26'
INFO: [Common 17-349] Got license for feature 'Synthesis' and/or device 'xck26'
INFO: [Device 21-403] Loading part xck26-sfvc784-2LV-c
INFO: [Synth 8-7079] Multithreading enabled for synth_design using a maximum of 4 processes.
INFO: [Synth 8-7078] Launching helper process for spawning children vivado processes
INFO: [Synth 8-7075] Helper process launched with PID 25866
INFO: [Synth 8-11241] undeclared symbol 'REGCCE', assumed default net type 'wire' [/tools/Xilinx/Vivado/2022.2/data/verilog/src/unimacro/BRAM_SINGLE_MACRO.v:2170]
---------------------------------------------------------------------------------
Starting RTL Elaboration : Time (s): cpu = 00:00:02 ; elapsed = 00:00:02 . Memory (MB): peak = 2915.199 ; gain = 235.832 ; free physical = 1155 ; free virtual = 38586
Synthesis current peak Physical Memory [PSS] (MB): peak = 2237.373; parent = 2068.950; children = 168.423
Synthesis current peak Virtual Memory [VSS] (MB): peak = 3898.039; parent = 2921.141; children = 976.898
---------------------------------------------------------------------------------
INFO: [Synth 8-6157] synthesizing module 'dma_passthrough_reset_inverter_0_0' [/home/sogang/ppe_fpga_ho/ppe_dma_passthrough/ppe_dma_passthrough.gen/sources_1/bd/dma_passthrough/ip/dma_passthrough_reset_inverter_0_0/synth/dma_passthrough_reset_inverter_0_0.v:53]
INFO: [Synth 8-6157] synthesizing module 'util_vector_logic_v2_0_2_util_vector_logic' [/home/sogang/ppe_fpga_ho/ppe_dma_passthrough/ppe_dma_passthrough.gen/sources_1/bd/dma_passthrough/ipshared/3d84/hdl/util_vector_logic_v2_0_vl_rfs.v:45]
INFO: [Synth 8-6155] done synthesizing module 'util_vector_logic_v2_0_2_util_vector_logic' (0#1) [/home/sogang/ppe_fpga_ho/ppe_dma_passthrough/ppe_dma_passthrough.gen/sources_1/bd/dma_passthrough/ipshared/3d84/hdl/util_vector_logic_v2_0_vl_rfs.v:45]
INFO: [Synth 8-6155] done synthesizing module 'dma_passthrough_reset_inverter_0_0' (0#1) [/home/sogang/ppe_fpga_ho/ppe_dma_passthrough/ppe_dma_passthrough.gen/sources_1/bd/dma_passthrough/ip/dma_passthrough_reset_inverter_0_0/synth/dma_passthrough_reset_inverter_0_0.v:53]
WARNING: [Synth 8-7129] Port Op2[0] in module util_vector_logic_v2_0_2_util_vector_logic is either unconnected or has no load
---------------------------------------------------------------------------------
Finished RTL Elaboration : Time (s): cpu = 00:00:03 ; elapsed = 00:00:03 . Memory (MB): peak = 2987.105 ; gain = 307.738 ; free physical = 1226 ; free virtual = 38675
Synthesis current peak Physical Memory [PSS] (MB): peak = 2237.373; parent = 2068.950; children = 168.423
Synthesis current peak Virtual Memory [VSS] (MB): peak = 3964.008; parent = 2987.109; children = 976.898
---------------------------------------------------------------------------------
---------------------------------------------------------------------------------
Start Handling Custom Attributes
---------------------------------------------------------------------------------
---------------------------------------------------------------------------------
Finished Handling Custom Attributes : Time (s): cpu = 00:00:03 ; elapsed = 00:00:03 . Memory (MB): peak = 3001.949 ; gain = 322.582 ; free physical = 1224 ; free virtual = 38673
Synthesis current peak Physical Memory [PSS] (MB): peak = 2237.373; parent = 2068.950; children = 168.423
Synthesis current peak Virtual Memory [VSS] (MB): peak = 3978.852; parent = 3001.953; children = 976.898
---------------------------------------------------------------------------------
---------------------------------------------------------------------------------
Finished RTL Optimization Phase 1 : Time (s): cpu = 00:00:03 ; elapsed = 00:00:04 . Memory (MB): peak = 3001.949 ; gain = 322.582 ; free physical = 1224 ; free virtual = 38673
Synthesis current peak Physical Memory [PSS] (MB): peak = 2237.373; parent = 2068.950; children = 168.423
Synthesis current peak Virtual Memory [VSS] (MB): peak = 3978.852; parent = 3001.953; children = 976.898
---------------------------------------------------------------------------------
Netlist sorting complete. Time (s): cpu = 00:00:00 ; elapsed = 00:00:00 . Memory (MB): peak = 3001.949 ; gain = 0.000 ; free physical = 1214 ; free virtual = 38664
INFO: [Project 1-570] Preparing netlist for logic optimization

Processing XDC Constraints
Initializing timing engine
Completed Processing XDC Constraints

Netlist sorting complete. Time (s): cpu = 00:00:00 ; elapsed = 00:00:00 . Memory (MB): peak = 3075.887 ; gain = 0.000 ; free physical = 1075 ; free virtual = 38528
INFO: [Project 1-111] Unisim Transformation Summary:
No Unisim elements were transformed.

Constraint Validation Runtime : Time (s): cpu = 00:00:00 ; elapsed = 00:00:00 . Memory (MB): peak = 3087.793 ; gain = 11.906 ; free physical = 1075 ; free virtual = 38528
INFO: [Designutils 20-5008] Incremental synthesis strategy off
INFO: [Synth 8-11241] undeclared symbol 'REGCCE', assumed default net type 'wire' [/tools/Xilinx/Vivado/2022.2/data/verilog/src/unimacro/BRAM_SINGLE_MACRO.v:2170]
---------------------------------------------------------------------------------
Finished Constraint Validation : Time (s): cpu = 00:00:07 ; elapsed = 00:00:07 . Memory (MB): peak = 3087.793 ; gain = 408.426 ; free physical = 960 ; free virtual = 38422
Synthesis current peak Physical Memory [PSS] (MB): peak = 2237.373; parent = 2068.950; children = 168.423
Synthesis current peak Virtual Memory [VSS] (MB): peak = 4032.680; parent = 3055.781; children = 976.898
---------------------------------------------------------------------------------
---------------------------------------------------------------------------------
Start Loading Part and Timing Information
---------------------------------------------------------------------------------
Loading part: xck26-sfvc784-2LV-c
INFO: [Synth 8-6742] Reading net delay rules and data
---------------------------------------------------------------------------------
Finished Loading Part and Timing Information : Time (s): cpu = 00:00:07 ; elapsed = 00:00:07 . Memory (MB): peak = 3087.793 ; gain = 408.426 ; free physical = 960 ; free virtual = 38422
Synthesis current peak Physical Memory [PSS] (MB): peak = 2237.373; parent = 2068.950; children = 168.423
Synthesis current peak Virtual Memory [VSS] (MB): peak = 4032.680; parent = 3055.781; children = 976.898
---------------------------------------------------------------------------------
---------------------------------------------------------------------------------
Start Applying 'set_property' XDC Constraints
---------------------------------------------------------------------------------
---------------------------------------------------------------------------------
Finished applying 'set_property' XDC Constraints : Time (s): cpu = 00:00:07 ; elapsed = 00:00:07 . Memory (MB): peak = 3087.793 ; gain = 408.426 ; free physical = 960 ; free virtual = 38422
Synthesis current peak Physical Memory [PSS] (MB): peak = 2237.373; parent = 2068.950; children = 168.423
Synthesis current peak Virtual Memory [VSS] (MB): peak = 4032.680; parent = 3055.781; children = 976.898
---------------------------------------------------------------------------------
---------------------------------------------------------------------------------
Finished RTL Optimization Phase 2 : Time (s): cpu = 00:00:07 ; elapsed = 00:00:07 . Memory (MB): peak = 3087.793 ; gain = 408.426 ; free physical = 948 ; free virtual = 38411
Synthesis current peak Physical Memory [PSS] (MB): peak = 2237.373; parent = 2068.950; children = 168.423
Synthesis current peak Virtual Memory [VSS] (MB): peak = 4032.680; parent = 3055.781; children = 976.898
---------------------------------------------------------------------------------
---------------------------------------------------------------------------------
Start RTL Component Statistics 
---------------------------------------------------------------------------------
Detailed RTL Component Info : 
---------------------------------------------------------------------------------
Finished RTL Component Statistics 
---------------------------------------------------------------------------------
---------------------------------------------------------------------------------
Start Part Resource Summary
---------------------------------------------------------------------------------
Part Resources:
DSPs: 1248 (col length:96)
BRAMs: 288 (col length: RAMB18 96 RAMB36 48)
---------------------------------------------------------------------------------
Finished Part Resource Summary
---------------------------------------------------------------------------------
---------------------------------------------------------------------------------
Start Cross Boundary and Area Optimization
---------------------------------------------------------------------------------
WARNING: [Synth 8-7080] Parallel synthesis criteria is not met
---------------------------------------------------------------------------------
Finished Cross Boundary and Area Optimization : Time (s): cpu = 00:00:07 ; elapsed = 00:00:08 . Memory (MB): peak = 3087.793 ; gain = 408.426 ; free physical = 1208 ; free virtual = 38677
Synthesis current peak Physical Memory [PSS] (MB): peak = 2237.373; parent = 2068.950; children = 168.423
Synthesis current peak Virtual Memory [VSS] (MB): peak = 4032.680; parent = 3055.781; children = 976.898
---------------------------------------------------------------------------------
---------------------------------------------------------------------------------
Start Applying XDC Timing Constraints
---------------------------------------------------------------------------------
---------------------------------------------------------------------------------
Finished Applying XDC Timing Constraints : Time (s): cpu = 00:00:15 ; elapsed = 00:00:16 . Memory (MB): peak = 3535.371 ; gain = 856.004 ; free physical = 660 ; free virtual = 38148
Synthesis current peak Physical Memory [PSS] (MB): peak = 2787.783; parent = 2619.383; children = 168.423
Synthesis current peak Virtual Memory [VSS] (MB): peak = 4512.273; parent = 3535.375; children = 976.898
---------------------------------------------------------------------------------
---------------------------------------------------------------------------------
Start Timing Optimization
---------------------------------------------------------------------------------
---------------------------------------------------------------------------------
Finished Timing Optimization : Time (s): cpu = 00:00:15 ; elapsed = 00:00:16 . Memory (MB): peak = 3535.371 ; gain = 856.004 ; free physical = 668 ; free virtual = 38155
Synthesis current peak Physical Memory [PSS] (MB): peak = 2787.846; parent = 2619.445; children = 168.423
Synthesis current peak Virtual Memory [VSS] (MB): peak = 4512.273; parent = 3535.375; children = 976.898
---------------------------------------------------------------------------------
---------------------------------------------------------------------------------
Start Technology Mapping
---------------------------------------------------------------------------------
---------------------------------------------------------------------------------
Finished Technology Mapping : Time (s): cpu = 00:00:15 ; elapsed = 00:00:16 . Memory (MB): peak = 3554.402 ; gain = 875.035 ; free physical = 653 ; free virtual = 38140
Synthesis current peak Physical Memory [PSS] (MB): peak = 2788.420; parent = 2620.020; children = 168.423
Synthesis current peak Virtual Memory [VSS] (MB): peak = 4531.305; parent = 3554.406; children = 976.898
---------------------------------------------------------------------------------
---------------------------------------------------------------------------------
Start IO Insertion
---------------------------------------------------------------------------------
---------------------------------------------------------------------------------
Start Flattening Before IO Insertion
---------------------------------------------------------------------------------
---------------------------------------------------------------------------------
Finished Flattening Before IO Insertion
---------------------------------------------------------------------------------
---------------------------------------------------------------------------------
Start Final Netlist Cleanup
---------------------------------------------------------------------------------
---------------------------------------------------------------------------------
Finished Final Netlist Cleanup
---------------------------------------------------------------------------------
---------------------------------------------------------------------------------
Finished IO Insertion : Time (s): cpu = 00:00:17 ; elapsed = 00:00:18 . Memory (MB): peak = 3560.340 ; gain = 880.973 ; free physical = 625 ; free virtual = 38126
Synthesis current peak Physical Memory [PSS] (MB): peak = 2788.420; parent = 2620.020; children = 168.423
Synthesis current peak Virtual Memory [VSS] (MB): peak = 4537.242; parent = 3560.344; children = 976.898
---------------------------------------------------------------------------------
---------------------------------------------------------------------------------
Start Renaming Generated Instances
---------------------------------------------------------------------------------
---------------------------------------------------------------------------------
Finished Renaming Generated Instances : Time (s): cpu = 00:00:17 ; elapsed = 00:00:18 . Memory (MB): peak = 3560.340 ; gain = 880.973 ; free physical = 625 ; free virtual = 38126
Synthesis current peak Physical Memory [PSS] (MB): peak = 2788.420; parent = 2620.020; children = 168.423
Synthesis current peak Virtual Memory [VSS] (MB): peak = 4537.242; parent = 3560.344; children = 976.898
---------------------------------------------------------------------------------
---------------------------------------------------------------------------------
Start Rebuilding User Hierarchy
---------------------------------------------------------------------------------
---------------------------------------------------------------------------------
Finished Rebuilding User Hierarchy : Time (s): cpu = 00:00:17 ; elapsed = 00:00:18 . Memory (MB): peak = 3560.340 ; gain = 880.973 ; free physical = 625 ; free virtual = 38126
Synthesis current peak Physical Memory [PSS] (MB): peak = 2788.420; parent = 2620.020; children = 168.423
Synthesis current peak Virtual Memory [VSS] (MB): peak = 4537.242; parent = 3560.344; children = 976.898
---------------------------------------------------------------------------------
---------------------------------------------------------------------------------
Start Renaming Generated Ports
---------------------------------------------------------------------------------
---------------------------------------------------------------------------------
Finished Renaming Generated Ports : Time (s): cpu = 00:00:17 ; elapsed = 00:00:18 . Memory (MB): peak = 3560.340 ; gain = 880.973 ; free physical = 625 ; free virtual = 38126
Synthesis current peak Physical Memory [PSS] (MB): peak = 2788.420; parent = 2620.020; children = 168.423
Synthesis current peak Virtual Memory [VSS] (MB): peak = 4537.242; parent = 3560.344; children = 976.898
---------------------------------------------------------------------------------
---------------------------------------------------------------------------------
Start Handling Custom Attributes
---------------------------------------------------------------------------------
---------------------------------------------------------------------------------
Finished Handling Custom Attributes : Time (s): cpu = 00:00:17 ; elapsed = 00:00:18 . Memory (MB): peak = 3560.340 ; gain = 880.973 ; free physical = 625 ; free virtual = 38126
Synthesis current peak Physical Memory [PSS] (MB): peak = 2788.420; parent = 2620.020; children = 168.423
Synthesis current peak Virtual Memory [VSS] (MB): peak = 4537.242; parent = 3560.344; children = 976.898
---------------------------------------------------------------------------------
---------------------------------------------------------------------------------
Start Renaming Generated Nets
---------------------------------------------------------------------------------
---------------------------------------------------------------------------------
Finished Renaming Generated Nets : Time (s): cpu = 00:00:17 ; elapsed = 00:00:18 . Memory (MB): peak = 3560.340 ; gain = 880.973 ; free physical = 625 ; free virtual = 38126
Synthesis current peak Physical Memory [PSS] (MB): peak = 2788.420; parent = 2620.020; children = 168.423
Synthesis current peak Virtual Memory [VSS] (MB): peak = 4537.242; parent = 3560.344; children = 976.898
---------------------------------------------------------------------------------
---------------------------------------------------------------------------------
Start Writing Synthesis Report
---------------------------------------------------------------------------------

Report BlackBoxes: 
+-+--------------+----------+
| |BlackBox name |Instances |
+-+--------------+----------+
+-+--------------+----------+

Report Cell Usage: 
+------+-----+------+
|      |Cell |Count |
+------+-----+------+
|1     |LUT1 |     1|
+------+-----+------+
---------------------------------------------------------------------------------
Finished Writing Synthesis Report : Time (s): cpu = 00:00:17 ; elapsed = 00:00:18 . Memory (MB): peak = 3560.340 ; gain = 880.973 ; free physical = 625 ; free virtual = 38126
Synthesis current peak Physical Memory [PSS] (MB): peak = 2788.420; parent = 2620.020; children = 168.423
Synthesis current peak Virtual Memory [VSS] (MB): peak = 4537.242; parent = 3560.344; children = 976.898
---------------------------------------------------------------------------------
Synthesis finished with 0 errors, 0 critical warnings and 1 warnings.
Synthesis Optimization Runtime : Time (s): cpu = 00:00:16 ; elapsed = 00:00:17 . Memory (MB): peak = 3560.340 ; gain = 795.129 ; free physical = 670 ; free virtual = 38171
Synthesis Optimization Complete : Time (s): cpu = 00:00:17 ; elapsed = 00:00:18 . Memory (MB): peak = 3560.348 ; gain = 880.973 ; free physical = 670 ; free virtual = 38172
INFO: [Project 1-571] Translating synthesized netlist
Netlist sorting complete. Time (s): cpu = 00:00:00 ; elapsed = 00:00:00 . Memory (MB): peak = 3567.277 ; gain = 0.000 ; free physical = 754 ; free virtual = 38256
INFO: [Project 1-570] Preparing netlist for logic optimization
INFO: [Opt 31-138] Pushed 0 inverter(s) to 0 load pin(s).
Netlist sorting complete. Time (s): cpu = 00:00:00 ; elapsed = 00:00:00 . Memory (MB): peak = 3594.027 ; gain = 0.000 ; free physical = 698 ; free virtual = 38200
INFO: [Project 1-111] Unisim Transformation Summary:
No Unisim elements were transformed.

Synth Design complete, checksum: b517ef88
INFO: [Common 17-83] Releasing license: Synthesis
24 Infos, 2 Warnings, 0 Critical Warnings and 0 Errors encountered.
synth_design completed successfully
synth_design: Time (s): cpu = 00:00:22 ; elapsed = 00:00:23 . Memory (MB): peak = 3594.027 ; gain = 1821.754 ; free physical = 889 ; free virtual = 38391
INFO: [Common 17-1381] The checkpoint '/home/sogang/ppe_fpga_ho/ppe_dma_passthrough/ppe_dma_passthrough.runs/dma_passthrough_reset_inverter_0_0_synth_1/dma_passthrough_reset_inverter_0_0.dcp' has been generated.
INFO: [Coretcl 2-1648] Added synthesis output to IP cache for IP dma_passthrough_reset_inverter_0_0, cache-ID = ecff3e29afd53c83
INFO: [Common 17-1381] The checkpoint '/home/sogang/ppe_fpga_ho/ppe_dma_passthrough/ppe_dma_passthrough.runs/dma_passthrough_reset_inverter_0_0_synth_1/dma_passthrough_reset_inverter_0_0.dcp' has been generated.
INFO: [runtcl-4] Executing : report_utilization -file dma_passthrough_reset_inverter_0_0_utilization_synth.rpt -pb dma_passthrough_reset_inverter_0_0_utilization_synth.pb
INFO: [Common 17-206] Exiting Vivado at Fri Jul 31 10:49:07 2026...
