****************************************
Report : corner
Design : fsc_top
Version: V-2023.12-SP5
Date   : Wed Jul  1 11:50:35 2026
****************************************

--------------------------------------------------------------------------------
Corner ss0p95v125c
--------------------------------------------------------------------------------

Current: true  Default: false  Empty: false

Scenarios associated with this corner:

                                                         Leakage   Dynamic
Scenario            Mode            Active  Setup  Hold  Power     Power     Max_tran  Max_cap  Min_cap  Cell_em  Signal_em
-------------------------------------------------------------------------------------------------------------------------
ss0p95v125c.func    func            true    true   true  true      true      true      true     true     false    false
ss0p95v125c.test    test            true    true   false false     false     true      true     true     false    false


Top-Level PVT Settings:
  early process label             (none)
  early process number            0.99
  early voltage                   0.95
    source                        UPF
    file/line                     /DATA/home/edu004/LCOS_FC_LAB/lab06_upf_timing/design_data/mcmm_fsc_top.tcl, line 148
  early temperature               125.00
    source                        hierarchical opcond
    file/line                     /DATA/home/edu004/LCOS_FC_LAB/lab06_upf_timing/design_data/mcmm_fsc_top.tcl, line 148

  late process label              (none)
  late process number             0.99
  late voltage                    0.95
    source                        UPF
    file/line                     /DATA/home/edu004/LCOS_FC_LAB/lab06_upf_timing/design_data/mcmm_fsc_top.tcl, line 148
  late temperature                125.00
    source                        hierarchical opcond
    file/line                     /DATA/home/edu004/LCOS_FC_LAB/lab06_upf_timing/design_data/mcmm_fsc_top.tcl, line 148




0 objects with explicit PVT settings.


Top-level cell timing derates:
 data_cell derate early:   rise: 1.00    fall: 1.00  
 clk_cell derate early:   rise: 1.00    fall: 1.00  
 cell_check derate early:   rise: 1.00    fall: 1.00  
 data_cell derate  late:   rise: 1.00    fall: 1.00  
 clk_cell derate  late:   rise: 1.00    fall: 1.00  
 cell_check derate  late:   rise: 1.00    fall: 1.00  

Global net timing derates:
 net_data, early:   rise: 1.00    fall: 1.00  
 net_data, late:   rise: 1.00    fall: 1.00  
 net_clock, early:   rise: 1.00    fall: 1.00  
 net_clock, late:   rise: 1.00    fall: 1.00  


1
