****************************************
Report : mode
Design : fsc_top
Version: V-2023.12-SP5
Date   : Wed Jul  1 11:50:35 2026
****************************************

------------------------------------------------------------------------------------------
Mode func
--------------------------------------------------------------------------------

Current: true  Default: false  Empty: false

Scenarios associated with this mode:

                                                         Leakage   Dynamic
Scenario            Corner          Active  Setup  Hold  Power     Power     Max_tran  Max_cap  Min_cap  Cell_em  Signal_em
-------------------------------------------------------------------------------------------------------------------------
ss0p95v125c.func    ss0p95v125c     true    true   true  true      true      true      true     true     false    false


------------------------------------------------------------------------------------------
Mode test
--------------------------------------------------------------------------------

Current: false  Default: false  Empty: false

Scenarios associated with this mode:

                                                         Leakage   Dynamic
Scenario            Corner          Active  Setup  Hold  Power     Power     Max_tran  Max_cap  Min_cap  Cell_em  Signal_em
-------------------------------------------------------------------------------------------------------------------------
ss0p95v125c.test    ss0p95v125c     true    true   false false     false     true      true     true     false    false


1
