Information: Timer using 8 threads
Warning: Cannot infer functionality of libcell 'saed32pll/PLL' and will be excluded from sequential mapping. (SQM-1061)
Information: Corner ss0p95v125c: no PVT mismatches. (PVT-032)
Information: The stitching and editing of coupling caps is turned OFF for design 'fsc_top.nlib:fsc_top/icg.design'. (TIM-125)
Information: Orientation ETCH is using reference direction: VERTICAL. (NEX-032)
Information: Design Average RC for design fsc_top  (NEX-011)
Information: r = 1.790775 ohm/um, via_r = 0.506397 ohm/cut, c = 0.076143 ff/um, cc = 0.000000 ff/um (X dir) (NEX-017)
Information: r = 1.785714 ohm/um, via_r = 0.619830 ohm/cut, c = 0.087657 ff/um, cc = 0.000000 ff/um (Y dir) (NEX-017)
Information: The RC mode used is VR for design 'fsc_top'. (NEX-022)
Information: Update timing completed net estimation for all the timing graph nets (TIM-111)
Information: Net estimation statistics: timing graph nets = 104616, routed nets = 0, across physical hierarchy nets = 0, parasitics cached nets = 0, delay annotated nets = 0, parasitics annotated nets = 0, multi-voltage nets = 9527. (TIM-112)
************************************************************
Timer Settings:
Delay Calculation Style:                   auto
Signal Integrity Analysis:                 disabled
Timing Window Analysis:                    disabled
Advanced Waveform Propagation:             disabled
Variation Type:                            fixed_derate
Clock Reconvergence Pessimism Removal:     disabled
Advanced Receiver Model:                   disabled
LLE:                                       disabled
ML Acceleration:                           off
Smart Arc Optimization:                    disabled
************************************************************

****************************************
Report : clock_gating
Design : fsc_top
Version: V-2023.12-SP5
Date   : Wed Jul  1 12:00:23 2026
****************************************


                             Clock Gating Summary
          ------------------------------------------------------------------
          |  Number of Clock gating elements         |             0       |
          |                                          |                     |
          |  Number of Tool-Inserted Clock gates     |         0   (0.00%) |
          |                                          |                     |
          |  Number of Pre-Existing Clock gates      |         0   (0.00%) |
          |                                          |                     |
          |  Number of Gated registers               |         0   (0.00%) |
          |                                          |                     |
          |  Number of Tool-Inserted Gated registers |         0   (0.00%) |
          |                                          |                     |
          |  Number of Pre-Existing Gated registers  |         0   (0.00%) |
          |                                          |                     |
          |  Number of Ungated registers             |     13389 (100.00%) |
          |                                          |                     |
          |  Total number of registers               |         13389       |
          |                                          |                     |
          |  Max number of Clock Gate Levels         |             0       |
          ------------------------------------------------------------------


1
