****************************************
Report : qor
        -summary
Design : fsc_top
Version: V-2023.12-SP5
Date   : Wed Jul  1 12:01:17 2026
****************************************

Timing
---------------------------------------------------------------------------
Context                                 WNS            TNS            NVE
---------------------------------------------------------------------------
ss0p95v125c.func   (Setup)        -21347.53   -58844950.98          16632
Design             (Setup)        -21347.53   -58844950.98          16632

ss0p95v125c.func   (Hold)            -30.08         -91.29             12
Design             (Hold)            -30.08         -91.29             12
---------------------------------------------------------------------------

Miscellaneous
---------------------------------------------------------------------------
Cell Area (netlist):                         561639.29
Cell Area (netlist and physical only):       567566.44
Nets with DRC Violations:     2912
1
