****************************************
Report : qor
        -summary
Design : fsc_top
Version: V-2023.12-SP5
Date   : Wed Jul  1 12:04:11 2026
****************************************

Timing
---------------------------------------------------------------------------
Context                                 WNS            TNS            NVE
---------------------------------------------------------------------------
ss0p95v125c.func   (Setup)        -11305.12   -38300431.19          16630
Design             (Setup)        -11305.12   -38300431.19          16630

ss0p95v125c.func   (Hold)            -29.72         -81.04             12
Design             (Hold)            -29.72         -81.04             12
---------------------------------------------------------------------------

Miscellaneous
---------------------------------------------------------------------------
Cell Area (netlist):                         570513.49
Cell Area (netlist and physical only):       576440.64
Nets with DRC Violations:     2957
1
