Information: The stitching and editing of coupling caps is turned OFF for design 'fsc_top.nlib:fsc_top/icg.design'. (TIM-125)
Information: Orientation ETCH is using reference direction: VERTICAL. (NEX-032)
Information: Design Average RC for design fsc_top  (NEX-011)
Information: r = 1.785714 ohm/um, via_r = 0.500000 ohm/cut, c = 0.083469 ff/um, cc = 0.000000 ff/um (X dir) (NEX-017)
Information: r = 1.785714 ohm/um, via_r = 0.500000 ohm/cut, c = 0.099031 ff/um, cc = 0.000000 ff/um (Y dir) (NEX-017)
Information: The RC mode used is VR for design 'fsc_top'. (NEX-022)
Information: Update timing completed net estimation for all the timing graph nets (TIM-111)
Information: Net estimation statistics: timing graph nets = 66082, routed nets = 0, across physical hierarchy nets = 0, parasitics cached nets = 66080, delay annotated nets = 0, parasitics annotated nets = 0, multi-voltage nets = 0. (TIM-112)

****************************************
Report : clock_gating
Design : fsc_top
Version: V-2023.12-SP5
Date   : Wed Jul  1 12:25:45 2026
****************************************


                             Clock Gating Summary
          ------------------------------------------------------------------
          |  Number of Clock gating elements         |           513       |
          |                                          |                     |
          |  Number of Tool-Inserted Clock gates     |       510  (99.42%) |
          |                                          |                     |
          |  Number of Pre-Existing Clock gates      |         3   (0.58%) |
          |                                          |                     |
          |  Number of Gated registers               |      7799  (58.25%) |
          |                                          |                     |
          |  Number of Tool-Inserted Gated registers |      7779  (58.10%) |
          |                                          |                     |
          |  Number of Pre-Existing Gated registers  |        20   (0.15%) |
          |                                          |                     |
          |  Number of Ungated registers             |      5590  (41.75%) |
          |                                          |                     |
          |  Total number of registers               |         13389       |
          |                                          |                     |
          |  Max number of Clock Gate Levels         |             2       |
          ------------------------------------------------------------------


1
