****************************************
Report : power
        -significant_digits 2
Design : fsc_top
Version: V-2023.12-SP5
Date   : Wed Jul  1 12:25:45 2026
****************************************
Information: Activity propagation will be performed for scenario ss0p95v125c.func.
Information: Doing activity propagation for mode 'func' and corner 'ss0p95v125c' with effort level 'medium'. (POW-024)
Information: Timer-derived activity data is cached on scenario ss0p95v125c.func (POW-052)
Infomation: Fast mode activity propagation power.rtl_activity_annotation setup is ignored. Always use accurate mode.
Information: Running switching activity propagation with 16 threads!

 **** Information : No. of simulation cycles = 7 ****
Mode: func
Corner: ss0p95v125c
Scenario: ss0p95v125c.func
Voltage: 0.95
Temperature: 125.00

Voltage Unit         : 1V
Capacitance Unit     : 1fF
Time Unit            : 1ns
Temperature Unit     : 1C
Dynamic Power Unit   : 1pW
Leakage Power Unit   : 1pW

Switched supply net power scaling:
scaling for leakage power

Supply nets:
vdd (power) probability 1.00 (default)
vss (ground) probability 1.00 (default)
Warning: Fall toggles on pin u_register_map_control/choice_03_reg[8]/QN are impossible given input states; converted to rise toggles. (POW-069)
Warning: Power table extrapolation (extrapolation mode) for port QN on cell u_register_map_control/choice_03_reg[8] for parameter Cout. Lowest table value = 0.000100, highest table value = 0.008000, value = 0.000000 (POW-046)
Warning: Fall toggles on pin u_register_map_control/choice_3d_reg[10]/QN are impossible given input states; converted to rise toggles. (POW-069)
Warning: Power table extrapolation (extrapolation mode) for port QN on cell u_register_map_control/choice_3d_reg[10] for parameter Cout. Lowest table value = 0.000100, highest table value = 0.008000, value = 0.000000 (POW-046)
Warning: Power table extrapolation (extrapolation mode) for port CLK on cell u_register_map_control/mem_we3_reg for parameter Tinp. Lowest table value = 0.016000, highest table value = 1.024000, value = 0.000000 (POW-046)
Warning: Power table extrapolation (extrapolation mode) for port D on cell u_flash_control/outreg1_reg[9] for parameter Tinp. Lowest table value = inf, highest table value = inf, value = 0.039902 (POW-046)
Warning: Fall toggles on pin u_register_map_control/mem_we3_reg/QN are impossible given input states; converted to rise toggles. (POW-069)
Warning: Power table extrapolation (extrapolation mode) for port QN on cell u_register_map_control/mem_we3_reg for parameter Tinp. Lowest table value = 0.016000, highest table value = 1.024000, value = 0.000000 (POW-046)
Warning: Power table extrapolation (extrapolation mode) for port CLK on cell u_flash_control/outreg1_reg[9] for parameter Tinp. Lowest table value = 0.016000, highest table value = 1.024000, value = 0.000000 (POW-046)
Warning: Power table extrapolation (extrapolation mode) for port QN on cell u_register_map_control/mem_we3_reg for parameter Cout. Lowest table value = 0.000100, highest table value = 0.008000, value = 0.000000 (POW-046)
Warning: Power table extrapolation (extrapolation mode) for port Q on cell u_flash_control/outreg1_reg[9] for parameter Tinp. Lowest table value = 0.016000, highest table value = 1.024000, value = 0.000000 (POW-046)
Warning: Power table extrapolation (extrapolation mode) for port QN on cell u_flash_control/outreg1_reg[9] for parameter Tinp. Lowest table value = 0.016000, highest table value = 1.024000, value = 0.000000 (POW-046)
Warning: Power table extrapolation (extrapolation mode) for port QN on cell u_flash_control/outreg1_reg[9] for parameter Cout. Lowest table value = 0.000100, highest table value = 0.008000, value = 0.000000 (POW-046)
Note - message 'POW-046' limit (10) exceeded. Remainder will be suppressed.
Warning: Fall toggles on pin u_register_map_control/choice_3d_reg[9]/QN are impossible given input states; converted to rise toggles. (POW-069)
Warning: Fall toggles on pin u_register_map_control/choice_3d_reg[8]/QN are impossible given input states; converted to rise toggles. (POW-069)
Warning: Fall toggles on pin u_register_map_control/choice_3d_reg[7]/QN are impossible given input states; converted to rise toggles. (POW-069)
Warning: Fall toggles on pin u_register_map_control/choice_3d_reg[6]/QN are impossible given input states; converted to rise toggles. (POW-069)
Warning: Fall toggles on pin u_register_map_control/choice_3d_reg[5]/QN are impossible given input states; converted to rise toggles. (POW-069)
Warning: Fall toggles on pin u_register_map_control/choice_3d_reg[4]/QN are impossible given input states; converted to rise toggles. (POW-069)
Warning: Fall toggles on pin u_register_map_control/choice_3d_reg[3]/QN are impossible given input states; converted to rise toggles. (POW-069)
Note - message 'POW-069' limit (10) exceeded. Remainder will be suppressed.

  Cell Internal Power    = 1.73e+09 pW (  1.3%)
  Net Switching Power    = 1.28e+11 pW ( 98.7%)
Total Dynamic Power      = 1.30e+11 pW (100.0%)

Cell Leakage Power       = 6.81e+10 pW


  Attributes
  ----------
      u  -  User defined power group
      i  -  Includes clock pin internal power

Power Group         Internal Power        Switching Power          Leakage Power            Total Power    (   %  )    Attrs
-----------------------------------------------------------------------------------------------------------------------------
io_pad                    0.00e+00               0.00e+00               0.00e+00               0.00e+00    (  0.0%)         
memory                   -1.05e+09               5.57e+07               0.00e+00              -9.94e+08    ( -0.5%)         
black_box                 0.00e+00               0.00e+00               0.00e+00               0.00e+00    (  0.0%)         
clock_network             2.44e+09               1.28e+11               5.06e+09               1.35e+11    ( 68.2%)        i
register                 -2.05e+07               6.20e+07               1.55e+10               1.55e+10    (  7.8%)         
sequential                0.00e+00               0.00e+00               0.00e+00               0.00e+00    (  0.0%)         
combinational             3.69e+08               4.67e+08               4.76e+10               4.84e+10    ( 24.4%)         
-----------------------------------------------------------------------------------------------------------------------------
Total                     1.73e+09 pW            1.28e+11 pW            6.81e+10 pW            1.98e+11 pW
1
