****************************************
Report : qor
        -summary
Design : fsc_top
Version: V-2023.12-SP5
Date   : Wed Jul  1 12:25:45 2026
****************************************

Timing
---------------------------------------------------------------------------
Context                                 WNS            TNS            NVE
---------------------------------------------------------------------------
ss0p95v125c.func   (Setup)         -1990.42   -13510465.07          16604
Design             (Setup)         -1990.42   -13510465.07          16604

ss0p95v125c.func   (Hold)            -29.68         -74.27             11
Design             (Hold)            -29.68         -74.27             11
---------------------------------------------------------------------------

Miscellaneous
---------------------------------------------------------------------------
Cell Area (netlist):                         638453.81
Cell Area (netlist and physical only):       644380.95
Nets with DRC Violations:      746
1
